Component: ARM Compiler 5.06 update 6 (build 750) Tool: armlink [4d35ed]

==============================================================================

Section Cross References

    startup_stm32f756xx.o(STACK) refers (Special) to heapauxi.o(.text) for __use_two_region_memory
    startup_stm32f756xx.o(HEAP) refers (Special) to heapauxi.o(.text) for __use_two_region_memory
    startup_stm32f756xx.o(RESET) refers (Special) to heapauxi.o(.text) for __use_two_region_memory
    startup_stm32f756xx.o(RESET) refers to startup_stm32f756xx.o(STACK) for __initial_sp
    startup_stm32f756xx.o(RESET) refers to startup_stm32f756xx.o(.text) for Reset_Handler
    startup_stm32f756xx.o(RESET) refers to stm32f7xx_it.o(i.NMI_Handler) for NMI_Handler
    startup_stm32f756xx.o(RESET) refers to stm32f7xx_it.o(i.HardFault_Handler) for HardFault_Handler
    startup_stm32f756xx.o(RESET) refers to stm32f7xx_it.o(i.MemManage_Handler) for MemManage_Handler
    startup_stm32f756xx.o(RESET) refers to stm32f7xx_it.o(i.BusFault_Handler) for BusFault_Handler
    startup_stm32f756xx.o(RESET) refers to stm32f7xx_it.o(i.UsageFault_Handler) for UsageFault_Handler
    startup_stm32f756xx.o(RESET) refers to stm32f7xx_it.o(i.SVC_Handler) for SVC_Handler
    startup_stm32f756xx.o(RESET) refers to stm32f7xx_it.o(i.DebugMon_Handler) for DebugMon_Handler
    startup_stm32f756xx.o(RESET) refers to stm32f7xx_it.o(i.PendSV_Handler) for PendSV_Handler
    startup_stm32f756xx.o(RESET) refers to stm32f7xx_it.o(i.SysTick_Handler) for SysTick_Handler
    startup_stm32f756xx.o(RESET) refers to stm32f7xx_it.o(i.RCC_IRQHandler) for RCC_IRQHandler
    startup_stm32f756xx.o(.text) refers (Special) to heapauxi.o(.text) for __use_two_region_memory
    startup_stm32f756xx.o(.text) refers to system_stm32f7xx.o(i.SystemInit) for SystemInit
    startup_stm32f756xx.o(.text) refers to __main.o(!!!main) for __main
    startup_stm32f756xx.o(.text) refers to startup_stm32f756xx.o(HEAP) for Heap_Mem
    startup_stm32f756xx.o(.text) refers to startup_stm32f756xx.o(STACK) for Stack_Mem
    main.o(i.SystemClock_Config) refers to rt_memclr_w.o(.text) for __aeabi_memclr4
    main.o(i.SystemClock_Config) refers to stm32f7xx_hal_rcc.o(i.HAL_RCC_OscConfig) for HAL_RCC_OscConfig
    main.o(i.SystemClock_Config) refers to stm32f7xx_hal_pwr_ex.o(i.HAL_PWREx_EnableOverDrive) for HAL_PWREx_EnableOverDrive
    main.o(i.SystemClock_Config) refers to stm32f7xx_hal_rcc.o(i.HAL_RCC_ClockConfig) for HAL_RCC_ClockConfig
    main.o(i.main) refers to stm32f7xx_hal.o(i.HAL_Init) for HAL_Init
    main.o(i.main) refers to main.o(i.SystemClock_Config) for SystemClock_Config
    main.o(i.main) refers to gpio.o(i.MX_GPIO_Init) for MX_GPIO_Init
    main.o(i.main) refers to usart.o(i.MX_USART2_UART_Init) for MX_USART2_UART_Init
    main.o(i.main) refers to usart.o(i.MX_USART6_UART_Init) for MX_USART6_UART_Init
    main.o(i.main) refers to crc.o(i.MX_CRC_Init) for MX_CRC_Init
    main.o(i.main) refers to bootloader.o(i.Bl_Print_Msg) for Bl_Print_Msg
    main.o(i.main) refers to bootloader.o(i.Bl_Uart_Fetch_Host_Cmd) for Bl_Uart_Fetch_Host_Cmd
    gpio.o(i.MX_GPIO_Init) refers to rt_memclr_w.o(.text) for __aeabi_memclr4
    gpio.o(i.MX_GPIO_Init) refers to stm32f7xx_hal_gpio.o(i.HAL_GPIO_WritePin) for HAL_GPIO_WritePin
    gpio.o(i.MX_GPIO_Init) refers to stm32f7xx_hal_gpio.o(i.HAL_GPIO_Init) for HAL_GPIO_Init
    crc.o(i.MX_CRC_Init) refers to stm32f7xx_hal_crc.o(i.HAL_CRC_Init) for HAL_CRC_Init
    crc.o(i.MX_CRC_Init) refers to main.o(i.Error_Handler) for Error_Handler
    crc.o(i.MX_CRC_Init) refers to crc.o(.bss) for .bss
    usart.o(i.HAL_UART_MspDeInit) refers to stm32f7xx_hal_gpio.o(i.HAL_GPIO_DeInit) for HAL_GPIO_DeInit
    usart.o(i.HAL_UART_MspInit) refers to rt_memclr_w.o(.text) for __aeabi_memclr4
    usart.o(i.HAL_UART_MspInit) refers to stm32f7xx_hal_rcc_ex.o(i.HAL_RCCEx_PeriphCLKConfig) for HAL_RCCEx_PeriphCLKConfig
    usart.o(i.HAL_UART_MspInit) refers to main.o(i.Error_Handler) for Error_Handler
    usart.o(i.HAL_UART_MspInit) refers to stm32f7xx_hal_gpio.o(i.HAL_GPIO_Init) for HAL_GPIO_Init
    usart.o(i.MX_USART2_UART_Init) refers to stm32f7xx_hal_uart.o(i.HAL_UART_Init) for HAL_UART_Init
    usart.o(i.MX_USART2_UART_Init) refers to main.o(i.Error_Handler) for Error_Handler
    usart.o(i.MX_USART2_UART_Init) refers to usart.o(.bss) for .bss
    usart.o(i.MX_USART6_UART_Init) refers to stm32f7xx_hal_uart.o(i.HAL_UART_Init) for HAL_UART_Init
    usart.o(i.MX_USART6_UART_Init) refers to main.o(i.Error_Handler) for Error_Handler
    usart.o(i.MX_USART6_UART_Init) refers to usart.o(.bss) for .bss
    stm32f7xx_it.o(i.SysTick_Handler) refers to stm32f7xx_hal.o(i.HAL_IncTick) for HAL_IncTick
    stm32f7xx_hal_msp.o(i.HAL_MspInit) refers to stm32f7xx_hal_cortex.o(i.HAL_NVIC_SetPriority) for HAL_NVIC_SetPriority
    stm32f7xx_hal_msp.o(i.HAL_MspInit) refers to stm32f7xx_hal_cortex.o(i.HAL_NVIC_EnableIRQ) for HAL_NVIC_EnableIRQ
[...]
    i.HAL_IncTick                            0x080035f4   Section        0  stm32f7xx_hal.o(i.HAL_IncTick)
    i.HAL_Init                               0x08003604   Section        0  stm32f7xx_hal.o(i.HAL_Init)
    i.HAL_InitTick                           0x0800361c   Section        0  stm32f7xx_hal.o(i.HAL_InitTick)
    i.HAL_MspInit                            0x0800365c   Section        0  stm32f7xx_hal_msp.o(i.HAL_MspInit)
    i.HAL_NVIC_EnableIRQ                     0x0800369c   Section        0  stm32f7xx_hal_cortex.o(i.HAL_NVIC_EnableIRQ)
    i.HAL_NVIC_SetPriority                   0x080036b8   Section        0  stm32f7xx_hal_cortex.o(i.HAL_NVIC_SetPriority)
    i.HAL_NVIC_SetPriorityGrouping           0x080036f8   Section        0  stm32f7xx_hal_cortex.o(i.HAL_NVIC_SetPriorityGrouping)
    i.HAL_PWREx_EnableOverDrive              0x0800371c   Section        0  stm32f7xx_hal_pwr_ex.o(i.HAL_PWREx_EnableOverDrive)
    i.HAL_RCCEx_PeriphCLKConfig              0x08003788   Section        0  stm32f7xx_hal_rcc_ex.o(i.HAL_RCCEx_PeriphCLKConfig)
    i.HAL_RCC_ClockConfig                    0x08003c84   Section        0  stm32f7xx_hal_rcc.o(i.HAL_RCC_ClockConfig)
    i.HAL_RCC_GetPCLK1Freq                   0x08003db4   Section        0  stm32f7xx_hal_rcc.o(i.HAL_RCC_GetPCLK1Freq)
    i.HAL_RCC_GetPCLK2Freq                   0x08003dd4   Section        0  stm32f7xx_hal_rcc.o(i.HAL_RCC_GetPCLK2Freq)
    i.HAL_RCC_GetSysClockFreq                0x08003df4   Section        0  stm32f7xx_hal_rcc.o(i.HAL_RCC_GetSysClockFreq)
    i.HAL_RCC_OscConfig                      0x08003e54   Section        0  stm32f7xx_hal_rcc.o(i.HAL_RCC_OscConfig)
    i.HAL_SYSTICK_Config                     0x080041d8   Section        0  stm32f7xx_hal_cortex.o(i.HAL_SYSTICK_Config)
    i.HAL_UART_Init                          0x080041fe   Section        0  stm32f7xx_hal_uart.o(i.HAL_UART_Init)
    i.HAL_UART_MspInit                       0x08004264   Section        0  usart.o(i.HAL_UART_MspInit)
    i.HAL_UART_Receive                       0x0800436c   Section        0  stm32f7xx_hal_uart.o(i.HAL_UART_Receive)
    i.HAL_UART_Transmit                      0x0800444e   Section        0  stm32f7xx_hal_uart.o(i.HAL_UART_Transmit)
    i.HardFault_Handler                      0x080044f0   Section        0  stm32f7xx_it.o(i.HardFault_Handler)
    i.Host_uint8AddressVerification          0x080044f4   Section        0  bootloader.o(i.Host_uint8AddressVerification)
    Host_uint8AddressVerification            0x080044f5   Thumb Code    40  bootloader.o(i.Host_uint8AddressVerification)
    i.MX_CRC_Init                            0x08004528   Section        0  crc.o(i.MX_CRC_Init)
    i.MX_GPIO_Init                           0x08004558   Section        0  gpio.o(i.MX_GPIO_Init)
    i.MX_USART2_UART_Init                    0x080046ec   Section        0  usart.o(i.MX_USART2_UART_Init)
    i.MX_USART6_UART_Init                    0x08004728   Section        0  usart.o(i.MX_USART6_UART_Init)
    i.MemManage_Handler                      0x08004764   Section        0  stm32f7xx_it.o(i.MemManage_Handler)
    i.NMI_Handler                            0x08004766   Section        0  stm32f7xx_it.o(i.NMI_Handler)
    i.PendSV_Handler                         0x08004768   Section        0  stm32f7xx_it.o(i.PendSV_Handler)
    i.Perform_uint8FlashErase                0x0800476c   Section        0  bootloader.o(i.Perform_uint8FlashErase)
    Perform_uint8FlashErase                  0x0800476d   Thumb Code   100  bootloader.o(i.Perform_uint8FlashErase)
    i.RCC_IRQHandler                         0x08004814   Section        0  stm32f7xx_it.o(i.RCC_IRQHandler)
    i.STM32F756_Change_ROP_LV                0x08004818   Section        0  bootloader.o(i.STM32F756_Change_ROP_LV)
    STM32F756_Change_ROP_LV                  0x08004819   Thumb Code    88  bootloader.o(i.STM32F756_Change_ROP_LV)
    i.STM32F756_Disable_WRP_Activation       0x08004920   Section        0  bootloader.o(i.STM32F756_Disable_WRP_Activation)
    STM32F756_Disable_WRP_Activation         0x08004921   Thumb Code    94  bootloader.o(i.STM32F756_Disable_WRP_Activation)
    i.STM32F756_Enable_WRP_Activation        0x08004a30   Section        0  bootloader.o(i.STM32F756_Enable_WRP_Activation)
    STM32F756_Enable_WRP_Activation          0x08004a31   Thumb Code   128  bootloader.o(i.STM32F756_Enable_WRP_Activation)
    i.STM32F756_Get_RDP_LEVEL                0x08004b88   Section        0  bootloader.o(i.STM32F756_Get_RDP_LEVEL)
    STM32F756_Get_RDP_LEVEL                  0x08004b89   Thumb Code    18  bootloader.o(i.STM32F756_Get_RDP_LEVEL)
    i.SVC_Handler                            0x08004b9a   Section        0  stm32f7xx_it.o(i.SVC_Handler)
    i.SysTick_Handler                        0x08004b9c   Section        0  stm32f7xx_it.o(i.SysTick_Handler)
    i.SystemClock_Config                     0x08004ba0   Section        0  main.o(i.SystemClock_Config)
    i.SystemInit                             0x08004c40   Section        0  system_stm32f7xx.o(i.SystemInit)
    i.UART_AdvFeatureConfig                  0x08004c50   Section        0  stm32f7xx_hal_uart.o(i.UART_AdvFeatureConfig)
    i.UART_CheckIdleState                    0x08004d18   Section        0  stm32f7xx_hal_uart.o(i.UART_CheckIdleState)
    i.UART_SetConfig                         0x08004d5c   Section        0  stm32f7xx_hal_uart.o(i.UART_SetConfig)
    i.UART_WaitOnFlagUntilTimeout            0x08004f8c   Section        0  stm32f7xx_hal_uart.o(i.UART_WaitOnFlagUntilTimeout)
    i.UsageFault_Handler                     0x08005056   Section        0  stm32f7xx_it.o(i.UsageFault_Handler)
    i.__ARM_fpclassify                       0x08005058   Section        0  fpclassify.o(i.__ARM_fpclassify)
    i.__NVIC_SetPriority                     0x08005088   Section        0  stm32f7xx_hal_cortex.o(i.__NVIC_SetPriority)
    __NVIC_SetPriority                       0x08005089   Thumb Code    34  stm32f7xx_hal_cortex.o(i.__NVIC_SetPriority)
    i._is_digit                              0x080050aa   Section        0  __printf_wp.o(i._is_digit)
    i.main                                   0x080050b8   Section        0  main.o(i.main)
    locale$$code                             0x080050f8   Section       44  lc_numeric_c.o(locale$$code)
    locale$$code                             0x08005124   Section       44  lc_ctype_c.o(locale$$code)
    x$fpl$fpinit                             0x08005150   Section       10  fpinit.o(x$fpl$fpinit)
    $v0                                      0x08005150   Number         0  fpinit.o(x$fpl$fpinit)
    x$fpl$printf1                            0x0800515a   Section        4  printf1.o(x$fpl$printf1)
    $v0                                      0x0800515a   Number         0  printf1.o(x$fpl$printf1)
    x$fpl$printf2                            0x0800515e   Section        4  printf2.o(x$fpl$printf2)
    $v0                                      0x0800515e   Number         0  printf2.o(x$fpl$printf2)
    .constdata                               0x08005162   Section       16  system_stm32f7xx.o(.constdata)
    x$fpl$usenofp                            0x08005162   Section        0  usenofp.o(x$fpl$usenofp)
    .constdata                               0x08005172   Section        8  system_stm32f7xx.o(.constdata)
    .constdata                               0x0800517c   Section        8  _printf_wctomb.o(.constdata)
    initial_mbstate                          0x0800517c   Data           8  _printf_wctomb.o(.constdata)
    .constdata                               0x08005184   Section       40  _printf_hex_int_ll_ptr.o(.constdata)
    uc_hextab                                0x08005184   Data          20  _printf_hex_int_ll_ptr.o(.constdata)
    lc_hextab                                0x08005198   Data          20  _printf_hex_int_ll_ptr.o(.constdata)
    .constdata                               0x080051ac   Section       17  __printf_flags_ss_wp.o(.constdata)
    maptable                                 0x080051ac   Data          17  __printf_flags_ss_wp.o(.constdata)
    .constdata                               0x080051bd   Section       38  _printf_fp_hex.o(.constdata)
    lc_hextab                                0x080051bd   Data          19  _printf_fp_hex.o(.constdata)
    uc_hextab                                0x080051d0   Data          19  _printf_fp_hex.o(.constdata)
    .constdata                               0x080051e4   Section      148  bigflt0.o(.constdata)
    tenpwrs_x                                0x080051e4   Data          60  bigflt0.o(.constdata)
    tenpwrs_i                                0x08005220   Data          64  bigflt0.o(.constdata)
    locale$$data                             0x08005298   Section       28  lc_numeric_c.o(locale$$data)
    __lcnum_c_name                           0x0800529c   Data           2  lc_numeric_c.o(locale$$data)
    __lcnum_c_start                          0x080052a4   Data           0  lc_numeric_c.o(locale$$data)
    __lcnum_c_point                          0x080052b0   Data           0  lc_numeric_c.o(locale$$data)
    __lcnum_c_thousands                      0x080052b2   Data           0  lc_numeric_c.o(locale$$data)
    __lcnum_c_grouping                       0x080052b3   Data           0  lc_numeric_c.o(locale$$data)
    locale$$data                             0x080052b4   Section      272  lc_ctype_c.o(locale$$data)
    __lcnum_c_end                            0x080052b4   Data           0  lc_numeric_c.o(locale$$data)
    __lcctype_c_name                         0x080052b8   Data           2  lc_ctype_c.o(locale$$data)
    __lcctype_c_start                        0x080052c0   Data           0  lc_ctype_c.o(locale$$data)
    __lcctype_c_end                          0x080053c4   Data           0  lc_ctype_c.o(locale$$data)
    .data                                    0x20000000   Section       12  stm32f7xx_hal.o(.data)
    .data                                    0x2000000c   Section        4  system_stm32f7xx.o(.data)
    .data                                    0x20000010   Section       15  bootloader.o(.data)
    Bl_Supported_Commands                    0x20000010   Data          15  bootloader.o(.data)
    .bss                                     0x20000020   Section       36  crc.o(.bss)
    .bss                                     0x20000044   Section      272  usart.o(.bss)
    .bss                                     0x20000154   Section       28  stm32f7xx_hal_flash.o(.bss)
    .bss                                     0x20000170   Section      200  bootloader.o(.bss)
    BL_Host_Buf                              0x20000170   Data         200  bootloader.o(.bss)
    .bss                                     0x20000238   Section       96  libspace.o(.bss)
    HEAP                                     0x20000298   Section      512  startup_stm32f756xx.o(HEAP)
    Heap_Mem                                 0x20000298   Data         512  startup_stm32f756xx.o(HEAP)
    STACK                                    0x20000498   Section     1024  startup_stm32f756xx.o(STACK)
    Stack_Mem                                0x20000498   Data        1024  startup_stm32f756xx.o(STACK)
    __initial_sp                             0x20000898   Data           0  startup_stm32f756xx.o(STACK)

    Global Symbols

    Symbol Name                              Value     Ov Type        Size  Object(Section)

    BuildAttributes$$THM_ISAv4$E$P$D$K$B$S$7EM$VFPi5$EXTD16$VFPS$VFMA$PE$PLD8$A:L22UL41UL21$X:L11$S22US41US21$IEEE1$IW$USESV6$~STKCKD$USESV7$~SHL$OTIME$ROPI$IEEEJ$EBA8$UX$STANDARDLIB$REQ8$PRES8$EABIv2 0x00000000   Number         0  anon$$obj.o ABSOLUTE
    __ARM_use_no_argv                        0x00000000   Number         0  main.o ABSOLUTE
    _printf_flags                            0x00000000   Number         0  printf_stubs.o ABSOLUTE
    _printf_return_value                     0x00000000   Number         0  printf_stubs.o ABSOLUTE
    _printf_sizespec                         0x00000000   Number         0  printf_stubs.o ABSOLUTE
    _printf_widthprec                        0x00000000   Number         0  printf_stubs.o ABSOLUTE
    __ARM_exceptions_init                     - Undefined Weak Reference
    __alloca_initialize                       - Undefined Weak Reference
    __arm_preinit_                            - Undefined Weak Reference
    __cpp_initialize__aeabi_                  - Undefined Weak Reference
    __cxa_finalize                            - Undefined Weak Reference
    __sigvec_lookup                           - Undefined Weak Reference
    __user_heap_extent                        - Undefined Weak Reference
    _atexit_init                              - Undefined Weak Reference
    _call_atexit_fns                          - Undefined Weak Reference
    _clock_init                               - Undefined Weak Reference
    _fp_trap_init                             - Undefined Weak Reference
    _fp_trap_shutdown                         - Undefined Weak Reference
    _get_lc_collate                           - Undefined Weak Reference
    _get_lc_monetary                          - Undefined Weak Reference
    _get_lc_time                              - Undefined Weak Reference
    _getenv_init                              - Undefined Weak Reference
    _handle_redirection                       - Undefined Weak Reference
    _initio                                   - Undefined Weak Reference
    _mutex_acquire                            - Undefined Weak Reference
    _mutex_free                               - Undefined Weak Reference
    _mutex_release                            - Undefined Weak Reference
    _printf_mbtowc                            - Undefined Weak Reference
    _printf_wc                                - Undefined Weak Reference
    _rand_init                                - Undefined Weak Reference
    _signal_finish                            - Undefined Weak Reference
    _signal_init                              - Undefined Weak Reference
    _terminateio                              - Undefined Weak Reference
    __Vectors_Size                           0x000001c8   Number         0  startup_stm32f756xx.o ABSOLUTE
    __Vectors                                0x08000000   Data           4  startup_stm32f756xx.o(RESET)
    __Vectors_End                            0x080001c8   Data           0  startup_stm32f756xx.o(RESET)
    __main                                   0x080001c9   Thumb Code     8  __main.o(!!!main)
    __scatterload                            0x080001d1   Thumb Code     0  __scatter.o(!!!scatter)
    __scatterload_rt2                        0x080001d1   Thumb Code    44  __scatter.o(!!!scatter)
    __scatterload_rt2_thumb_only             0x080001d1   Thumb Code     0  __scatter.o(!!!scatter)
    __scatterload_null                       0x080001df   Thumb Code     0  __scatter.o(!!!scatter)
    __scatterload_copy                       0x08000205   Thumb Code    26  __scatter_copy.o(!!handler_copy)
    __scatterload_zeroinit                   0x08000221   Thumb Code    28  __scatter_zi.o(!!handler_zi)
    _printf_n                                0x0800023d   Thumb Code     0  _printf_n.o(.ARM.Collect$$_printf_percent$$00000001)
    _printf_percent                          0x0800023d   Thumb Code     0  _printf_percent.o(.ARM.Collect$$_printf_percent$$00000000)
    _printf_p                                0x08000243   Thumb Code     0  _printf_p.o(.ARM.Collect$$_printf_percent$$00000002)
    _printf_f                                0x08000249   Thumb Code     0  _printf_f.o(.ARM.Collect$$_printf_percent$$00000003)
    _printf_e                                0x0800024f   Thumb Code     0  _printf_e.o(.ARM.Collect$$_printf_percent$$00000004)
    _printf_g                                0x08000255   Thumb Code     0  _printf_g.o(.ARM.Collect$$_printf_percent$$00000005)
    _printf_a                                0x0800025b   Thumb Code     0  _printf_a.o(.ARM.Collect$$_printf_percent$$00000006)
    _printf_ll                               0x08000261   Thumb Code     0  _printf_ll.o(.ARM.Collect$$_printf_percent$$00000007)
    _printf_i                                0x0800026b   Thumb Code     0  _printf_i.o(.ARM.Collect$$_printf_percent$$00000008)
    _printf_d                                0x08000271   Thumb Code     0  _printf_d.o(.ARM.Collect$$_printf_percent$$00000009)
    _printf_u                                0x08000277   Thumb Code     0  _printf_u.o(.ARM.Collect$$_printf_percent$$0000000A)
    _printf_o                                0x0800027d   Thumb Code     0  _printf_o.o(.ARM.Collect$$_printf_percent$$0000000B)
    _printf_x                                0x08000283   Thumb Code     0  _printf_x.o(.ARM.Collect$$_printf_percent$$0000000C)
    _printf_lli                              0x08000289   Thumb Code     0  _printf_lli.o(.ARM.Collect$$_printf_percent$$0000000D)
    _printf_lld                              0x0800028f   Thumb Code     0  _printf_lld.o(.ARM.Collect$$_printf_percent$$0000000E)
    _printf_llu                              0x08000295   Thumb Code     0  _printf_llu.o(.ARM.Collect$$_printf_percent$$0000000F)
    _printf_llo                              0x0800029b   Thumb Code     0  _printf_llo.o(.ARM.Collect$$_printf_percent$$00000010)
    _printf_llx                              0x080002a1   Thumb Code     0  _printf_llx.o(.ARM.Collect$$_printf_percent$$00000011)
    _printf_l                                0x080002a7   Thumb Code     0  _printf_l.o(.ARM.Collect$$_printf_percent$$00000012)
    _printf_c                                0x080002b1   Thumb Code     0  _printf_c.o(.ARM.Collect$$_printf_percent$$00000013)
    _printf_s                                0x080002b7   Thumb Code     0  _printf_s.o(.ARM.Collect$$_printf_percent$$00000014)
    _printf_lc                               0x080002bd   Thumb Code     0  _printf_lc.o(.ARM.Collect$$_printf_percent$$00000015)
    _printf_ls                               0x080002c3   Thumb Code     0  _printf_ls.o(.ARM.Collect$$_printf_percent$$00000016)
    _printf_percent_end                      0x080002c9   Thumb Code     0  _printf_percent_end.o(.ARM.Collect$$_printf_percent$$00000017)
    __rt_lib_init                            0x080002cd   Thumb Code     0  libinit.o(.ARM.Collect$$libinit$$00000000)
    __rt_lib_init_fp_1                       0x080002cf   Thumb Code     0  libinit2.o(.ARM.Collect$$libinit$$00000001)
    __rt_lib_init_heap_2                     0x080002d3   Thumb Code     0  libinit2.o(.ARM.Collect$$libinit$$00000005)
    __rt_lib_init_preinit_1                  0x080002d3   Thumb Code     0  libinit2.o(.ARM.Collect$$libinit$$00000004)
    __rt_lib_init_heap_1                     0x080002db   Thumb Code     0  libinit2.o(.ARM.Collect$$libinit$$0000000A)
    __rt_lib_init_lc_common                  0x080002db   Thumb Code     0  libinit2.o(.ARM.Collect$$libinit$$0000000F)
    __rt_lib_init_rand_1                     0x080002db   Thumb Code     0  libinit2.o(.ARM.Collect$$libinit$$0000000E)
    __rt_lib_init_user_alloc_1               0x080002db   Thumb Code     0  libinit2.o(.ARM.Collect$$libinit$$0000000C)
    __rt_lib_init_lc_collate_1               0x080002e1   Thumb Code     0  libinit2.o(.ARM.Collect$$libinit$$00000011)
    __rt_lib_init_lc_ctype_2                 0x080002e1   Thumb Code     0  libinit2.o(.ARM.Collect$$libinit$$00000012)
    __rt_lib_init_lc_ctype_1                 0x080002ed   Thumb Code     0  libinit2.o(.ARM.Collect$$libinit$$00000013)
    __rt_lib_init_lc_monetary_1              0x080002ed   Thumb Code     0  libinit2.o(.ARM.Collect$$libinit$$00000015)
    __rt_lib_init_lc_numeric_2               0x080002ed   Thumb Code     0  libinit2.o(.ARM.Collect$$libinit$$00000016)
    __rt_lib_init_alloca_1                   0x080002f7   Thumb Code     0  libinit2.o(.ARM.Collect$$libinit$$0000002E)
    __rt_lib_init_argv_1                     0x080002f7   Thumb Code     0  libinit2.o(.ARM.Collect$$libinit$$0000002C)
    __rt_lib_init_atexit_1                   0x080002f7   Thumb Code     0  libinit2.o(.ARM.Collect$$libinit$$0000001B)
    __rt_lib_init_clock_1                    0x080002f7   Thumb Code     0  libinit2.o(.ARM.Collect$$libinit$$00000021)
    __rt_lib_init_cpp_1                      0x080002f7   Thumb Code     0  libinit2.o(.ARM.Collect$$libinit$$00000032)
    __rt_lib_init_exceptions_1               0x080002f7   Thumb Code     0  libinit2.o(.ARM.Collect$$libinit$$00000030)
    __rt_lib_init_fp_trap_1                  0x080002f7   Thumb Code     0  libinit2.o(.ARM.Collect$$libinit$$0000001F)
    __rt_lib_init_getenv_1                   0x080002f7   Thumb Code     0  libinit2.o(.ARM.Collect$$libinit$$00000023)
    __rt_lib_init_lc_numeric_1               0x080002f7   Thumb Code     0  libinit2.o(.ARM.Collect$$libinit$$00000017)
    __rt_lib_init_lc_time_1                  0x080002f7   Thumb Code     0  libinit2.o(.ARM.Collect$$libinit$$00000019)
    __rt_lib_init_return                     0x080002f7   Thumb Code     0  libinit2.o(.ARM.Collect$$libinit$$00000033)
    __rt_lib_init_signal_1                   0x080002f7   Thumb Code     0  libinit2.o(.ARM.Collect$$libinit$$0000001D)
    __rt_lib_init_stdio_1                    0x080002f7   Thumb Code     0  libinit2.o(.ARM.Collect$$libinit$$00000025)
    __rt_lib_shutdown                        0x080002f9   Thumb Code     0  libshutdown.o(.ARM.Collect$$libshutdown$$00000000)
    __rt_lib_shutdown_cpp_1                  0x080002fb   Thumb Code     0  libshutdown2.o(.ARM.Collect$$libshutdown$$00000002)
    __rt_lib_shutdown_fp_trap_1              0x080002fb   Thumb Code     0  libshutdown2.o(.ARM.Collect$$libshutdown$$00000007)
    __rt_lib_shutdown_heap_1                 0x080002fb   Thumb Code     0  libshutdown2.o(.ARM.Collect$$libshutdown$$0000000F)
    __rt_lib_shutdown_return                 0x080002fb   Thumb Code     0  libshutdown2.o(.ARM.Collect$$libshutdown$$00000010)
    __rt_lib_shutdown_signal_1               0x080002fb   Thumb Code     0  libshutdown2.o(.ARM.Collect$$libshutdown$$0000000A)
    __rt_lib_shutdown_stdio_1                0x080002fb   Thumb Code     0  libshutdown2.o(.ARM.Collect$$libshutdown$$00000004)
    __rt_lib_shutdown_user_alloc_1           0x080002fb   Thumb Code     0  libshutdown2.o(.ARM.Collect$$libshutdown$$0000000C)
    __rt_entry                               0x080002fd   Thumb Code     0  __rtentry.o(.ARM.Collect$$rtentry$$00000000)
    __rt_entry_presh_1                       0x080002fd   Thumb Code     0  __rtentry2.o(.ARM.Collect$$rtentry$$00000002)
    __rt_entry_sh                            0x080002fd   Thumb Code     0  __rtentry4.o(.ARM.Collect$$rtentry$$00000004)
    __rt_entry_li                            0x08000303   Thumb Code     0  __rtentry2.o(.ARM.Collect$$rtentry$$0000000A)
    __rt_entry_postsh_1                      0x08000303   Thumb Code     0  __rtentry2.o(.ARM.Collect$$rtentry$$00000009)
    __rt_entry_main                          0x08000307   Thumb Code     0  __rtentry2.o(.ARM.Collect$$rtentry$$0000000D)
    __rt_entry_postli_1                      0x08000307   Thumb Code     0  __rtentry2.o(.ARM.Collect$$rtentry$$0000000C)
    __rt_exit                                0x0800030f   Thumb Code     0  rtexit.o(.ARM.Collect$$rtexit$$00000000)
    __rt_exit_ls                             0x08000311   Thumb Code     0  rtexit2.o(.ARM.Collect$$rtexit$$00000003)
    __rt_exit_prels_1                        0x08000311   Thumb Code     0  rtexit2.o(.ARM.Collect$$rtexit$$00000002)
    __rt_exit_exit                           0x08000315   Thumb Code     0  rtexit2.o(.ARM.Collect$$rtexit$$00000004)
    Reset_Handler                            0x0800031d   Thumb Code     8  startup_stm32f756xx.o(.text)
    _maybe_terminate_alloc                   0x0800031d   Thumb Code     0  maybetermalloc1.o(.emb_text)
    ADC_IRQHandler                           0x08000337   Thumb Code     0  startup_stm32f756xx.o(.text)
    CAN1_RX0_IRQHandler                      0x08000337   Thumb Code     0  startup_stm32f756xx.o(.text)
    CAN1_RX1_IRQHandler                      0x08000337   Thumb Code     0  startup_stm32f756xx.o(.text)
    CAN1_SCE_IRQHandler                      0x08000337   Thumb Code     0  startup_stm32f756xx.o(.text)
    CAN1_TX_IRQHandler                       0x08000337   Thumb Code     0  startup_stm32f756xx.o(.text)
    CAN2_RX0_IRQHandler                      0x08000337   Thumb Code     0  startup_stm32f756xx.o(.text)
    CAN2_RX1_IRQHandler                      0x08000337   Thumb Code     0  startup_stm32f756xx.o(.text)
    CAN2_SCE_IRQHandler                      0x08000337   Thumb Code     0  startup_stm32f756xx.o(.text)
    CAN2_TX_IRQHandler                       0x08000337   Thumb Code     0  startup_stm32f756xx.o(.text)
    CEC_IRQHandler                           0x08000337   Thumb Code     0  startup_stm32f756xx.o(.text)
    CRYP_IRQHandler                          0x08000337   Thumb Code     0  startup_stm32f756xx.o(.text)
    DCMI_IRQHandler                          0x08000337   Thumb Code     0  startup_stm32f756xx.o(.text)
    DMA1_Stream0_IRQHandler                  0x08000337   Thumb Code     0  startup_stm32f756xx.o(.text)
    DMA1_Stream1_IRQHandler                  0x08000337   Thumb Code     0  startup_stm32f756xx.o(.text)
    DMA1_Stream2_IRQHandler                  0x08000337   Thumb Code     0  startup_stm32f756xx.o(.text)
    DMA1_Stream3_IRQHandler                  0x08000337   Thumb Code     0  startup_stm32f756xx.o(.text)
    DMA1_Stream4_IRQHandler                  0x08000337   Thumb Code     0  startup_stm32f756xx.o(.text)
    DMA1_Stream5_IRQHandler                  0x08000337   Thumb Code     0  startup_stm32f756xx.o(.text)
    DMA1_Stream6_IRQHandler                  0x08000337   Thumb Code     0  startup_stm32f756xx.o(.text)
    DMA1_Stream7_IRQHandler                  0x08000337   Thumb Code     0  startup_stm32f756xx.o(.text)
    DMA2D_IRQHandler                         0x08000337   Thumb Code     0  startup_stm32f756xx.o(.text)
    DMA2_Stream0_IRQHandler                  0x08000337   Thumb Code     0  startup_stm32f756xx.o(.text)
    DMA2_Stream1_IRQHandler                  0x08000337   Thumb Code     0  startup_stm32f756xx.o(.text)
    DMA2_Stream2_IRQHandler                  0x08000337   Thumb Code     0  startup_stm32f756xx.o(.text)
    DMA2_Stream3_IRQHandler                  0x08000337   Thumb Code     0  startup_stm32f756xx.o(.text)
    DMA2_Stream4_IRQHandler                  0x08000337   Thumb Code     0  startup_stm32f756xx.o(.text)
    DMA2_Stream5_IRQHandler                  0x08000337   Thumb Code     0  startup_stm32f756xx.o(.text)
    DMA2_Stream6_IRQHandler                  0x08000337   Thumb Code     0  startup_stm32f756xx.o(.text)
    DMA2_Stream7_IRQHandler                  0x08000337   Thumb Code     0  startup_stm32f756xx.o(.text)
    ETH_IRQHandler                           0x08000337   Thumb Code     0  startup_stm32f756xx.o(.text)
    ETH_WKUP_IRQHandler                      0x08000337   Thumb Code     0  startup_stm32f756xx.o(.text)
    EXTI0_IRQHandler                         0x08000337   Thumb Code     0  startup_stm32f756xx.o(.text)
    EXTI15_10_IRQHandler                     0x08000337   Thumb Code     0  startup_stm32f756xx.o(.text)
    EXTI1_IRQHandler                         0x08000337   Thumb Code     0  startup_stm32f756xx.o(.text)
    EXTI2_IRQHandler                         0x08000337   Thumb Code     0  startup_stm32f756xx.o(.text)
    EXTI3_IRQHandler                         0x08000337   Thumb Code     0  startup_stm32f756xx.o(.text)
    EXTI4_IRQHandler                         0x08000337   Thumb Code     0  startup_stm32f756xx.o(.text)
    EXTI9_5_IRQHandler                       0x08000337   Thumb Code     0  startup_stm32f756xx.o(.text)
    FLASH_IRQHandler                         0x08000337   Thumb Code     0  startup_stm32f756xx.o(.text)
    FMC_IRQHandler                           0x08000337   Thumb Code     0  startup_stm32f756xx.o(.text)
    FPU_IRQHandler                           0x08000337   Thumb Code     0  startup_stm32f756xx.o(.text)
    HASH_RNG_IRQHandler                      0x08000337   Thumb Code     0  startup_stm32f756xx.o(.text)
    I2C1_ER_IRQHandler                       0x08000337   Thumb Code     0  startup_stm32f756xx.o(.text)
    I2C1_EV_IRQHandler                       0x08000337   Thumb Code     0  startup_stm32f756xx.o(.text)
    I2C2_ER_IRQHandler                       0x08000337   Thumb Code     0  startup_stm32f756xx.o(.text)
    I2C2_EV_IRQHandler                       0x08000337   Thumb Code     0  startup_stm32f756xx.o(.text)
    I2C3_ER_IRQHandler                       0x08000337   Thumb Code     0  startup_stm32f756xx.o(.text)
    I2C3_EV_IRQHandler                       0x08000337   Thumb Code     0  startup_stm32f756xx.o(.text)
    I2C4_ER_IRQHandler                       0x08000337   Thumb Code     0  startup_stm32f756xx.o(.text)
    I2C4_EV_IRQHandler                       0x08000337   Thumb Code     0  startup_stm32f756xx.o(.text)
    LPTIM1_IRQHandler                        0x08000337   Thumb Code     0  startup_stm32f756xx.o(.text)
    LTDC_ER_IRQHandler                       0x08000337   Thumb Code     0  startup_stm32f756xx.o(.text)
    LTDC_IRQHandler                          0x08000337   Thumb Code     0  startup_stm32f756xx.o(.text)
    OTG_FS_IRQHandler                        0x08000337   Thumb Code     0  startup_stm32f756xx.o(.text)
    OTG_FS_WKUP_IRQHandler                   0x08000337   Thumb Code     0  startup_stm32f756xx.o(.text)
    OTG_HS_EP1_IN_IRQHandler                 0x08000337   Thumb Code     0  startup_stm32f756xx.o(.text)
    OTG_HS_EP1_OUT_IRQHandler                0x08000337   Thumb Code     0  startup_stm32f756xx.o(.text)
    OTG_HS_IRQHandler                        0x08000337   Thumb Code     0  startup_stm32f756xx.o(.text)
    OTG_HS_WKUP_IRQHandler                   0x08000337   Thumb Code     0  startup_stm32f756xx.o(.text)
    PVD_IRQHandler                           0x08000337   Thumb Code     0  startup_stm32f756xx.o(.text)
    QUADSPI_IRQHandler                       0x08000337   Thumb Code     0  startup_stm32f756xx.o(.text)
    RTC_Alarm_IRQHandler                     0x08000337   Thumb Code     0  startup_stm32f756xx.o(.text)
    RTC_WKUP_IRQHandler                      0x08000337   Thumb Code     0  startup_stm32f756xx.o(.text)
    SAI1_IRQHandler                          0x08000337   Thumb Code     0  startup_stm32f756xx.o(.text)
    SAI2_IRQHandler                          0x08000337   Thumb Code     0  startup_stm32f756xx.o(.text)
    SDMMC1_IRQHandler                        0x08000337   Thumb Code     0  startup_stm32f756xx.o(.text)
    SPDIF_RX_IRQHandler                      0x08000337   Thumb Code     0  startup_stm32f756xx.o(.text)
    SPI1_IRQHandler                          0x08000337   Thumb Code     0  startup_stm32f756xx.o(.text)
    SPI2_IRQHandler                          0x08000337   Thumb Code     0  startup_stm32f756xx.o(.text)
    SPI3_IRQHandler                          0x08000337   Thumb Code     0  startup_stm32f756xx.o(.text)
    SPI4_IRQHandler                          0x08000337   Thumb Code     0  startup_stm32f756xx.o(.text)
    SPI5_IRQHandler                          0x08000337   Thumb Code     0  startup_stm32f756xx.o(.text)
    SPI6_IRQHandler                          0x08000337   Thumb Code     0  startup_stm32f756xx.o(.text)
    TAMP_STAMP_IRQHandler                    0x08000337   Thumb Code     0  startup_stm32f756xx.o(.text)
    TIM1_BRK_TIM9_IRQHandler                 0x08000337   Thumb Code     0  startup_stm32f756xx.o(.text)
    TIM1_CC_IRQHandler                       0x08000337   Thumb Code     0  startup_stm32f756xx.o(.text)
    TIM1_TRG_COM_TIM11_IRQHandler            0x08000337   Thumb Code     0  startup_stm32f756xx.o(.text)
    TIM1_UP_TIM10_IRQHandler                 0x08000337   Thumb Code     0  startup_stm32f756xx.o(.text)
    TIM2_IRQHandler                          0x08000337   Thumb Code     0  startup_stm32f756xx.o(.text)
    TIM3_IRQHandler                          0x08000337   Thumb Code     0  startup_stm32f756xx.o(.text)
    TIM4_IRQHandler                          0x08000337   Thumb Code     0  startup_stm32f756xx.o(.text)
    TIM5_IRQHandler                          0x08000337   Thumb Code     0  startup_stm32f756xx.o(.text)
    TIM6_DAC_IRQHandler                      0x08000337   Thumb Code     0  startup_stm32f756xx.o(.text)
    TIM7_IRQHandler                          0x08000337   Thumb Code     0  startup_stm32f756xx.o(.text)
    TIM8_BRK_TIM12_IRQHandler                0x08000337   Thumb Code     0  startup_stm32f756xx.o(.text)
    TIM8_CC_IRQHandler                       0x08000337   Thumb Code     0  startup_stm32f756xx.o(.text)
    TIM8_TRG_COM_TIM14_IRQHandler            0x08000337   Thumb Code     0  startup_stm32f756xx.o(.text)
    TIM8_UP_TIM13_IRQHandler                 0x08000337   Thumb Code     0  startup_stm32f756xx.o(.text)
    UART4_IRQHandler                         0x08000337   Thumb Code     0  startup_stm32f756xx.o(.text)
    UART5_IRQHandler                         0x08000337   Thumb Code     0  startup_stm32f756xx.o(.text)
    UART7_IRQHandler                         0x08000337   Thumb Code     0  startup_stm32f756xx.o(.text)
    UART8_IRQHandler                         0x08000337   Thumb Code     0  startup_stm32f756xx.o(.text)
    USART1_IRQHandler                        0x08000337   Thumb Code     0  startup_stm32f756xx.o(.text)
    USART2_IRQHandler                        0x08000337   Thumb Code     0  startup_stm32f756xx.o(.text)
    USART3_IRQHandler                        0x08000337   Thumb Code     0  startup_stm32f756xx.o(.text)
    USART6_IRQHandler                        0x08000337   Thumb Code     0  startup_stm32f756xx.o(.text)
    WWDG_IRQHandler                          0x08000337   Thumb Code     0  startup_stm32f756xx.o(.text)
    __user_initial_stackheap                 0x08000339   Thumb Code     0  startup_stm32f756xx.o(.text)
    malloc                                   0x0800035d   Thumb Code    94  h1_alloc.o(.text)
    free                                     0x080003bb   Thumb Code    78  h1_free.o(.text)
    __aeabi_uldivmod                         0x08000409   Thumb Code     0  lludivv7m.o(.text)
    _ll_udiv                                 0x08000409   Thumb Code   238  lludivv7m.o(.text)
    vsprintf                                 0x080004f9   Thumb Code    32  vsprintf.o(.text)
    __aeabi_memcpy                           0x0800051d   Thumb Code     0  rt_memcpy_v6.o(.text)
    __rt_memcpy                              0x0800051d   Thumb Code   138  rt_memcpy_v6.o(.text)
    _memcpy_lastbytes                        0x08000583   Thumb Code     0  rt_memcpy_v6.o(.text)
    __aeabi_memclr                           0x080005a7   Thumb Code     0  rt_memclr.o(.text)
    __rt_memclr                              0x080005a7   Thumb Code    68  rt_memclr.o(.text)
    _memset                                  0x080005ab   Thumb Code     0  rt_memclr.o(.text)
    __aeabi_memclr4                          0x080005eb   Thumb Code     0  rt_memclr_w.o(.text)
    __aeabi_memclr8                          0x080005eb   Thumb Code     0  rt_memclr_w.o(.text)
    __rt_memclr_w                            0x080005eb   Thumb Code    78  rt_memclr_w.o(.text)
    _memset_w                                0x080005ef   Thumb Code     0  rt_memclr_w.o(.text)
    __use_two_region_memory                  0x08000639   Thumb Code     2  heapauxi.o(.text)
    __rt_heap_escrow                         0x0800063b   Thumb Code     2  heapauxi.o(.text)
    __rt_heap_expand                         0x0800063d   Thumb Code     2  heapauxi.o(.text)
    __rt_heap_descriptor                     0x08000641   Thumb Code     8  rt_heap_descriptor_intlibspace.o(.text)
    __use_no_heap                            0x08000649   Thumb Code     2  hguard.o(.text)
    __heap$guard                             0x0800064b   Thumb Code     2  hguard.o(.text)
    _terminate_user_alloc                    0x0800064d   Thumb Code     2  init_alloc.o(.text)
    _init_user_alloc                         0x0800064f   Thumb Code     2  init_alloc.o(.text)
    __Heap_Full                              0x08000651   Thumb Code    34  init_alloc.o(.text)
    __Heap_Broken                            0x08000673   Thumb Code     6  init_alloc.o(.text)
    _init_alloc                              0x08000679   Thumb Code    94  init_alloc.o(.text)
    __Heap_Initialize                        0x080006d7   Thumb Code    10  h1_init.o(.text)
    __Heap_DescSize                          0x080006e1   Thumb Code     4  h1_init.o(.text)
    _printf_pre_padding                      0x080006e5   Thumb Code    44  _printf_pad.o(.text)
    _printf_post_padding                     0x08000711   Thumb Code    34  _printf_pad.o(.text)
    _printf_truncate_signed                  0x08000733   Thumb Code    18  _printf_truncate.o(.text)
    _printf_truncate_unsigned                0x08000745   Thumb Code    18  _printf_truncate.o(.text)
    _printf_str                              0x08000757   Thumb Code    82  _printf_str.o(.text)
    _printf_int_dec                          0x080007a9   Thumb Code   104  _printf_dec.o(.text)
    _printf_charcount                        0x08000821   Thumb Code    40  _printf_charcount.o(.text)
    _printf_char_common                      0x08000853   Thumb Code    32  _printf_char_common.o(.text)
    _sputc                                   0x08000879   Thumb Code    10  _sputc.o(.text)
    _printf_wctomb                           0x08000885   Thumb Code   182  _printf_wctomb.o(.text)
    _printf_longlong_dec                     0x08000941   Thumb Code   108  _printf_longlong_dec.o(.text)
    _printf_longlong_oct                     0x080009bd   Thumb Code    66  _printf_oct_int_ll.o(.text)
    _printf_int_oct                          0x080009ff   Thumb Code    24  _printf_oct_int_ll.o(.text)
    _printf_ll_oct                           0x08000a17   Thumb Code    12  _printf_oct_int_ll.o(.text)
    _printf_longlong_hex                     0x08000a2d   Thumb Code    86  _printf_hex_int_ll_ptr.o(.text)
    _printf_int_hex                          0x08000a83   Thumb Code    28  _printf_hex_int_ll_ptr.o(.text)
    _printf_ll_hex                           0x08000a9f   Thumb Code    12  _printf_hex_int_ll_ptr.o(.text)
    _printf_hex_ptr                          0x08000aab   Thumb Code    18  _printf_hex_int_ll_ptr.o(.text)
    __printf                                 0x08000ac1   Thumb Code   388  __printf_flags_ss_wp.o(.text)
    __aeabi_memcpy4                          0x08000c49   Thumb Code     0  rt_memcpy_w.o(.text)
    __aeabi_memcpy8                          0x08000c49   Thumb Code     0  rt_memcpy_w.o(.text)
    __rt_memcpy_w                            0x08000c49   Thumb Code   100  rt_memcpy_w.o(.text)
    _memcpy_lastbytes_aligned                0x08000c91   Thumb Code     0  rt_memcpy_w.o(.text)
    __user_libspace                          0x08000cad   Thumb Code     8  libspace.o(.text)
    __user_perproc_libspace                  0x08000cad   Thumb Code     0  libspace.o(.text)
    __user_perthread_libspace                0x08000cad   Thumb Code     0  libspace.o(.text)
    __Heap_ProvideMemory                     0x08000cb5   Thumb Code    52  h1_extend.o(.text)
    _ll_udiv10                               0x08000ce9   Thumb Code   138  lludiv10.o(.text)
    _printf_int_common                       0x08000d73   Thumb Code   178  _printf_intcommon.o(.text)
    __lib_sel_fp_printf                      0x08000e25   Thumb Code     2  _printf_fp_dec.o(.text)
    _printf_fp_dec_real                      0x08000fd7   Thumb Code   620  _printf_fp_dec.o(.text)
    _printf_fp_hex_real                      0x08001245   Thumb Code   756  _printf_fp_hex.o(.text)
    _printf_cs_common                        0x08001541   Thumb Code    20  _printf_char.o(.text)
    _printf_char                             0x08001555   Thumb Code    16  _printf_char.o(.text)
    _printf_string                           0x08001565   Thumb Code     8  _printf_char.o(.text)
    _printf_lcs_common                       0x0800156d   Thumb Code    20  _printf_wchar.o(.text)
    _printf_wchar                            0x08001581   Thumb Code    16  _printf_wchar.o(.text)
    _printf_wstring                          0x08001591   Thumb Code     8  _printf_wchar.o(.text)
    _wcrtomb                                 0x08001599   Thumb Code    64  _wcrtomb.o(.text)
    __rt_SIGRTMEM                            0x080015d9   Thumb Code    14  defsig_rtmem_outer.o(.text)
    __I$use$semihosting                      0x080015e7   Thumb Code     0  use_no_semi.o(.text)
    __use_no_semihosting_swi                 0x080015e7   Thumb Code     2  use_no_semi.o(.text)
    __semihosting_library_function           0x080015e9   Thumb Code     0  indicate_semi.o(.text)
    __user_setup_stackheap                   0x080015e9   Thumb Code    74  sys_stackheap_outer.o(.text)
    __rt_ctype_table                         0x08001635   Thumb Code    16  rt_ctype_table.o(.text)
    __rt_locale                              0x08001645   Thumb Code     8  rt_locale_intlibspace.o(.text)
    _printf_fp_infnan                        0x0800164d   Thumb Code   112  _printf_fp_infnan.o(.text)
    _btod_etento                             0x080016cd   Thumb Code   224  bigflt0.o(.text)
    exit                                     0x080017b1   Thumb Code    18  exit.o(.text)
    __sig_exit                               0x080017c3   Thumb Code    10  defsig_exit.o(.text)
    __rt_SIGRTMEM_inner                      0x080017cd   Thumb Code    22  defsig_rtmem_inner.o(.text)
    _sys_exit                                0x0800181d   Thumb Code     8  sys_exit.o(.text)
    __default_signal_display                 0x08001829   Thumb Code    50  defsig_general.o(.text)
    strcmp                                   0x0800185d   Thumb Code   104  strcmpv7m_pel.o(.text)
    _ttywrch                                 0x080018c5   Thumb Code    14  sys_wrch.o(.text)
    _btod_d2e                                0x080018d3   Thumb Code    62  btod.o(CL$$btod_d2e)
    _d2e_denorm_low                          0x08001911   Thumb Code    70  btod.o(CL$$btod_d2e_denorm_low)
    _d2e_norm_op1                            0x08001957   Thumb Code    96  btod.o(CL$$btod_d2e_norm_op1)
    __btod_div_common                        0x080019b7   Thumb Code   696  btod.o(CL$$btod_div_common)
    _e2e                                     0x08001cef   Thumb Code   220  btod.o(CL$$btod_e2e)
    _btod_ediv                               0x08001dcb   Thumb Code    42  btod.o(CL$$btod_ediv)
    _btod_emul                               0x08001df5   Thumb Code    42  btod.o(CL$$btod_emul)
    __btod_mult_common                       0x08001e1f   Thumb Code   580  btod.o(CL$$btod_mult_common)
    Bl_Print_Msg                             0x08002bb1   Thumb Code    44  bootloader.o(i.Bl_Print_Msg)
    Bl_Uart_Fetch_Host_Cmd                   0x08002be1   Thumb Code   236  bootloader.o(i.Bl_Uart_Fetch_Host_Cmd)
    BusFault_Handler                         0x08002d7d   Thumb Code     2  stm32f7xx_it.o(i.BusFault_Handler)
    DebugMon_Handler                         0x08002d7f   Thumb Code     2  stm32f7xx_it.o(i.DebugMon_Handler)
    Error_Handler                            0x08002d81   Thumb Code     4  main.o(i.Error_Handler)
    FLASH_Erase_Sector                       0x08002d85   Thumb Code    80  stm32f7xx_hal_flash_ex.o(i.FLASH_Erase_Sector)
    FLASH_WaitForLastOperation               0x08002f45   Thumb Code    76  stm32f7xx_hal_flash.o(i.FLASH_WaitForLastOperation)
    HAL_CRCEx_Polynomial_Set                 0x08002f99   Thumb Code    78  stm32f7xx_hal_crc_ex.o(i.HAL_CRCEx_Polynomial_Set)
    HAL_CRC_Accumulate                       0x08002fe9   Thumb Code    38  stm32f7xx_hal_crc.o(i.HAL_CRC_Accumulate)
    HAL_CRC_Init                             0x08003011   Thumb Code   114  stm32f7xx_hal_crc.o(i.HAL_CRC_Init)
    HAL_CRC_MspInit                          0x08003089   Thumb Code    30  crc.o(i.HAL_CRC_MspInit)
    HAL_FLASHEx_Erase                        0x080030b1   Thumb Code   130  stm32f7xx_hal_flash_ex.o(i.HAL_FLASHEx_Erase)
    HAL_FLASHEx_OBGetConfig                  0x0800313d   Thumb Code    72  stm32f7xx_hal_flash_ex.o(i.HAL_FLASHEx_OBGetConfig)
    HAL_FLASHEx_OBProgram                    0x0800318d   Thumb Code   222  stm32f7xx_hal_flash_ex.o(i.HAL_FLASHEx_OBProgram)
    HAL_FLASH_Lock                           0x08003279   Thumb Code    14  stm32f7xx_hal_flash.o(i.HAL_FLASH_Lock)
    HAL_FLASH_OB_Launch                      0x0800328d   Thumb Code    18  stm32f7xx_hal_flash.o(i.HAL_FLASH_OB_Launch)
    HAL_FLASH_OB_Lock                        0x080032a5   Thumb Code    14  stm32f7xx_hal_flash.o(i.HAL_FLASH_OB_Lock)
    HAL_FLASH_OB_Unlock                      0x080032b9   Thumb Code    28  stm32f7xx_hal_flash.o(i.HAL_FLASH_OB_Unlock)
    HAL_FLASH_Program                        0x080032e1   Thumb Code   122  stm32f7xx_hal_flash.o(i.HAL_FLASH_Program)
    HAL_FLASH_Unlock                         0x08003365   Thumb Code    34  stm32f7xx_hal_flash.o(i.HAL_FLASH_Unlock)
    HAL_GPIO_Init                            0x08003395   Thumb Code   530  stm32f7xx_hal_gpio.o(i.HAL_GPIO_Init)
    HAL_GPIO_WritePin                        0x080035dd   Thumb Code    10  stm32f7xx_hal_gpio.o(i.HAL_GPIO_WritePin)
    HAL_GetTick                              0x080035e9   Thumb Code     6  stm32f7xx_hal.o(i.HAL_GetTick)
    HAL_IncTick                              0x080035f5   Thumb Code    12  stm32f7xx_hal.o(i.HAL_IncTick)
    HAL_Init                                 0x08003605   Thumb Code    22  stm32f7xx_hal.o(i.HAL_Init)
    HAL_InitTick                             0x0800361d   Thumb Code    54  stm32f7xx_hal.o(i.HAL_InitTick)
    HAL_MspInit                              0x0800365d   Thumb Code    60  stm32f7xx_hal_msp.o(i.HAL_MspInit)
    HAL_NVIC_EnableIRQ                       0x0800369d   Thumb Code    26  stm32f7xx_hal_cortex.o(i.HAL_NVIC_EnableIRQ)
    HAL_NVIC_SetPriority                     0x080036b9   Thumb Code    60  stm32f7xx_hal_cortex.o(i.HAL_NVIC_SetPriority)
    HAL_NVIC_SetPriorityGrouping             0x080036f9   Thumb Code    28  stm32f7xx_hal_cortex.o(i.HAL_NVIC_SetPriorityGrouping)
    HAL_PWREx_EnableOverDrive                0x0800371d   Thumb Code   100  stm32f7xx_hal_pwr_ex.o(i.HAL_PWREx_EnableOverDrive)
    HAL_RCCEx_PeriphCLKConfig                0x08003789   Thumb Code  1276  stm32f7xx_hal_rcc_ex.o(i.HAL_RCCEx_PeriphCLKConfig)
    HAL_RCC_ClockConfig                      0x08003c85   Thumb Code   284  stm32f7xx_hal_rcc.o(i.HAL_RCC_ClockConfig)
    HAL_RCC_GetPCLK1Freq                     0x08003db5   Thumb Code    20  stm32f7xx_hal_rcc.o(i.HAL_RCC_GetPCLK1Freq)
    HAL_RCC_GetPCLK2Freq                     0x08003dd5   Thumb Code    20  stm32f7xx_hal_rcc.o(i.HAL_RCC_GetPCLK2Freq)
    HAL_RCC_GetSysClockFreq                  0x08003df5   Thumb Code    88  stm32f7xx_hal_rcc.o(i.HAL_RCC_GetSysClockFreq)
    HAL_RCC_OscConfig                        0x08003e55   Thumb Code   888  stm32f7xx_hal_rcc.o(i.HAL_RCC_OscConfig)
    HAL_SYSTICK_Config                       0x080041d9   Thumb Code    38  stm32f7xx_hal_cortex.o(i.HAL_SYSTICK_Config)
    HAL_UART_Init                            0x080041ff   Thumb Code   102  stm32f7xx_hal_uart.o(i.HAL_UART_Init)
    HAL_UART_MspInit                         0x08004265   Thumb Code   240  usart.o(i.HAL_UART_MspInit)
    HAL_UART_Receive                         0x0800436d   Thumb Code   226  stm32f7xx_hal_uart.o(i.HAL_UART_Receive)
    HAL_UART_Transmit                        0x0800444f   Thumb Code   162  stm32f7xx_hal_uart.o(i.HAL_UART_Transmit)
    HardFault_Handler                        0x080044f1   Thumb Code     2  stm32f7xx_it.o(i.HardFault_Handler)
    MX_CRC_Init                              0x08004529   Thumb Code    40  crc.o(i.MX_CRC_Init)
    MX_GPIO_Init                             0x08004559   Thumb Code   380  gpio.o(i.MX_GPIO_Init)
    MX_USART2_UART_Init                      0x080046ed   Thumb Code    52  usart.o(i.MX_USART2_UART_Init)
    MX_USART6_UART_Init                      0x08004729   Thumb Code    52  usart.o(i.MX_USART6_UART_Init)
    MemManage_Handler                        0x08004765   Thumb Code     2  stm32f7xx_it.o(i.MemManage_Handler)
    NMI_Handler                              0x08004767   Thumb Code     2  stm32f7xx_it.o(i.NMI_Handler)
    PendSV_Handler                           0x08004769   Thumb Code     2  stm32f7xx_it.o(i.PendSV_Handler)
    RCC_IRQHandler                           0x08004815   Thumb Code     2  stm32f7xx_it.o(i.RCC_IRQHandler)
    SVC_Handler                              0x08004b9b   Thumb Code     2  stm32f7xx_it.o(i.SVC_Handler)
    SysTick_Handler                          0x08004b9d   Thumb Code     4  stm32f7xx_it.o(i.SysTick_Handler)
    SystemClock_Config                       0x08004ba1   Thumb Code   150  main.o(i.SystemClock_Config)
    SystemInit                               0x08004c41   Thumb Code    12  system_stm32f7xx.o(i.SystemInit)
    UART_AdvFeatureConfig                    0x08004c51   Thumb Code   200  stm32f7xx_hal_uart.o(i.UART_AdvFeatureConfig)
    UART_CheckIdleState                      0x08004d19   Thumb Code    68  stm32f7xx_hal_uart.o(i.UART_CheckIdleState)
    UART_SetConfig                           0x08004d5d   Thumb Code   516  stm32f7xx_hal_uart.o(i.UART_SetConfig)
    UART_WaitOnFlagUntilTimeout              0x08004f8d   Thumb Code   202  stm32f7xx_hal_uart.o(i.UART_WaitOnFlagUntilTimeout)
    UsageFault_Handler                       0x08005057   Thumb Code     2  stm32f7xx_it.o(i.UsageFault_Handler)
    __ARM_fpclassify                         0x08005059   Thumb Code    48  fpclassify.o(i.__ARM_fpclassify)
    _is_digit                                0x080050ab   Thumb Code    14  __printf_wp.o(i._is_digit)
    main                                     0x080050b9   Thumb Code    38  main.o(i.main)
    _get_lc_numeric                          0x080050f9   Thumb Code    44  lc_numeric_c.o(locale$$code)
    _get_lc_ctype                            0x08005125   Thumb Code    44  lc_ctype_c.o(locale$$code)
    _fp_init                                 0x08005151   Thumb Code    10  fpinit.o(x$fpl$fpinit)
    __fplib_config_fpu_vfp                   0x08005159   Thumb Code     0  fpinit.o(x$fpl$fpinit)
    __fplib_config_pureend_doubles           0x08005159   Thumb Code     0  fpinit.o(x$fpl$fpinit)
    _printf_fp_dec                           0x0800515b   Thumb Code     4  printf1.o(x$fpl$printf1)
    _printf_fp_hex                           0x0800515f   Thumb Code     4  printf2.o(x$fpl$printf2)
    AHBPrescTable                            0x08005162   Data          16  system_stm32f7xx.o(.constdata)
    __I$use$fp                               0x08005162   Number         0  usenofp.o(x$fpl$usenofp)
    APBPrescTable                            0x08005172   Data           8  system_stm32f7xx.o(.constdata)
    Region$$Table$$Base                      0x08005278   Number         0  anon$$obj.o(Region$$Table)
    Region$$Table$$Limit                     0x08005298   Number         0  anon$$obj.o(Region$$Table)
    __ctype                                  0x080052c1   Data           0  lc_ctype_c.o(locale$$data)
    uwTickFreq                               0x20000000   Data           1  stm32f7xx_hal.o(.data)
    uwTickPrio                               0x20000004   Data           4  stm32f7xx_hal.o(.data)
    uwTick                                   0x20000008   Data           4  stm32f7xx_hal.o(.data)
    SystemCoreClock                          0x2000000c   Data           4  system_stm32f7xx.o(.data)
    hcrc                                     0x20000020   Data          36  crc.o(.bss)
    huart2                                   0x20000044   Data         136  usart.o(.bss)
    huart6                                   0x200000cc   Data         136  usart.o(.bss)
    pFlash                                   0x20000154   Data          28  stm32f7xx_hal_flash.o(.bss)
    __libspace_start                         0x20000238   Data          96  libspace.o(.bss)
    __temporary_stack_top$libspace           0x20000298   Data           0  libspace.o(.bss)



==============================================================================

Memory Map of the image

  Image Entry point : 0x080001c9

  Load Region LR_IROM1 (Base: 0x08000000, Size: 0x000053e4, Max: 0x00100000, ABSOLUTE)

    Execution Region ER_IROM1 (Exec base: 0x08000000, Load base: 0x08000000, Size: 0x000053c4, Max: 0x00100000, ABSOLUTE)

    Exec Addr    Load Addr    Size         Type   Attr      Idx    E Section Name        Object

    0x08000000   0x08000000   0x000001c8   Data   RO            3    RESET               startup_stm32f756xx.o
    0x080001c8   0x080001c8   0x00000008   Code   RO         2938  * !!!main             c_w.l(__main.o)
    0x080001d0   0x080001d0   0x00000034   Code   RO         3315    !!!scatter          c_w.l(__scatter.o)
    0x08000204   0x08000204   0x0000001a   Code   RO         3317    !!handler_copy      c_w.l(__scatter_copy.o)
    0x0800021e   0x0800021e   0x00000002   PAD
    0x08000220   0x08000220   0x0000001c   Code   RO         3319    !!handler_zi        c_w.l(__scatter_zi.o)
    0x0800023c   0x0800023c   0x00000000   Code   RO         3053    .ARM.Collect$$_printf_percent$$00000000  c_w.l(_printf_percent.o)
    0x0800023c   0x0800023c   0x00000006   Code   RO         3042    .ARM.Collect$$_printf_percent$$00000001  c_w.l(_printf_n.o)
    0x08000242   0x08000242   0x00000006   Code   RO         3044    .ARM.Collect$$_printf_percent$$00000002  c_w.l(_printf_p.o)
    0x08000248   0x08000248   0x00000006   Code   RO         3049    .ARM.Collect$$_printf_percent$$00000003  c_w.l(_printf_f.o)
    0x0800024e   0x0800024e   0x00000006   Code   RO         3050    .ARM.Collect$$_printf_percent$$00000004  c_w.l(_printf_e.o)
    0x08000254   0x08000254   0x00000006   Code   RO         3051    .ARM.Collect$$_printf_percent$$00000005  c_w.l(_printf_g.o)
    0x0800025a   0x0800025a   0x00000006   Code   RO         3052    .ARM.Collect$$_printf_percent$$00000006  c_w.l(_printf_a.o)
    0x08000260   0x08000260   0x0000000a   Code   RO         3057    .ARM.Collect$$_printf_percent$$00000007  c_w.l(_printf_ll.o)
    0x0800026a   0x0800026a   0x00000006   Code   RO         3046    .ARM.Collect$$_printf_percent$$00000008  c_w.l(_printf_i.o)
    0x08000270   0x08000270   0x00000006   Code   RO         3047    .ARM.Collect$$_printf_percent$$00000009  c_w.l(_printf_d.o)
    0x08000276   0x08000276   0x00000006   Code   RO         3048    .ARM.Collect$$_printf_percent$$0000000A  c_w.l(_printf_u.o)
    0x0800027c   0x0800027c   0x00000006   Code   RO         3045    .ARM.Collect$$_printf_percent$$0000000B  c_w.l(_printf_o.o)
    0x08000282   0x08000282   0x00000006   Code   RO         3043    .ARM.Collect$$_printf_percent$$0000000C  c_w.l(_printf_x.o)
    0x08000288   0x08000288   0x00000006   Code   RO         3054    .ARM.Collect$$_printf_percent$$0000000D  c_w.l(_printf_lli.o)
    0x0800028e   0x0800028e   0x00000006   Code   RO         3055    .ARM.Collect$$_printf_percent$$0000000E  c_w.l(_printf_lld.o)
    0x08000294   0x08000294   0x00000006   Code   RO         3056    .ARM.Collect$$_printf_percent$$0000000F  c_w.l(_printf_llu.o)
    0x0800029a   0x0800029a   0x00000006   Code   RO         3061    .ARM.Collect$$_printf_percent$$00000010  c_w.l(_printf_llo.o)
    0x080002a0   0x080002a0   0x00000006   Code   RO         3062    .ARM.Collect$$_printf_percent$$00000011  c_w.l(_printf_llx.o)
    0x080002a6   0x080002a6   0x0000000a   Code   RO         3058    .ARM.Collect$$_printf_percent$$00000012  c_w.l(_printf_l.o)
    0x080002b0   0x080002b0   0x00000006   Code   RO         3040    .ARM.Collect$$_printf_percent$$00000013  c_w.l(_printf_c.o)
    0x080002b6   0x080002b6   0x00000006   Code   RO         3041    .ARM.Collect$$_printf_percent$$00000014  c_w.l(_printf_s.o)
    0x080002bc   0x080002bc   0x00000006   Code   RO         3059    .ARM.Collect$$_printf_percent$$00000015  c_w.l(_printf_lc.o)
    0x080002c2   0x080002c2   0x00000006   Code   RO         3060    .ARM.Collect$$_printf_percent$$00000016  c_w.l(_printf_ls.o)
    0x080002c8   0x080002c8   0x00000004   Code   RO         3165    .ARM.Collect$$_printf_percent$$00000017  c_w.l(_printf_percent_end.o)
    0x080002cc   0x080002cc   0x00000002   Code   RO         3244    .ARM.Collect$$libinit$$00000000  c_w.l(libinit.o)
    0x080002ce   0x080002ce   0x00000004   Code   RO         3067    .ARM.Collect$$libinit$$00000001  c_w.l(libinit2.o)
    0x080002d2   0x080002d2   0x00000000   Code   RO         3070    .ARM.Collect$$libinit$$00000004  c_w.l(libinit2.o)
    0x080002d2   0x080002d2   0x00000008   Code   RO         3071    .ARM.Collect$$libinit$$00000005  c_w.l(libinit2.o)
    0x080002da   0x080002da   0x00000000   Code   RO         3073    .ARM.Collect$$libinit$$0000000A  c_w.l(libinit2.o)
    0x080002da   0x080002da   0x00000000   Code   RO         3075    .ARM.Collect$$libinit$$0000000C  c_w.l(libinit2.o)
    0x080002da   0x080002da   0x00000000   Code   RO         3077    .ARM.Collect$$libinit$$0000000E  c_w.l(libinit2.o)
    0x080002da   0x080002da   0x00000006   Code   RO         3078    .ARM.Collect$$libinit$$0000000F  c_w.l(libinit2.o)
    0x080002e0   0x080002e0   0x00000000   Code   RO         3080    .ARM.Collect$$libinit$$00000011  c_w.l(libinit2.o)
    0x080002e0   0x080002e0   0x0000000c   Code   RO         3081    .ARM.Collect$$libinit$$00000012  c_w.l(libinit2.o)
    0x080002ec   0x080002ec   0x00000000   Code   RO         3082    .ARM.Collect$$libinit$$00000013  c_w.l(libinit2.o)
    0x080002ec   0x080002ec   0x00000000   Code   RO         3084    .ARM.Collect$$libinit$$00000015  c_w.l(libinit2.o)
    0x080002ec   0x080002ec   0x0000000a   Code   RO         3085    .ARM.Collect$$libinit$$00000016  c_w.l(libinit2.o)
    0x080002f6   0x080002f6   0x00000000   Code   RO         3086    .ARM.Collect$$libinit$$00000017  c_w.l(libinit2.o)
    0x080002f6   0x080002f6   0x00000000   Code   RO         3088    .ARM.Collect$$libinit$$00000019  c_w.l(libinit2.o)
    0x080002f6   0x080002f6   0x00000000   Code   RO         3090    .ARM.Collect$$libinit$$0000001B  c_w.l(libinit2.o)
    0x080002f6   0x080002f6   0x00000000   Code   RO         3092    .ARM.Collect$$libinit$$0000001D  c_w.l(libinit2.o)
    0x080002f6   0x080002f6   0x00000000   Code   RO         3094    .ARM.Collect$$libinit$$0000001F  c_w.l(libinit2.o)
    0x080002f6   0x080002f6   0x00000000   Code   RO         3096    .ARM.Collect$$libinit$$00000021  c_w.l(libinit2.o)
    0x080002f6   0x080002f6   0x00000000   Code   RO         3098    .ARM.Collect$$libinit$$00000023  c_w.l(libinit2.o)
    0x080002f6   0x080002f6   0x00000000   Code   RO         3100    .ARM.Collect$$libinit$$00000025  c_w.l(libinit2.o)
    0x080002f6   0x080002f6   0x00000000   Code   RO         3104    .ARM.Collect$$libinit$$0000002C  c_w.l(libinit2.o)
    0x080002f6   0x080002f6   0x00000000   Code   RO         3106    .ARM.Collect$$libinit$$0000002E  c_w.l(libinit2.o)
    0x080002f6   0x080002f6   0x00000000   Code   RO         3108    .ARM.Collect$$libinit$$00000030  c_w.l(libinit2.o)
    0x080002f6   0x080002f6   0x00000000   Code   RO         3110    .ARM.Collect$$libinit$$00000032  c_w.l(libinit2.o)
    0x080002f6   0x080002f6   0x00000002   Code   RO         3111    .ARM.Collect$$libinit$$00000033  c_w.l(libinit2.o)
    0x080002f8   0x080002f8   0x00000002   Code   RO         3312    .ARM.Collect$$libshutdown$$00000000  c_w.l(libshutdown.o)
    0x080002fa   0x080002fa   0x00000000   Code   RO         3270    .ARM.Collect$$libshutdown$$00000002  c_w.l(libshutdown2.o)
    0x080002fa   0x080002fa   0x00000000   Code   RO         3272    .ARM.Collect$$libshutdown$$00000004  c_w.l(libshutdown2.o)
    0x080002fa   0x080002fa   0x00000000   Code   RO         3275    .ARM.Collect$$libshutdown$$00000007  c_w.l(libshutdown2.o)
    0x080002fa   0x080002fa   0x00000000   Code   RO         3278    .ARM.Collect$$libshutdown$$0000000A  c_w.l(libshutdown2.o)
    0x080002fa   0x080002fa   0x00000000   Code   RO         3280    .ARM.Collect$$libshutdown$$0000000C  c_w.l(libshutdown2.o)
    0x080002fa   0x080002fa   0x00000000   Code   RO         3283    .ARM.Collect$$libshutdown$$0000000F  c_w.l(libshutdown2.o)
    0x080002fa   0x080002fa   0x00000002   Code   RO         3284    .ARM.Collect$$libshutdown$$00000010  c_w.l(libshutdown2.o)
    0x080002fc   0x080002fc   0x00000000   Code   RO         2942    .ARM.Collect$$rtentry$$00000000  c_w.l(__rtentry.o)
    0x080002fc   0x080002fc   0x00000000   Code   RO         3126    .ARM.Collect$$rtentry$$00000002  c_w.l(__rtentry2.o)
    0x080002fc   0x080002fc   0x00000006   Code   RO         3138    .ARM.Collect$$rtentry$$00000004  c_w.l(__rtentry4.o)
    0x08000302   0x08000302   0x00000000   Code   RO         3128    .ARM.Collect$$rtentry$$00000009  c_w.l(__rtentry2.o)
    0x08000302   0x08000302   0x00000004   Code   RO         3129    .ARM.Collect$$rtentry$$0000000A  c_w.l(__rtentry2.o)
    0x08000306   0x08000306   0x00000000   Code   RO         3131    .ARM.Collect$$rtentry$$0000000C  c_w.l(__rtentry2.o)
    0x08000306   0x08000306   0x00000008   Code   RO         3132    .ARM.Collect$$rtentry$$0000000D  c_w.l(__rtentry2.o)
    0x0800030e   0x0800030e   0x00000002   Code   RO         3252    .ARM.Collect$$rtexit$$00000000  c_w.l(rtexit.o)
    0x08000310   0x08000310   0x00000000   Code   RO         3288    .ARM.Collect$$rtexit$$00000002  c_w.l(rtexit2.o)
    0x08000310   0x08000310   0x00000004   Code   RO         3289    .ARM.Collect$$rtexit$$00000003  c_w.l(rtexit2.o)
    0x08000314   0x08000314   0x00000006   Code   RO         3290    .ARM.Collect$$rtexit$$00000004  c_w.l(rtexit2.o)
    0x0800031a   0x0800031a   0x00000002   PAD
    0x0800031c   0x0800031c   0x00000000   Code   RO         3144    .emb_text           c_w.l(maybetermalloc1.o)
    0x0800031c   0x0800031c   0x00000040   Code   RO            4    .text               startup_stm32f756xx.o
    0x0800035c   0x0800035c   0x0000005e   Code   RO         2868    .text               c_w.l(h1_alloc.o)
    0x080003ba   0x080003ba   0x0000004e   Code   RO         2870    .text               c_w.l(h1_free.o)
    0x08000408   0x08000408   0x000000ee   Code   RO         2926    .text               c_w.l(lludivv7m.o)
    0x080004f6   0x080004f6   0x00000002   PAD
    0x080004f8   0x080004f8   0x00000024   Code   RO         2928    .text               c_w.l(vsprintf.o)
    0x0800051c   0x0800051c   0x0000008a   Code   RO         2930    .text               c_w.l(rt_memcpy_v6.o)
    0x080005a6   0x080005a6   0x00000044   Code   RO         2932    .text               c_w.l(rt_memclr.o)
    0x080005ea   0x080005ea   0x0000004e   Code   RO         2934    .text               c_w.l(rt_memclr_w.o)
    0x08000638   0x08000638   0x00000006   Code   RO         2936    .text               c_w.l(heapauxi.o)
    0x0800063e   0x0800063e   0x00000002   PAD
    0x08000640   0x08000640   0x00000008   Code   RO         2950    .text               c_w.l(rt_heap_descriptor_intlibspace.o)
    0x08000648   0x08000648   0x00000004   Code   RO         2952    .text               c_w.l(hguard.o)
    0x0800064c   0x0800064c   0x0000008a   Code   RO         2954    .text               c_w.l(init_alloc.o)
    0x080006d6   0x080006d6   0x0000000e   Code   RO         2958    .text               c_w.l(h1_init.o)
    0x080006e4   0x080006e4   0x0000004e   Code   RO         2974    .text               c_w.l(_printf_pad.o)
    0x08000732   0x08000732   0x00000024   Code   RO         2976    .text               c_w.l(_printf_truncate.o)
    0x08000756   0x08000756   0x00000052   Code   RO         2978    .text               c_w.l(_printf_str.o)
    0x080007a8   0x080007a8   0x00000078   Code   RO         2980    .text               c_w.l(_printf_dec.o)
    0x08000820   0x08000820   0x00000028   Code   RO         2982    .text               c_w.l(_printf_charcount.o)
    0x08000848   0x08000848   0x00000030   Code   RO         2984    .text               c_w.l(_printf_char_common.o)
    0x08000878   0x08000878   0x0000000a   Code   RO         2986    .text               c_w.l(_sputc.o)
    0x08000882   0x08000882   0x00000002   PAD
    0x08000884   0x08000884   0x000000bc   Code   RO         2988    .text               c_w.l(_printf_wctomb.o)
    0x08000940   0x08000940   0x0000007c   Code   RO         2991    .text               c_w.l(_printf_longlong_dec.o)
    0x080009bc   0x080009bc   0x00000070   Code   RO         2997    .text               c_w.l(_printf_oct_int_ll.o)
    0x08000a2c   0x08000a2c   0x00000094   Code   RO         3017    .text               c_w.l(_printf_hex_int_ll_ptr.o)
    0x08000ac0   0x08000ac0   0x00000188   Code   RO         3037    .text               c_w.l(__printf_flags_ss_wp.o)
    0x08000c48   0x08000c48   0x00000064   Code   RO         3063    .text               c_w.l(rt_memcpy_w.o)
    0x08000cac   0x08000cac   0x00000008   Code   RO         3122    .text               c_w.l(libspace.o)
    0x08000cb4   0x08000cb4   0x00000034   Code   RO         3146    .text               c_w.l(h1_extend.o)
    0x08000ce8   0x08000ce8   0x0000008a   Code   RO         3150    .text               c_w.l(lludiv10.o)
    0x08000d72   0x08000d72   0x000000b2   Code   RO         3152    .text               c_w.l(_printf_intcommon.o)
    0x08000e24   0x08000e24   0x0000041e   Code   RO         3154    .text               c_w.l(_printf_fp_dec.o)
    0x08001242   0x08001242   0x00000002   PAD
    0x08001244   0x08001244   0x000002fc   Code   RO         3156    .text               c_w.l(_printf_fp_hex.o)
    0x08001540   0x08001540   0x0000002c   Code   RO         3161    .text               c_w.l(_printf_char.o)
    0x0800156c   0x0800156c   0x0000002c   Code   RO         3163    .text               c_w.l(_printf_wchar.o)
    0x08001598   0x08001598   0x00000040   Code   RO         3166    .text               c_w.l(_wcrtomb.o)
    0x080015d8   0x080015d8   0x0000000e   Code   RO         3168    .text               c_w.l(defsig_rtmem_outer.o)
    0x080015e6   0x080015e6   0x00000002   Code   RO         3179    .text               c_w.l(use_no_semi.o)
    0x080015e8   0x080015e8   0x00000000   Code   RO         3181    .text               c_w.l(indicate_semi.o)
    0x080015e8   0x080015e8   0x0000004a   Code   RO         3182    .text               c_w.l(sys_stackheap_outer.o)
    0x08001632   0x08001632   0x00000002   PAD
    0x08001634   0x08001634   0x00000010   Code   RO         3184    .text               c_w.l(rt_ctype_table.o)
    0x08001644   0x08001644   0x00000008   Code   RO         3191    .text               c_w.l(rt_locale_intlibspace.o)
    0x0800164c   0x0800164c   0x00000080   Code   RO         3195    .text               c_w.l(_printf_fp_infnan.o)
    0x080016cc   0x080016cc   0x000000e4   Code   RO         3197    .text               c_w.l(bigflt0.o)
    0x080017b0   0x080017b0   0x00000012   Code   RO         3225    .text               c_w.l(exit.o)
    0x080017c2   0x080017c2   0x0000000a   Code   RO         3227    .text               c_w.l(defsig_exit.o)
    0x080017cc   0x080017cc   0x00000050   Code   RO         3233    .text               c_w.l(defsig_rtmem_inner.o)
    0x0800181c   0x0800181c   0x0000000c   Code   RO         3250    .text               c_w.l(sys_exit.o)
    0x08001828   0x08001828   0x00000032   Code   RO         3263    .text               c_w.l(defsig_general.o)
    0x0800185a   0x0800185a   0x00000002   PAD
    0x0800185c   0x0800185c   0x00000068   Code   RO         3267    .text               c_w.l(strcmpv7m_pel.o)
    0x080018c4   0x080018c4   0x0000000e   Code   RO         3285    .text               c_w.l(sys_wrch.o)
    0x080018d2   0x080018d2   0x0000003e   Code   RO         3200    CL$$btod_d2e        c_w.l(btod.o)
    0x08001910   0x08001910   0x00000046   Code   RO         3202    CL$$btod_d2e_denorm_low  c_w.l(btod.o)
    0x08001956   0x08001956   0x00000060   Code   RO         3201    CL$$btod_d2e_norm_op1  c_w.l(btod.o)
    0x080019b6   0x080019b6   0x00000338   Code   RO         3210    CL$$btod_div_common  c_w.l(btod.o)
    0x08001cee   0x08001cee   0x000000dc   Code   RO         3207    CL$$btod_e2e        c_w.l(btod.o)
    0x08001dca   0x08001dca   0x0000002a   Code   RO         3204    CL$$btod_ediv       c_w.l(btod.o)
    0x08001df4   0x08001df4   0x0000002a   Code   RO         3203    CL$$btod_emul       c_w.l(btod.o)
    0x08001e1e   0x08001e1e   0x00000244   Code   RO         3209    CL$$btod_mult_common  c_w.l(btod.o)
    0x08002062   0x08002062   0x00000002   PAD
    0x08002064   0x08002064   0x000000e4   Code   RO         2711    i.BL_VidErase       bootloader.o
    0x08002148   0x08002148   0x000000bc   Code   RO         2712    i.BL_VidGetHelp     bootloader.o
    0x08002204   0x08002204   0x000000b8   Code   RO         2713    i.BL_VidGetID       bootloader.o
    0x080022bc   0x080022bc   0x00000104   Code   RO         2714    i.BL_VidGetVersion  bootloader.o
    0x080023c0   0x080023c0   0x00000128   Code   RO         2715    i.BL_VidGoToAddr    bootloader.o
    0x080024e8   0x080024e8   0x000001f8   Code   RO         2716    i.BL_VidReadMemory  bootloader.o
    0x080026e0   0x080026e0   0x00000094   Code   RO         2717    i.BL_VidReadOutProtect  bootloader.o
    0x08002774   0x08002774   0x000000cc   Code   RO         2718    i.BL_VidReadOutUnProtect  bootloader.o
    0x08002840   0x08002840   0x00000024   Code   RO         2719    i.BL_VidSendAck     bootloader.o
    0x08002864   0x08002864   0x0000001c   Code   RO         2720    i.BL_VidSendNack    bootloader.o
    0x08002880   0x08002880   0x00000014   Code   RO         2721    i.BL_VidSendReplyTo_Host  bootloader.o
    0x08002894   0x08002894   0x000001c0   Code   RO         2722    i.BL_VidWriteMemory  bootloader.o
    0x08002a54   0x08002a54   0x00000078   Code   RO         2723    i.BL_VidWriteProtect  bootloader.o
    0x08002acc   0x08002acc   0x000000a0   Code   RO         2724    i.BL_VidWriteUnProtect  bootloader.o
    0x08002b6c   0x08002b6c   0x00000044   Code   RO         2725    i.BL_uint8CRC_Verify  bootloader.o
    0x08002bb0   0x08002bb0   0x00000030   Code   RO         2726    i.Bl_Print_Msg      bootloader.o
    0x08002be0   0x08002be0   0x0000019c   Code   RO         2727    i.Bl_Uart_Fetch_Host_Cmd  bootloader.o
    0x08002d7c   0x08002d7c   0x00000002   Code   RO          293    i.BusFault_Handler  stm32f7xx_it.o
    0x08002d7e   0x08002d7e   0x00000002   Code   RO          294    i.DebugMon_Handler  stm32f7xx_it.o
    0x08002d80   0x08002d80   0x00000004   Code   RO           13    i.Error_Handler     main.o
    0x08002d84   0x08002d84   0x00000054   Code   RO          914    i.FLASH_Erase_Sector  stm32f7xx_hal_flash_ex.o
    0x08002dd8   0x08002dd8   0x0000002c   Code   RO          915    i.FLASH_MassErase   stm32f7xx_hal_flash_ex.o
    0x08002e04   0x08002e04   0x00000030   Code   RO          916    i.FLASH_OB_BootAddressConfig  stm32f7xx_hal_flash_ex.o
    0x08002e34   0x08002e34   0x00000014   Code   RO          917    i.FLASH_OB_GetBootAddress  stm32f7xx_hal_flash_ex.o
    0x08002e48   0x08002e48   0x00000024   Code   RO          796    i.FLASH_Program_Byte  stm32f7xx_hal_flash.o
    0x08002e6c   0x08002e6c   0x00000030   Code   RO          797    i.FLASH_Program_DoubleWord  stm32f7xx_hal_flash.o
    0x08002e9c   0x08002e9c   0x00000028   Code   RO          798    i.FLASH_Program_HalfWord  stm32f7xx_hal_flash.o
    0x08002ec4   0x08002ec4   0x00000028   Code   RO          799    i.FLASH_Program_Word  stm32f7xx_hal_flash.o
    0x08002eec   0x08002eec   0x00000058   Code   RO          800    i.FLASH_SetErrorCode  stm32f7xx_hal_flash.o
    0x08002f44   0x08002f44   0x00000054   Code   RO          801    i.FLASH_WaitForLastOperation  stm32f7xx_hal_flash.o
    0x08002f98   0x08002f98   0x0000004e   Code   RO          600    i.HAL_CRCEx_Polynomial_Set  stm32f7xx_hal_crc_ex.o
    0x08002fe6   0x08002fe6   0x00000002   PAD
    0x08002fe8   0x08002fe8   0x00000026   Code   RO          534    i.HAL_CRC_Accumulate  stm32f7xx_hal_crc.o
    0x0800300e   0x0800300e   0x00000002   PAD
    0x08003010   0x08003010   0x00000078   Code   RO          538    i.HAL_CRC_Init      stm32f7xx_hal_crc.o
    0x08003088   0x08003088   0x00000028   Code   RO          204    i.HAL_CRC_MspInit   crc.o
    0x080030b0   0x080030b0   0x0000008c   Code   RO          918    i.HAL_FLASHEx_Erase  stm32f7xx_hal_flash_ex.o
    0x0800313c   0x0800313c   0x00000050   Code   RO          920    i.HAL_FLASHEx_OBGetConfig  stm32f7xx_hal_flash_ex.o
    0x0800318c   0x0800318c   0x000000ec   Code   RO          921    i.HAL_FLASHEx_OBProgram  stm32f7xx_hal_flash_ex.o
    0x08003278   0x08003278   0x00000014   Code   RO          805    i.HAL_FLASH_Lock    stm32f7xx_hal_flash.o
    0x0800328c   0x0800328c   0x00000018   Code   RO          806    i.HAL_FLASH_OB_Launch  stm32f7xx_hal_flash.o
    0x080032a4   0x080032a4   0x00000014   Code   RO          807    i.HAL_FLASH_OB_Lock  stm32f7xx_hal_flash.o
    0x080032b8   0x080032b8   0x00000028   Code   RO          808    i.HAL_FLASH_OB_Unlock  stm32f7xx_hal_flash.o
    0x080032e0   0x080032e0   0x00000084   Code   RO          810    i.HAL_FLASH_Program  stm32f7xx_hal_flash.o
    0x08003364   0x08003364   0x00000030   Code   RO          812    i.HAL_FLASH_Unlock  stm32f7xx_hal_flash.o
    0x08003394   0x08003394   0x00000248   Code   RO          981    i.HAL_GPIO_Init     stm32f7xx_hal_gpio.o
    0x080035dc   0x080035dc   0x0000000a   Code   RO          985    i.HAL_GPIO_WritePin  stm32f7xx_hal_gpio.o
    0x080035e6   0x080035e6   0x00000002   PAD
    0x080035e8   0x080035e8   0x0000000c   Code   RO         1422    i.HAL_GetTick       stm32f7xx_hal.o
    0x080035f4   0x080035f4   0x00000010   Code   RO         1428    i.HAL_IncTick       stm32f7xx_hal.o
    0x08003604   0x08003604   0x00000016   Code   RO         1429    i.HAL_Init          stm32f7xx_hal.o
    0x0800361a   0x0800361a   0x00000002   PAD
    0x0800361c   0x0800361c   0x00000040   Code   RO         1430    i.HAL_InitTick      stm32f7xx_hal.o
    0x0800365c   0x0800365c   0x00000040   Code   RO          374    i.HAL_MspInit       stm32f7xx_hal_msp.o
    0x0800369c   0x0800369c   0x0000001a   Code   RO          403    i.HAL_NVIC_EnableIRQ  stm32f7xx_hal_cortex.o
    0x080036b6   0x080036b6   0x00000002   PAD
    0x080036b8   0x080036b8   0x00000040   Code   RO          409    i.HAL_NVIC_SetPriority  stm32f7xx_hal_cortex.o
    0x080036f8   0x080036f8   0x00000024   Code   RO          410    i.HAL_NVIC_SetPriorityGrouping  stm32f7xx_hal_cortex.o
    0x0800371c   0x0800371c   0x0000006c   Code   RO         1321    i.HAL_PWREx_EnableOverDrive  stm32f7xx_hal_pwr_ex.o
    0x08003788   0x08003788   0x000004fc   Code   RO          742    i.HAL_RCCEx_PeriphCLKConfig  stm32f7xx_hal_rcc_ex.o
    0x08003c84   0x08003c84   0x00000130   Code   RO          635    i.HAL_RCC_ClockConfig  stm32f7xx_hal_rcc.o
    0x08003db4   0x08003db4   0x00000020   Code   RO          642    i.HAL_RCC_GetPCLK1Freq  stm32f7xx_hal_rcc.o
    0x08003dd4   0x08003dd4   0x00000020   Code   RO          643    i.HAL_RCC_GetPCLK2Freq  stm32f7xx_hal_rcc.o
    0x08003df4   0x08003df4   0x00000060   Code   RO          644    i.HAL_RCC_GetSysClockFreq  stm32f7xx_hal_rcc.o
    0x08003e54   0x08003e54   0x00000384   Code   RO          647    i.HAL_RCC_OscConfig  stm32f7xx_hal_rcc.o
    0x080041d8   0x080041d8   0x00000026   Code   RO          414    i.HAL_SYSTICK_Config  stm32f7xx_hal_cortex.o
    0x080041fe   0x080041fe   0x00000066   Code   RO         2256    i.HAL_UART_Init     stm32f7xx_hal_uart.o
    0x08004264   0x08004264   0x00000108   Code   RO          246    i.HAL_UART_MspInit  usart.o
    0x0800436c   0x0800436c   0x000000e2   Code   RO         2259    i.HAL_UART_Receive  stm32f7xx_hal_uart.o
    0x0800444e   0x0800444e   0x000000a2   Code   RO         2265    i.HAL_UART_Transmit  stm32f7xx_hal_uart.o
    0x080044f0   0x080044f0   0x00000002   Code   RO          295    i.HardFault_Handler  stm32f7xx_it.o
    0x080044f2   0x080044f2   0x00000002   PAD
    0x080044f4   0x080044f4   0x00000034   Code   RO         2728    i.Host_uint8AddressVerification  bootloader.o
    0x08004528   0x08004528   0x00000030   Code   RO          205    i.MX_CRC_Init       crc.o
    0x08004558   0x08004558   0x00000194   Code   RO          179    i.MX_GPIO_Init      gpio.o
    0x080046ec   0x080046ec   0x0000003c   Code   RO          247    i.MX_USART2_UART_Init  usart.o
    0x08004728   0x08004728   0x0000003c   Code   RO          248    i.MX_USART6_UART_Init  usart.o
    0x08004764   0x08004764   0x00000002   Code   RO          296    i.MemManage_Handler  stm32f7xx_it.o
    0x08004766   0x08004766   0x00000002   Code   RO          297    i.NMI_Handler       stm32f7xx_it.o
    0x08004768   0x08004768   0x00000002   Code   RO          298    i.PendSV_Handler    stm32f7xx_it.o
    0x0800476a   0x0800476a   0x00000002   PAD
    0x0800476c   0x0800476c   0x000000a8   Code   RO         2729    i.Perform_uint8FlashErase  bootloader.o
    0x08004814   0x08004814   0x00000002   Code   RO          299    i.RCC_IRQHandler    stm32f7xx_it.o
    0x08004816   0x08004816   0x00000002   PAD
    0x08004818   0x08004818   0x00000108   Code   RO         2730    i.STM32F756_Change_ROP_LV  bootloader.o
    0x08004920   0x08004920   0x00000110   Code   RO         2731    i.STM32F756_Disable_WRP_Activation  bootloader.o
    0x08004a30   0x08004a30   0x00000158   Code   RO         2732    i.STM32F756_Enable_WRP_Activation  bootloader.o
    0x08004b88   0x08004b88   0x00000012   Code   RO         2733    i.STM32F756_Get_RDP_LEVEL  bootloader.o
    0x08004b9a   0x08004b9a   0x00000002   Code   RO          300    i.SVC_Handler       stm32f7xx_it.o
    0x08004b9c   0x08004b9c   0x00000004   Code   RO          301    i.SysTick_Handler   stm32f7xx_it.o
    0x08004ba0   0x08004ba0   0x000000a0   Code   RO           14    i.SystemClock_Config  main.o
    0x08004c40   0x08004c40   0x00000010   Code   RO         2674    i.SystemInit        system_stm32f7xx.o
    0x08004c50   0x08004c50   0x000000c8   Code   RO         2270    i.UART_AdvFeatureConfig  stm32f7xx_hal_uart.o
    0x08004d18   0x08004d18   0x00000044   Code   RO         2271    i.UART_CheckIdleState  stm32f7xx_hal_uart.o
    0x08004d5c   0x08004d5c   0x00000230   Code   RO         2286    i.UART_SetConfig    stm32f7xx_hal_uart.o
    0x08004f8c   0x08004f8c   0x000000ca   Code   RO         2291    i.UART_WaitOnFlagUntilTimeout  stm32f7xx_hal_uart.o
    0x08005056   0x08005056   0x00000002   Code   RO          302    i.UsageFault_Handler  stm32f7xx_it.o
    0x08005058   0x08005058   0x00000030   Code   RO         3248    i.__ARM_fpclassify  m_wm.l(fpclassify.o)
    0x08005088   0x08005088   0x00000022   Code   RO          416    i.__NVIC_SetPriority  stm32f7xx_hal_cortex.o
    0x080050aa   0x080050aa   0x0000000e   Code   RO         3030    i._is_digit         c_w.l(__printf_wp.o)
    0x080050b8   0x080050b8   0x00000040   Code   RO           15    i.main              main.o
    0x080050f8   0x080050f8   0x0000002c   Code   RO         3223    locale$$code        c_w.l(lc_numeric_c.o)
    0x08005124   0x08005124   0x0000002c   Code   RO         3259    locale$$code        c_w.l(lc_ctype_c.o)
    0x08005150   0x08005150   0x0000000a   Code   RO         3177    x$fpl$fpinit        fz_wm.l(fpinit.o)
    0x0800515a   0x0800515a   0x00000004   Code   RO         3112    x$fpl$printf1       fz_wm.l(printf1.o)
    0x0800515e   0x0800515e   0x00000004   Code   RO         3114    x$fpl$printf2       fz_wm.l(printf2.o)
    0x08005162   0x08005162   0x00000000   Code   RO         3247    x$fpl$usenofp       fz_wm.l(usenofp.o)
    0x08005162   0x08005162   0x00000010   Data   RO         2675    .constdata          system_stm32f7xx.o
    0x08005172   0x08005172   0x00000008   Data   RO         2676    .constdata          system_stm32f7xx.o
    0x0800517a   0x0800517a   0x00000002   PAD
    0x0800517c   0x0800517c   0x00000008   Data   RO         2989    .constdata          c_w.l(_printf_wctomb.o)
    0x08005184   0x08005184   0x00000028   Data   RO         3018    .constdata          c_w.l(_printf_hex_int_ll_ptr.o)
    0x080051ac   0x080051ac   0x00000011   Data   RO         3038    .constdata          c_w.l(__printf_flags_ss_wp.o)
    0x080051bd   0x080051bd   0x00000026   Data   RO         3157    .constdata          c_w.l(_printf_fp_hex.o)
    0x080051e3   0x080051e3   0x00000001   PAD
    0x080051e4   0x080051e4   0x00000094   Data   RO         3198    .constdata          c_w.l(bigflt0.o)
    0x08005278   0x08005278   0x00000020   Data   RO         3313    Region$$Table       anon$$obj.o
    0x08005298   0x08005298   0x0000001c   Data   RO         3222    locale$$data        c_w.l(lc_numeric_c.o)
    0x080052b4   0x080052b4   0x00000110   Data   RO         3258    locale$$data        c_w.l(lc_ctype_c.o)


    Execution Region RW_IRAM1 (Exec base: 0x20000000, Load base: 0x080053c4, Size: 0x00000898, Max: 0x00050000, ABSOLUTE)

    Exec Addr    Load Addr    Size         Type   Attr      Idx    E Section Name        Object

    0x20000000   0x080053c4   0x0000000c   Data   RW         1436    .data               stm32f7xx_hal.o
    0x2000000c   0x080053d0   0x00000004   Data   RW         2677    .data               system_stm32f7xx.o
    0x20000010   0x080053d4   0x0000000f   Data   RW         2735    .data               bootloader.o
    0x2000001f   0x080053e3   0x00000001   PAD
    0x20000020        -       0x00000024   Zero   RW          206    .bss                crc.o
    0x20000044        -       0x00000110   Zero   RW          249    .bss                usart.o
    0x20000154        -       0x0000001c   Zero   RW          813    .bss                stm32f7xx_hal_flash.o
    0x20000170        -       0x000000c8   Zero   RW         2734    .bss                bootloader.o
    0x20000238        -       0x00000060   Zero   RW         3123    .bss                c_w.l(libspace.o)
    0x20000298        -       0x00000200   Zero   RW            2    HEAP                startup_stm32f756xx.o
    0x20000498        -       0x00000400   Zero   RW            1    STACK               startup_stm32f756xx.o


==============================================================================

Image component sizes


      Code (inc. data)   RO Data    RW Data    ZI Data      Debug   Object Name

      4470       2296          0         15        200      22160   bootloader.o
        88         18          0          0         36       1675   crc.o
       404         24          0          0          0       1211   gpio.o
       228         36          0          0          0     817664   main.o
        64         26        456          0       1536        880   startup_stm32f756xx.o
       114         20          0         12          0       8661   stm32f7xx_hal.o
       198         12          0          0          0      39203   stm32f7xx_hal_cortex.o
       158          6          0          0          0       2252   stm32f7xx_hal_crc.o
        78          0          0          0          0       1347   stm32f7xx_hal_crc_ex.o
       620         94          0          0         28       8866   stm32f7xx_hal_flash.o
       652         52          0          0          0       7556   stm32f7xx_hal_flash_ex.o
       594         54          0          0          0       2372   stm32f7xx_hal_gpio.o
        64          4          0          0          0        946   stm32f7xx_hal_msp.o
       108          8          0          0          0       1340   stm32f7xx_hal_pwr_ex.o
      1364         64          0          0          0       5400   stm32f7xx_hal_rcc.o
      1276         16          0          0          0       2356   stm32f7xx_hal_rcc_ex.o
      1520         64          0          0          0       7876   stm32f7xx_hal_uart.o
        22          0          0          0          0       4987   stm32f7xx_it.o
        16          4         24          4          0       1235   system_stm32f7xx.o
       384         40          0          0        272       2719   usart.o

    ----------------------------------------------------------------------
     12438       2838        514         32       2072     940706   Object Totals
         0          0         32          0          0          0   (incl. Generated)
        16          0          2          1          0          0   (incl. Padding)

    ----------------------------------------------------------------------

      Code (inc. data)   RO Data    RW Data    ZI Data      Debug   Library Member Name

         8          0          0          0          0         68   __main.o
       392          4         17          0          0         92   __printf_flags_ss_wp.o
        14          0          0          0          0         68   __printf_wp.o
         0          0          0          0          0          0   __rtentry.o
        12          0          0          0          0          0   __rtentry2.o
         6          0          0          0          0          0   __rtentry4.o
        52          8          0          0          0          0   __scatter.o
        26          0          0          0          0          0   __scatter_copy.o
        28          0          0          0          0          0   __scatter_zi.o
         6          0          0          0          0          0   _printf_a.o
         6          0          0          0          0          0   _printf_c.o
        44          0          0          0          0        108   _printf_char.o
        48          6          0          0          0         96   _printf_char_common.o
        40          0          0          0          0         68   _printf_charcount.o
         6          0          0          0          0          0   _printf_d.o
       120         16          0          0          0         92   _printf_dec.o
         6          0          0          0          0          0   _printf_e.o
         6          0          0          0          0          0   _printf_f.o
      1054          0          0          0          0        216   _printf_fp_dec.o
       764          8         38          0          0        100   _printf_fp_hex.o
       128         16          0          0          0         84   _printf_fp_infnan.o
         6          0          0          0          0          0   _printf_g.o
       148          4         40          0          0        160   _printf_hex_int_ll_ptr.o
         6          0          0          0          0          0   _printf_i.o
       178          0          0          0          0         88   _printf_intcommon.o
        10          0          0          0          0          0   _printf_l.o
         6          0          0          0          0          0   _printf_lc.o
        10          0          0          0          0          0   _printf_ll.o
         6          0          0          0          0          0   _printf_lld.o
         6          0          0          0          0          0   _printf_lli.o
         6          0          0          0          0          0   _printf_llo.o
         6          0          0          0          0          0   _printf_llu.o
         6          0          0          0          0          0   _printf_llx.o
       124         16          0          0          0         92   _printf_longlong_dec.o
         6          0          0          0          0          0   _printf_ls.o
         6          0          0          0          0          0   _printf_n.o
         6          0          0          0          0          0   _printf_o.o
       112         10          0          0          0        124   _printf_oct_int_ll.o
         6          0          0          0          0          0   _printf_p.o
        78          0          0          0          0        108   _printf_pad.o
         0          0          0          0          0          0   _printf_percent.o
         4          0          0          0          0          0   _printf_percent_end.o
         6          0          0          0          0          0   _printf_s.o
        82          0          0          0          0         80   _printf_str.o
        36          0          0          0          0         84   _printf_truncate.o
         6          0          0          0          0          0   _printf_u.o
        44          0          0          0          0        108   _printf_wchar.o
       188          6          8          0          0         92   _printf_wctomb.o
         6          0          0          0          0          0   _printf_x.o
        10          0          0          0          0         68   _sputc.o
        64          0          0          0          0         92   _wcrtomb.o
       228          4        148          0          0         96   bigflt0.o
      1936        128          0          0          0        672   btod.o
        10          0          0          0          0         68   defsig_exit.o
        50          0          0          0          0         88   defsig_general.o
        80         58          0          0          0         76   defsig_rtmem_inner.o
        14          0          0          0          0         80   defsig_rtmem_outer.o
        18          0          0          0          0         80   exit.o
        94          0          0          0          0         80   h1_alloc.o
        52          0          0          0          0         68   h1_extend.o
        78          0          0          0          0         80   h1_free.o
        14          0          0          0          0         84   h1_init.o
         6          0          0          0          0        152   heapauxi.o
         4          0          0          0          0        136   hguard.o
         0          0          0          0          0          0   indicate_semi.o
       138          0          0          0          0        168   init_alloc.o
        44         10        272          0          0         76   lc_ctype_c.o
        44         10         28          0          0         76   lc_numeric_c.o
         2          0          0          0          0          0   libinit.o
        42          0          0          0          0          0   libinit2.o
         2          0          0          0          0          0   libshutdown.o
         2          0          0          0          0          0   libshutdown2.o
         8          4          0          0         96         68   libspace.o
       138          0          0          0          0         80   lludiv10.o
       238          0          0          0          0        100   lludivv7m.o
         0          0          0          0          0          0   maybetermalloc1.o
        16          4          0          0          0         76   rt_ctype_table.o
         8          4          0          0          0         68   rt_heap_descriptor_intlibspace.o
         8          4          0          0          0         68   rt_locale_intlibspace.o
        68          0          0          0          0         68   rt_memclr.o
        78          0          0          0          0         80   rt_memclr_w.o
       138          0          0          0          0         68   rt_memcpy_v6.o
       100          0          0          0          0         80   rt_memcpy_w.o
         2          0          0          0          0          0   rtexit.o
        10          0          0          0          0          0   rtexit2.o
       104          0          0          0          0         68   strcmpv7m_pel.o
        12          4          0          0          0         68   sys_exit.o
        74          0          0          0          0         80   sys_stackheap_outer.o
        14          0          0          0          0         76   sys_wrch.o
         2          0          0          0          0         68   use_no_semi.o
        36          4          0          0          0         76   vsprintf.o
        10          0          0          0          0        116   fpinit.o
         4          0          0          0          0        116   printf1.o
         4          0          0          0          0        116   printf2.o
         0          0          0          0          0          0   usenofp.o
        48          0          0          0          0        124   fpclassify.o

    ----------------------------------------------------------------------
      7940        328        552          0         96       5832   Library Totals
        18          0          1          0          0          0   (incl. Padding)

    ----------------------------------------------------------------------

      Code (inc. data)   RO Data    RW Data    ZI Data      Debug   Library Name

      7856        328        551          0         96       5360   c_w.l
        18          0          0          0          0        348   fz_wm.l
        48          0          0          0          0        124   m_wm.l

    ----------------------------------------------------------------------
      7940        328        552          0         96       5832   Library Totals

    ----------------------------------------------------------------------

==============================================================================


      Code (inc. data)   RO Data    RW Data    ZI Data      Debug   

     20378       3166       1066         32       2168     934822   Grand Totals
     20378       3166       1066         32       2168     934822   ELF Image Totals
     20378       3166       1066         32          0          0   ROM Totals

==============================================================================

    Total RO  Size (Code + RO Data)                21444 (  20.94kB)
    Total RW  Size (RW Data + ZI Data)              2200 (   2.15kB)
    Total ROM Size (Code + RO Data + RW Data)      21476 (  20.97kB)

==============================================================================

