Component: ARM Compiler 5.06 update 6 (build 750) Tool: armlink [4d35ed]

==============================================================================

Section Cross References

    startup_stm32f756xx.o(STACK) refers (Special) to heapauxi.o(.text) for __use_two_region_memory
    startup_stm32f756xx.o(HEAP) refers (Special) to heapauxi.o(.text) for __use_two_region_memory
    startup_stm32f756xx.o(RESET) refers (Special) to heapauxi.o(.text) for __use_two_region_memory
    startup_stm32f756xx.o(RESET) refers to startup_stm32f756xx.o(STACK) for __initial_sp
    startup_stm32f756xx.o(RESET) refers to startup_stm32f756xx.o(.text) for Reset_Handler
    startup_stm32f756xx.o(RESET) refers to stm32f7xx_it.o(i.NMI_Handler) for NMI_Handler
    startup_stm32f756xx.o(RESET) refers to stm32f7xx_it.o(i.HardFault_Handler) for HardFault_Handler
    startup_stm32f756xx.o(RESET) refers to stm32f7xx_it.o(i.MemManage_Handler) for MemManage_Handler
    startup_stm32f756xx.o(RESET) refers to stm32f7xx_it.o(i.BusFault_Handler) for BusFault_Handler
    startup_stm32f756xx.o(RESET) refers to stm32f7xx_it.o(i.UsageFault_Handler) for UsageFault_Handler
    startup_stm32f756xx.o(RESET) refers to stm32f7xx_it.o(i.SVC_Handler) for SVC_Handler
    startup_stm32f756xx.o(RESET) refers to stm32f7xx_it.o(i.DebugMon_Handler) for DebugMon_Handler
    startup_stm32f756xx.o(RESET) refers to stm32f7xx_it.o(i.PendSV_Handler) for PendSV_Handler
    startup_stm32f756xx.o(RESET) refers to stm32f7xx_it.o(i.SysTick_Handler) for SysTick_Handler
    startup_stm32f756xx.o(RESET) refers to stm32f7xx_it.o(i.EXTI15_10_IRQHandler) for EXTI15_10_IRQHandler
    startup_stm32f756xx.o(.text) refers (Special) to heapauxi.o(.text) for __use_two_region_memory
    startup_stm32f756xx.o(.text) refers to system_stm32f7xx.o(i.SystemInit) for SystemInit
    startup_stm32f756xx.o(.text) refers to __main.o(!!!main) for __main
    startup_stm32f756xx.o(.text) refers to startup_stm32f756xx.o(HEAP) for Heap_Mem
    startup_stm32f756xx.o(.text) refers to startup_stm32f756xx.o(STACK) for Stack_Mem
    main.o(i.SystemClock_Config) refers to rt_memclr_w.o(.text) for __aeabi_memclr4
    main.o(i.SystemClock_Config) refers to stm32f7xx_hal_pwr.o(i.HAL_PWR_EnableBkUpAccess) for HAL_PWR_EnableBkUpAccess
    main.o(i.SystemClock_Config) refers to stm32f7xx_hal_rcc.o(i.HAL_RCC_OscConfig) for HAL_RCC_OscConfig
    main.o(i.SystemClock_Config) refers to stm32f7xx_hal_pwr_ex.o(i.HAL_PWREx_EnableOverDrive) for HAL_PWREx_EnableOverDrive
    main.o(i.SystemClock_Config) refers to stm32f7xx_hal_rcc.o(i.HAL_RCC_ClockConfig) for HAL_RCC_ClockConfig
    main.o(i.main) refers to stm32f7xx_hal.o(i.HAL_Init) for HAL_Init
    main.o(i.main) refers to main.o(i.SystemClock_Config) for SystemClock_Config
    main.o(i.main) refers to gpio.o(i.MX_GPIO_Init) for MX_GPIO_Init
    main.o(i.main) refers to eth.o(i.MX_ETH_Init) for MX_ETH_Init
    main.o(i.main) refers to usart.o(i.MX_USART3_UART_Init) for MX_USART3_UART_Init
    main.o(i.main) refers to usb_otg.o(i.MX_USB_OTG_FS_PCD_Init) for MX_USB_OTG_FS_PCD_Init
    main.o(i.main) refers to stm32f7xx_hal_uart.o(i.HAL_UART_Transmit) for HAL_UART_Transmit
    main.o(i.main) refers to stm32f7xx_hal.o(i.HAL_Delay) for HAL_Delay
    main.o(i.main) refers to main.o(.data) for .data
    main.o(i.main) refers to usart.o(.bss) for huart3
    gpio.o(i.MX_GPIO_Init) refers to rt_memclr_w.o(.text) for __aeabi_memclr4
    gpio.o(i.MX_GPIO_Init) refers to stm32f7xx_hal_gpio.o(i.HAL_GPIO_WritePin) for HAL_GPIO_WritePin
    gpio.o(i.MX_GPIO_Init) refers to stm32f7xx_hal_gpio.o(i.HAL_GPIO_Init) for HAL_GPIO_Init
    gpio.o(i.MX_GPIO_Init) refers to stm32f7xx_hal_cortex.o(i.HAL_NVIC_SetPriority) for HAL_NVIC_SetPriority
    gpio.o(i.MX_GPIO_Init) refers to stm32f7xx_hal_cortex.o(i.HAL_NVIC_EnableIRQ) for HAL_NVIC_EnableIRQ
    eth.o(i.HAL_ETH_MspDeInit) refers to stm32f7xx_hal_gpio.o(i.HAL_GPIO_DeInit) for HAL_GPIO_DeInit
    eth.o(i.HAL_ETH_MspInit) refers to rt_memclr_w.o(.text) for __aeabi_memclr4
    eth.o(i.HAL_ETH_MspInit) refers to stm32f7xx_hal_gpio.o(i.HAL_GPIO_Init) for HAL_GPIO_Init
    eth.o(i.MX_ETH_Init) refers to stm32f7xx_hal_eth.o(i.HAL_ETH_Init) for HAL_ETH_Init
    eth.o(i.MX_ETH_Init) refers to main.o(i.Error_Handler) for Error_Handler
    eth.o(i.MX_ETH_Init) refers to rt_memclr_w.o(.text) for __aeabi_memclr4
    eth.o(i.MX_ETH_Init) refers to eth.o(.bss) for .bss
    eth.o(i.MX_ETH_Init) refers to eth.o(.data) for .data
    eth.o(i.MX_ETH_Init) refers to eth.o(.ARM.__AT_0x2004C0A0) for .ARM.__AT_0x2004C0A0
    eth.o(i.MX_ETH_Init) refers to eth.o(.ARM.__AT_0x2004C000) for .ARM.__AT_0x2004C000
    usart.o(i.HAL_UART_MspDeInit) refers to stm32f7xx_hal_gpio.o(i.HAL_GPIO_DeInit) for HAL_GPIO_DeInit
    usart.o(i.HAL_UART_MspInit) refers to rt_memclr_w.o(.text) for __aeabi_memclr4
    usart.o(i.HAL_UART_MspInit) refers to stm32f7xx_hal_rcc_ex.o(i.HAL_RCCEx_PeriphCLKConfig) for HAL_RCCEx_PeriphCLKConfig
[...]
    Removing stm32f7xx_hal_eth.o(i.HAL_ETH_Start_IT), (188 bytes).
    Removing stm32f7xx_hal_eth.o(i.HAL_ETH_Stop), (114 bytes).
    Removing stm32f7xx_hal_eth.o(i.HAL_ETH_Stop_IT), (160 bytes).
    Removing stm32f7xx_hal_eth.o(i.HAL_ETH_Transmit), (190 bytes).
    Removing stm32f7xx_hal_eth.o(i.HAL_ETH_Transmit_IT), (104 bytes).
    Removing stm32f7xx_hal_eth.o(i.HAL_ETH_TxCpltCallback), (2 bytes).
    Removing stm32f7xx_hal_eth.o(i.HAL_ETH_TxFreeCallback), (2 bytes).
    Removing stm32f7xx_hal_eth.o(i.HAL_ETH_UnRegisterRxAllocateCallback), (16 bytes).
    Removing stm32f7xx_hal_eth.o(i.HAL_ETH_UnRegisterRxLinkCallback), (16 bytes).
    Removing stm32f7xx_hal_eth.o(i.HAL_ETH_UnRegisterTxFreeCallback), (16 bytes).
    Removing stm32f7xx_hal_eth.o(i.HAL_ETH_WakeUpCallback), (2 bytes).
    Removing stm32f7xx_hal_eth.o(i.HAL_ETH_WritePHYRegister), (86 bytes).
    Removing stm32f7xx_hal_tim.o(.rev16_text), (4 bytes).
    Removing stm32f7xx_hal_tim.o(.revsh_text), (4 bytes).
    Removing stm32f7xx_hal_tim.o(.rrx_text), (6 bytes).
    Removing stm32f7xx_hal_tim_ex.o(.rev16_text), (4 bytes).
    Removing stm32f7xx_hal_tim_ex.o(.revsh_text), (4 bytes).
    Removing stm32f7xx_hal_tim_ex.o(.rrx_text), (6 bytes).
    Removing stm32f7xx_hal_uart.o(.rev16_text), (4 bytes).
    Removing stm32f7xx_hal_uart.o(.revsh_text), (4 bytes).
    Removing stm32f7xx_hal_uart.o(.rrx_text), (6 bytes).
    Removing stm32f7xx_hal_uart.o(i.HAL_HalfDuplex_EnableReceiver), (72 bytes).
    Removing stm32f7xx_hal_uart.o(i.HAL_HalfDuplex_EnableTransmitter), (72 bytes).
    Removing stm32f7xx_hal_uart.o(i.HAL_HalfDuplex_Init), (112 bytes).
    Removing stm32f7xx_hal_uart.o(i.HAL_LIN_Init), (136 bytes).
    Removing stm32f7xx_hal_uart.o(i.HAL_LIN_SendBreak), (48 bytes).
    Removing stm32f7xx_hal_uart.o(i.HAL_MultiProcessor_DisableMuteMode), (48 bytes).
    Removing stm32f7xx_hal_uart.o(i.HAL_MultiProcessor_EnableMuteMode), (48 bytes).
    Removing stm32f7xx_hal_uart.o(i.HAL_MultiProcessor_EnterMuteMode), (12 bytes).
    Removing stm32f7xx_hal_uart.o(i.HAL_MultiProcessor_Init), (134 bytes).
    Removing stm32f7xx_hal_uart.o(i.HAL_UARTEx_RxEventCallback), (2 bytes).
    Removing stm32f7xx_hal_uart.o(i.HAL_UART_Abort), (222 bytes).
    Removing stm32f7xx_hal_uart.o(i.HAL_UART_AbortCpltCallback), (2 bytes).
    Removing stm32f7xx_hal_uart.o(i.HAL_UART_AbortReceive), (162 bytes).
    Removing stm32f7xx_hal_uart.o(i.HAL_UART_AbortReceiveCpltCallback), (2 bytes).
    Removing stm32f7xx_hal_uart.o(i.HAL_UART_AbortReceive_IT), (176 bytes).
    Removing stm32f7xx_hal_uart.o(i.HAL_UART_AbortTransmit), (98 bytes).
    Removing stm32f7xx_hal_uart.o(i.HAL_UART_AbortTransmitCpltCallback), (2 bytes).
    Removing stm32f7xx_hal_uart.o(i.HAL_UART_AbortTransmit_IT), (100 bytes).
    Removing stm32f7xx_hal_uart.o(i.HAL_UART_Abort_IT), (264 bytes).
    Removing stm32f7xx_hal_uart.o(i.HAL_UART_DMAPause), (114 bytes).
    Removing stm32f7xx_hal_uart.o(i.HAL_UART_DMAResume), (106 bytes).
    Removing stm32f7xx_hal_uart.o(i.HAL_UART_DMAStop), (140 bytes).
    Removing stm32f7xx_hal_uart.o(i.HAL_UART_DeInit), (66 bytes).
    Removing stm32f7xx_hal_uart.o(i.HAL_UART_DisableReceiverTimeout), (54 bytes).
    Removing stm32f7xx_hal_uart.o(i.HAL_UART_EnableReceiverTimeout), (54 bytes).
    Removing stm32f7xx_hal_uart.o(i.HAL_UART_ErrorCallback), (2 bytes).
    Removing stm32f7xx_hal_uart.o(i.HAL_UART_GetError), (6 bytes).
    Removing stm32f7xx_hal_uart.o(i.HAL_UART_GetState), (12 bytes).
    Removing stm32f7xx_hal_uart.o(i.HAL_UART_IRQHandler), (664 bytes).
    Removing stm32f7xx_hal_uart.o(i.HAL_UART_MspDeInit), (2 bytes).
    Removing stm32f7xx_hal_uart.o(i.HAL_UART_MspInit), (2 bytes).
    Removing stm32f7xx_hal_uart.o(i.HAL_UART_Receive), (226 bytes).
    Removing stm32f7xx_hal_uart.o(i.HAL_UART_Receive_DMA), (60 bytes).
    Removing stm32f7xx_hal_uart.o(i.HAL_UART_Receive_IT), (60 bytes).
    Removing stm32f7xx_hal_uart.o(i.HAL_UART_ReceiverTimeout_Config), (14 bytes).
    Removing stm32f7xx_hal_uart.o(i.HAL_UART_RxCpltCallback), (2 bytes).
    Removing stm32f7xx_hal_uart.o(i.HAL_UART_RxHalfCpltCallback), (2 bytes).
    Removing stm32f7xx_hal_uart.o(i.HAL_UART_Transmit_DMA), (140 bytes).
    Removing stm32f7xx_hal_uart.o(i.HAL_UART_Transmit_IT), (92 bytes).
    Removing stm32f7xx_hal_uart.o(i.HAL_UART_TxCpltCallback), (2 bytes).
    Removing stm32f7xx_hal_uart.o(i.HAL_UART_TxHalfCpltCallback), (2 bytes).
    Removing stm32f7xx_hal_uart.o(i.UART_DMAAbortOnError), (20 bytes).
    Removing stm32f7xx_hal_uart.o(i.UART_DMAError), (76 bytes).
    Removing stm32f7xx_hal_uart.o(i.UART_DMAReceiveCplt), (130 bytes).
    Removing stm32f7xx_hal_uart.o(i.UART_DMARxAbortCallback), (64 bytes).
    Removing stm32f7xx_hal_uart.o(i.UART_DMARxHalfCplt), (32 bytes).
    Removing stm32f7xx_hal_uart.o(i.UART_DMARxOnlyAbortCallback), (40 bytes).
    Removing stm32f7xx_hal_uart.o(i.UART_DMATransmitCplt), (64 bytes).
    Removing stm32f7xx_hal_uart.o(i.UART_DMATxAbortCallback), (54 bytes).
    Removing stm32f7xx_hal_uart.o(i.UART_DMATxHalfCplt), (10 bytes).
    Removing stm32f7xx_hal_uart.o(i.UART_DMATxOnlyAbortCallback), (20 bytes).
    Removing stm32f7xx_hal_uart.o(i.UART_EndRxTransfer), (76 bytes).
    Removing stm32f7xx_hal_uart.o(i.UART_EndTxTransfer), (24 bytes).
    Removing stm32f7xx_hal_uart.o(i.UART_RxISR_16BIT), (164 bytes).
    Removing stm32f7xx_hal_uart.o(i.UART_RxISR_8BIT), (164 bytes).
    Removing stm32f7xx_hal_uart.o(i.UART_Start_Receive_DMA), (160 bytes).
    Removing stm32f7xx_hal_uart.o(i.UART_Start_Receive_IT), (184 bytes).
    Removing stm32f7xx_hal_uart.o(i.UART_TxISR_16BIT), (80 bytes).
    Removing stm32f7xx_hal_uart.o(i.UART_TxISR_8BIT), (76 bytes).
    Removing stm32f7xx_hal_uart_ex.o(.rev16_text), (4 bytes).
    Removing stm32f7xx_hal_uart_ex.o(.revsh_text), (4 bytes).
    Removing stm32f7xx_hal_uart_ex.o(.rrx_text), (6 bytes).
    Removing stm32f7xx_hal_uart_ex.o(i.HAL_MultiProcessorEx_AddressLength_Set), (46 bytes).
    Removing stm32f7xx_hal_uart_ex.o(i.HAL_RS485Ex_Init), (136 bytes).
    Removing stm32f7xx_hal_uart_ex.o(i.HAL_UARTEx_GetRxEventType), (4 bytes).
    Removing stm32f7xx_hal_uart_ex.o(i.HAL_UARTEx_ReceiveToIdle), (304 bytes).
    Removing stm32f7xx_hal_uart_ex.o(i.HAL_UARTEx_ReceiveToIdle_DMA), (74 bytes).
    Removing stm32f7xx_hal_uart_ex.o(i.HAL_UARTEx_ReceiveToIdle_IT), (74 bytes).
    Removing stm32f7xx_hal_pcd.o(.rev16_text), (4 bytes).
    Removing stm32f7xx_hal_pcd.o(.revsh_text), (4 bytes).
    Removing stm32f7xx_hal_pcd.o(.rrx_text), (6 bytes).
    Removing stm32f7xx_hal_pcd.o(i.HAL_PCD_ActivateRemoteWakeup), (6 bytes).
    Removing stm32f7xx_hal_pcd.o(i.HAL_PCD_ConnectCallback), (2 bytes).
    Removing stm32f7xx_hal_pcd.o(i.HAL_PCD_DataInStageCallback), (2 bytes).
    Removing stm32f7xx_hal_pcd.o(i.HAL_PCD_DataOutStageCallback), (2 bytes).
    Removing stm32f7xx_hal_pcd.o(i.HAL_PCD_DeActivateRemoteWakeup), (6 bytes).
    Removing stm32f7xx_hal_pcd.o(i.HAL_PCD_DeInit), (38 bytes).
    Removing stm32f7xx_hal_pcd.o(i.HAL_PCD_DevConnect), (36 bytes).
    Removing stm32f7xx_hal_pcd.o(i.HAL_PCD_DevDisconnect), (36 bytes).
    Removing stm32f7xx_hal_pcd.o(i.HAL_PCD_DisconnectCallback), (2 bytes).
    Removing stm32f7xx_hal_pcd.o(i.HAL_PCD_EP_Abort), (30 bytes).
    Removing stm32f7xx_hal_pcd.o(i.HAL_PCD_EP_Close), (76 bytes).
    Removing stm32f7xx_hal_pcd.o(i.HAL_PCD_EP_ClrStall), (92 bytes).
    Removing stm32f7xx_hal_pcd.o(i.HAL_PCD_EP_Flush), (50 bytes).
    Removing stm32f7xx_hal_pcd.o(i.HAL_PCD_EP_GetRxCount), (18 bytes).
    Removing stm32f7xx_hal_pcd.o(i.HAL_PCD_EP_Open), (96 bytes).
    Removing stm32f7xx_hal_pcd.o(i.HAL_PCD_EP_Receive), (72 bytes).
    Removing stm32f7xx_hal_pcd.o(i.HAL_PCD_EP_SetStall), (116 bytes).
    Removing stm32f7xx_hal_pcd.o(i.HAL_PCD_EP_Transmit), (68 bytes).
    Removing stm32f7xx_hal_pcd.o(i.HAL_PCD_GetState), (6 bytes).
    Removing stm32f7xx_hal_pcd.o(i.HAL_PCD_IRQHandler), (1436 bytes).
    Removing stm32f7xx_hal_pcd.o(i.HAL_PCD_ISOINIncompleteCallback), (2 bytes).
    Removing stm32f7xx_hal_pcd.o(i.HAL_PCD_ISOOUTIncompleteCallback), (2 bytes).
    Removing stm32f7xx_hal_pcd.o(i.HAL_PCD_MspDeInit), (2 bytes).
    Removing stm32f7xx_hal_pcd.o(i.HAL_PCD_MspInit), (2 bytes).
    Removing stm32f7xx_hal_pcd.o(i.HAL_PCD_ResetCallback), (2 bytes).
    Removing stm32f7xx_hal_pcd.o(i.HAL_PCD_ResumeCallback), (2 bytes).
    Removing stm32f7xx_hal_pcd.o(i.HAL_PCD_SOFCallback), (2 bytes).
    Removing stm32f7xx_hal_pcd.o(i.HAL_PCD_SetAddress), (40 bytes).
    Removing stm32f7xx_hal_pcd.o(i.HAL_PCD_SetTestMode), (32 bytes).
    Removing stm32f7xx_hal_pcd.o(i.HAL_PCD_SetupStageCallback), (2 bytes).
    Removing stm32f7xx_hal_pcd.o(i.HAL_PCD_Start), (42 bytes).
    Removing stm32f7xx_hal_pcd.o(i.HAL_PCD_Stop), (50 bytes).
    Removing stm32f7xx_hal_pcd.o(i.HAL_PCD_SuspendCallback), (2 bytes).
    Removing stm32f7xx_hal_pcd.o(i.HAL_PCD_WKUP_IRQHandler), (28 bytes).
    Removing stm32f7xx_hal_pcd.o(i.PCD_EP_OutXfrComplete_int), (204 bytes).
    Removing stm32f7xx_hal_pcd.o(i.PCD_WriteEmptyTxFifo), (162 bytes).
    Removing stm32f7xx_hal_pcd_ex.o(.rev16_text), (4 bytes).
    Removing stm32f7xx_hal_pcd_ex.o(.revsh_text), (4 bytes).
    Removing stm32f7xx_hal_pcd_ex.o(.rrx_text), (6 bytes).
    Removing stm32f7xx_hal_pcd_ex.o(i.HAL_PCDEx_BCD_Callback), (2 bytes).
    Removing stm32f7xx_hal_pcd_ex.o(i.HAL_PCDEx_DeActivateLPM), (32 bytes).
    Removing stm32f7xx_hal_pcd_ex.o(i.HAL_PCDEx_LPM_Callback), (2 bytes).
    Removing stm32f7xx_hal_pcd_ex.o(i.HAL_PCDEx_SetRxFiFo), (8 bytes).
    Removing stm32f7xx_hal_pcd_ex.o(i.HAL_PCDEx_SetTxFiFo), (70 bytes).
    Removing stm32f7xx_ll_usb.o(.rev16_text), (4 bytes).
    Removing stm32f7xx_ll_usb.o(.revsh_text), (4 bytes).
    Removing stm32f7xx_ll_usb.o(.rrx_text), (6 bytes).
    Removing stm32f7xx_ll_usb.o(i.USB_ActivateDedicatedEndpoint), (148 bytes).
    Removing stm32f7xx_ll_usb.o(i.USB_ActivateEndpoint), (128 bytes).
    Removing stm32f7xx_ll_usb.o(i.USB_ActivateRemoteWakeup), (24 bytes).
    Removing stm32f7xx_ll_usb.o(i.USB_ActivateSetup), (28 bytes).
    Removing stm32f7xx_ll_usb.o(i.USB_ClearInterrupts), (8 bytes).
    Removing stm32f7xx_ll_usb.o(i.USB_DeActivateRemoteWakeup), (16 bytes).
    Removing stm32f7xx_ll_usb.o(i.USB_DeactivateDedicatedEndpoint), (150 bytes).
    Removing stm32f7xx_ll_usb.o(i.USB_DeactivateEndpoint), (204 bytes).
    Removing stm32f7xx_ll_usb.o(i.USB_DevConnect), (28 bytes).
    Removing stm32f7xx_ll_usb.o(i.USB_DoPing), (36 bytes).
    Removing stm32f7xx_ll_usb.o(i.USB_DriveVbus), (44 bytes).
    Removing stm32f7xx_ll_usb.o(i.USB_EP0StartXfer), (288 bytes).
    Removing stm32f7xx_ll_usb.o(i.USB_EP0_OutStart), (88 bytes).
    Removing stm32f7xx_ll_usb.o(i.USB_EPClearStall), (88 bytes).
    Removing stm32f7xx_ll_usb.o(i.USB_EPSetStall), (88 bytes).
    Removing stm32f7xx_ll_usb.o(i.USB_EPStartXfer), (488 bytes).
    Removing stm32f7xx_ll_usb.o(i.USB_EPStopXfer), (158 bytes).
    Removing stm32f7xx_ll_usb.o(i.USB_EnableGlobalInt), (12 bytes).
    Removing stm32f7xx_ll_usb.o(i.USB_GetCurrentFrame), (8 bytes).
    Removing stm32f7xx_ll_usb.o(i.USB_GetDevSpeed), (26 bytes).
    Removing stm32f7xx_ll_usb.o(i.USB_GetHostSpeed), (14 bytes).
    Removing stm32f7xx_ll_usb.o(i.USB_GetMode), (8 bytes).
    Removing stm32f7xx_ll_usb.o(i.USB_HC_Halt), (198 bytes).
    Removing stm32f7xx_ll_usb.o(i.USB_HC_Init), (274 bytes).
    Removing stm32f7xx_ll_usb.o(i.USB_HC_ReadInterrupt), (8 bytes).
    Removing stm32f7xx_ll_usb.o(i.USB_HC_StartXfer), (320 bytes).
    Removing stm32f7xx_ll_usb.o(i.USB_HostInit), (192 bytes).
    Removing stm32f7xx_ll_usb.o(i.USB_InitFSLSPClkSel), (56 bytes).
    Removing stm32f7xx_ll_usb.o(i.USB_ReadChInterrupts), (16 bytes).
    Removing stm32f7xx_ll_usb.o(i.USB_ReadDevAllInEpInterrupt), (14 bytes).
    Removing stm32f7xx_ll_usb.o(i.USB_ReadDevAllOutEpInterrupt), (14 bytes).
    Removing stm32f7xx_ll_usb.o(i.USB_ReadDevInEPInterrupt), (36 bytes).
    Removing stm32f7xx_ll_usb.o(i.USB_ReadDevOutEPInterrupt), (16 bytes).
    Removing stm32f7xx_ll_usb.o(i.USB_ReadInterrupts), (8 bytes).
    Removing stm32f7xx_ll_usb.o(i.USB_ReadPacket), (64 bytes).
    Removing stm32f7xx_ll_usb.o(i.USB_ResetPort), (50 bytes).
    Removing stm32f7xx_ll_usb.o(i.USB_SetDevAddress), (34 bytes).
    Removing stm32f7xx_ll_usb.o(i.USB_SetDevSpeed), (14 bytes).
    Removing stm32f7xx_ll_usb.o(i.USB_SetTurnaroundTime), (232 bytes).
    Removing stm32f7xx_ll_usb.o(i.USB_StopDevice), (68 bytes).
    Removing stm32f7xx_ll_usb.o(i.USB_StopHost), (142 bytes).
    Removing stm32f7xx_ll_usb.o(i.USB_WritePacket), (40 bytes).
    Removing system_stm32f7xx.o(.rev16_text), (4 bytes).
    Removing system_stm32f7xx.o(.revsh_text), (4 bytes).
    Removing system_stm32f7xx.o(.rrx_text), (6 bytes).
    Removing system_stm32f7xx.o(i.SystemCoreClockUpdate), (128 bytes).

517 unused section(s) (total 39538 bytes) removed from the image.

==============================================================================

Image Symbol Table

    Local Symbols

    Symbol Name                              Value     Ov Type        Size  Object(Section)

    ../Core/Src/eth.c                        0x00000000   Number         0  eth.o ABSOLUTE
    ../Core/Src/gpio.c                       0x00000000   Number         0  gpio.o ABSOLUTE
    ../Core/Src/main.c                       0x00000000   Number         0  main.o ABSOLUTE
    ../Core/Src/stm32f7xx_hal_msp.c          0x00000000   Number         0  stm32f7xx_hal_msp.o ABSOLUTE
    ../Core/Src/stm32f7xx_it.c               0x00000000   Number         0  stm32f7xx_it.o ABSOLUTE
    ../Core/Src/system_stm32f7xx.c           0x00000000   Number         0  system_stm32f7xx.o ABSOLUTE
    ../Core/Src/usart.c                      0x00000000   Number         0  usart.o ABSOLUTE
    ../Core/Src/usb_otg.c                    0x00000000   Number         0  usb_otg.o ABSOLUTE
    ../Drivers/STM32F7xx_HAL_Driver/Src/stm32f7xx_hal.c 0x00000000   Number         0  stm32f7xx_hal.o ABSOLUTE
    ../Drivers/STM32F7xx_HAL_Driver/Src/stm32f7xx_hal_cortex.c 0x00000000   Number         0  stm32f7xx_hal_cortex.o ABSOLUTE
    ../Drivers/STM32F7xx_HAL_Driver/Src/stm32f7xx_hal_dma.c 0x00000000   Number         0  stm32f7xx_hal_dma.o ABSOLUTE
    ../Drivers/STM32F7xx_HAL_Driver/Src/stm32f7xx_hal_dma_ex.c 0x00000000   Number         0  stm32f7xx_hal_dma_ex.o ABSOLUTE
    ../Drivers/STM32F7xx_HAL_Driver/Src/stm32f7xx_hal_eth.c 0x00000000   Number         0  stm32f7xx_hal_eth.o ABSOLUTE
    ../Drivers/STM32F7xx_HAL_Driver/Src/stm32f7xx_hal_exti.c 0x00000000   Number         0  stm32f7xx_hal_exti.o ABSOLUTE
    ../Drivers/STM32F7xx_HAL_Driver/Src/stm32f7xx_hal_flash.c 0x00000000   Number         0  stm32f7xx_hal_flash.o ABSOLUTE
    ../Drivers/STM32F7xx_HAL_Driver/Src/stm32f7xx_hal_flash_ex.c 0x00000000   Number         0  stm32f7xx_hal_flash_ex.o ABSOLUTE
    ../Drivers/STM32F7xx_HAL_Driver/Src/stm32f7xx_hal_gpio.c 0x00000000   Number         0  stm32f7xx_hal_gpio.o ABSOLUTE
    ../Drivers/STM32F7xx_HAL_Driver/Src/stm32f7xx_hal_i2c.c 0x00000000   Number         0  stm32f7xx_hal_i2c.o ABSOLUTE
    ../Drivers/STM32F7xx_HAL_Driver/Src/stm32f7xx_hal_i2c_ex.c 0x00000000   Number         0  stm32f7xx_hal_i2c_ex.o ABSOLUTE
    ../Drivers/STM32F7xx_HAL_Driver/Src/stm32f7xx_hal_pcd.c 0x00000000   Number         0  stm32f7xx_hal_pcd.o ABSOLUTE
    ../Drivers/STM32F7xx_HAL_Driver/Src/stm32f7xx_hal_pcd_ex.c 0x00000000   Number         0  stm32f7xx_hal_pcd_ex.o ABSOLUTE
    ../Drivers/STM32F7xx_HAL_Driver/Src/stm32f7xx_hal_pwr.c 0x00000000   Number         0  stm32f7xx_hal_pwr.o ABSOLUTE
    ../Drivers/STM32F7xx_HAL_Driver/Src/stm32f7xx_hal_pwr_ex.c 0x00000000   Number         0  stm32f7xx_hal_pwr_ex.o ABSOLUTE
    ../Drivers/STM32F7xx_HAL_Driver/Src/stm32f7xx_hal_rcc.c 0x00000000   Number         0  stm32f7xx_hal_rcc.o ABSOLUTE
    ../Drivers/STM32F7xx_HAL_Driver/Src/stm32f7xx_hal_rcc_ex.c 0x00000000   Number         0  stm32f7xx_hal_rcc_ex.o ABSOLUTE
    ../Drivers/STM32F7xx_HAL_Driver/Src/stm32f7xx_hal_tim.c 0x00000000   Number         0  stm32f7xx_hal_tim.o ABSOLUTE
    ../Drivers/STM32F7xx_HAL_Driver/Src/stm32f7xx_hal_tim_ex.c 0x00000000   Number         0  stm32f7xx_hal_tim_ex.o ABSOLUTE
    ../Drivers/STM32F7xx_HAL_Driver/Src/stm32f7xx_hal_uart.c 0x00000000   Number         0  stm32f7xx_hal_uart.o ABSOLUTE
    ../Drivers/STM32F7xx_HAL_Driver/Src/stm32f7xx_hal_uart_ex.c 0x00000000   Number         0  stm32f7xx_hal_uart_ex.o ABSOLUTE
    ../Drivers/STM32F7xx_HAL_Driver/Src/stm32f7xx_ll_usb.c 0x00000000   Number         0  stm32f7xx_ll_usb.o ABSOLUTE
    ../clib/angel/boardlib.s                 0x00000000   Number         0  boardinit2.o ABSOLUTE
    ../clib/angel/boardlib.s                 0x00000000   Number         0  boardinit3.o ABSOLUTE
    ../clib/angel/boardlib.s                 0x00000000   Number         0  boardinit1.o ABSOLUTE
    ../clib/angel/boardlib.s                 0x00000000   Number         0  boardshut.o ABSOLUTE
    ../clib/angel/handlers.s                 0x00000000   Number         0  __scatter_zi.o ABSOLUTE
    ../clib/angel/handlers.s                 0x00000000   Number         0  __scatter_copy.o ABSOLUTE
    ../clib/angel/kernel.s                   0x00000000   Number         0  __rtentry4.o ABSOLUTE
    ../clib/angel/kernel.s                   0x00000000   Number         0  rtexit2.o ABSOLUTE
    ../clib/angel/kernel.s                   0x00000000   Number         0  rtexit.o ABSOLUTE
    ../clib/angel/kernel.s                   0x00000000   Number         0  __rtentry2.o ABSOLUTE
    ../clib/angel/kernel.s                   0x00000000   Number         0  __rtentry.o ABSOLUTE
    ../clib/angel/rt.s                       0x00000000   Number         0  rt_raise.o ABSOLUTE
    ../clib/angel/rt.s                       0x00000000   Number         0  rt_div0.o ABSOLUTE
    ../clib/angel/rt.s                       0x00000000   Number         0  aeabi_ldiv0_sigfpe.o ABSOLUTE
    ../clib/angel/rt.s                       0x00000000   Number         0  aeabi_ldiv0.o ABSOLUTE
    ../clib/angel/scatter.s                  0x00000000   Number         0  __scatter.o ABSOLUTE
    ../clib/angel/startup.s                  0x00000000   Number         0  __main.o ABSOLUTE
    ../clib/angel/sys.s                      0x00000000   Number         0  sys_stackheap_outer.o ABSOLUTE
    ../clib/angel/sys.s                      0x00000000   Number         0  use_no_semi.o ABSOLUTE
    ../clib/angel/sys.s                      0x00000000   Number         0  libspace.o ABSOLUTE
    ../clib/angel/sys.s                      0x00000000   Number         0  indicate_semi.o ABSOLUTE
    ../clib/angel/sysapp.c                   0x00000000   Number         0  sys_command.o ABSOLUTE
    ../clib/angel/sysapp.c                   0x00000000   Number         0  sys_wrch.o ABSOLUTE
    ../clib/angel/sysapp.c                   0x00000000   Number         0  sys_exit.o ABSOLUTE
    ../clib/armsys.c                         0x00000000   Number         0  argv_veneer.o ABSOLUTE
    ../clib/armsys.c                         0x00000000   Number         0  no_argv.o ABSOLUTE
    ../clib/armsys.c                         0x00000000   Number         0  _get_argv_nomalloc.o ABSOLUTE
    ../clib/armsys.c                         0x00000000   Number         0  argv_veneer.o ABSOLUTE
    ../clib/heapalloc.c                      0x00000000   Number         0  hrguard.o ABSOLUTE
    ../clib/heapaux.c                        0x00000000   Number         0  heapauxi.o ABSOLUTE
    ../clib/libinit.s                        0x00000000   Number         0  libinit.o ABSOLUTE
    ../clib/libinit.s                        0x00000000   Number         0  libinit2.o ABSOLUTE
    ../clib/libinit.s                        0x00000000   Number         0  libshutdown.o ABSOLUTE
    ../clib/libinit.s                        0x00000000   Number         0  libshutdown2.o ABSOLUTE
    ../clib/longlong.s                       0x00000000   Number         0  lludivv7m.o ABSOLUTE
    ../clib/memcpset.s                       0x00000000   Number         0  rt_memcpy_w.o ABSOLUTE
    ../clib/memcpset.s                       0x00000000   Number         0  rt_memclr_w.o ABSOLUTE
    ../clib/signal.c                         0x00000000   Number         0  defsig_pvfn_inner.o ABSOLUTE
    ../clib/signal.c                         0x00000000   Number         0  defsig_cppl_inner.o ABSOLUTE
    ../clib/signal.c                         0x00000000   Number         0  defsig_rtmem_outer.o ABSOLUTE
    ../clib/signal.c                         0x00000000   Number         0  defsig_exit.o ABSOLUTE
    ../clib/signal.c                         0x00000000   Number         0  defsig_fpe_inner.o ABSOLUTE
    ../clib/signal.c                         0x00000000   Number         0  defsig_fpe_outer.o ABSOLUTE
    ../clib/signal.c                         0x00000000   Number         0  defsig_other.o ABSOLUTE
    ../clib/signal.c                         0x00000000   Number         0  defsig_rtmem_inner.o ABSOLUTE
    ../clib/signal.c                         0x00000000   Number         0  defsig_rtred_inner.o ABSOLUTE
    ../clib/signal.c                         0x00000000   Number         0  defsig_abrt_inner.o ABSOLUTE
    ../clib/signal.c                         0x00000000   Number         0  defsig_fpe_formal.o ABSOLUTE
    ../clib/signal.c                         0x00000000   Number         0  defsig_general.o ABSOLUTE
    ../clib/signal.c                         0x00000000   Number         0  defsig_rtmem_formal.o ABSOLUTE
    ../clib/signal.c                         0x00000000   Number         0  defsig_stak_inner.o ABSOLUTE
    ../clib/signal.c                         0x00000000   Number         0  __raise.o ABSOLUTE
    ../clib/signal.c                         0x00000000   Number         0  defsig_segv_inner.o ABSOLUTE
    ../clib/signal.s                         0x00000000   Number         0  defsig.o ABSOLUTE
    ../clib/stdlib.c                         0x00000000   Number         0  exit.o ABSOLUTE
    ../fplib/fpinit.s                        0x00000000   Number         0  fpinit.o ABSOLUTE
    ..\Core\Src\eth.c                        0x00000000   Number         0  eth.o ABSOLUTE
    ..\Core\Src\gpio.c                       0x00000000   Number         0  gpio.o ABSOLUTE
    ..\Core\Src\main.c                       0x00000000   Number         0  main.o ABSOLUTE
    ..\Core\Src\stm32f7xx_hal_msp.c          0x00000000   Number         0  stm32f7xx_hal_msp.o ABSOLUTE
    ..\Core\Src\stm32f7xx_it.c               0x00000000   Number         0  stm32f7xx_it.o ABSOLUTE
    ..\Core\Src\system_stm32f7xx.c           0x00000000   Number         0  system_stm32f7xx.o ABSOLUTE
    ..\Core\Src\usart.c                      0x00000000   Number         0  usart.o ABSOLUTE
    ..\Core\Src\usb_otg.c                    0x00000000   Number         0  usb_otg.o ABSOLUTE
    ..\Drivers\STM32F7xx_HAL_Driver\Src\stm32f7xx_hal.c 0x00000000   Number         0  stm32f7xx_hal.o ABSOLUTE
    ..\Drivers\STM32F7xx_HAL_Driver\Src\stm32f7xx_hal_cortex.c 0x00000000   Number         0  stm32f7xx_hal_cortex.o ABSOLUTE
    ..\Drivers\STM32F7xx_HAL_Driver\Src\stm32f7xx_hal_dma.c 0x00000000   Number         0  stm32f7xx_hal_dma.o ABSOLUTE
    ..\Drivers\STM32F7xx_HAL_Driver\Src\stm32f7xx_hal_dma_ex.c 0x00000000   Number         0  stm32f7xx_hal_dma_ex.o ABSOLUTE
    ..\Drivers\STM32F7xx_HAL_Driver\Src\stm32f7xx_hal_eth.c 0x00000000   Number         0  stm32f7xx_hal_eth.o ABSOLUTE
    ..\Drivers\STM32F7xx_HAL_Driver\Src\stm32f7xx_hal_exti.c 0x00000000   Number         0  stm32f7xx_hal_exti.o ABSOLUTE
    ..\Drivers\STM32F7xx_HAL_Driver\Src\stm32f7xx_hal_flash.c 0x00000000   Number         0  stm32f7xx_hal_flash.o ABSOLUTE
    ..\Drivers\STM32F7xx_HAL_Driver\Src\stm32f7xx_hal_flash_ex.c 0x00000000   Number         0  stm32f7xx_hal_flash_ex.o ABSOLUTE
    ..\Drivers\STM32F7xx_HAL_Driver\Src\stm32f7xx_hal_gpio.c 0x00000000   Number         0  stm32f7xx_hal_gpio.o ABSOLUTE
    ..\Drivers\STM32F7xx_HAL_Driver\Src\stm32f7xx_hal_i2c.c 0x00000000   Number         0  stm32f7xx_hal_i2c.o ABSOLUTE
    ..\Drivers\STM32F7xx_HAL_Driver\Src\stm32f7xx_hal_i2c_ex.c 0x00000000   Number         0  stm32f7xx_hal_i2c_ex.o ABSOLUTE
    ..\Drivers\STM32F7xx_HAL_Driver\Src\stm32f7xx_hal_pcd.c 0x00000000   Number         0  stm32f7xx_hal_pcd.o ABSOLUTE
    ..\Drivers\STM32F7xx_HAL_Driver\Src\stm32f7xx_hal_pcd_ex.c 0x00000000   Number         0  stm32f7xx_hal_pcd_ex.o ABSOLUTE
    ..\Drivers\STM32F7xx_HAL_Driver\Src\stm32f7xx_hal_pwr.c 0x00000000   Number         0  stm32f7xx_hal_pwr.o ABSOLUTE
    ..\Drivers\STM32F7xx_HAL_Driver\Src\stm32f7xx_hal_pwr_ex.c 0x00000000   Number         0  stm32f7xx_hal_pwr_ex.o ABSOLUTE
    ..\Drivers\STM32F7xx_HAL_Driver\Src\stm32f7xx_hal_rcc.c 0x00000000   Number         0  stm32f7xx_hal_rcc.o ABSOLUTE
    ..\Drivers\STM32F7xx_HAL_Driver\Src\stm32f7xx_hal_rcc_ex.c 0x00000000   Number         0  stm32f7xx_hal_rcc_ex.o ABSOLUTE
    ..\Drivers\STM32F7xx_HAL_Driver\Src\stm32f7xx_hal_tim.c 0x00000000   Number         0  stm32f7xx_hal_tim.o ABSOLUTE
    ..\Drivers\STM32F7xx_HAL_Driver\Src\stm32f7xx_hal_tim_ex.c 0x00000000   Number         0  stm32f7xx_hal_tim_ex.o ABSOLUTE
    ..\Drivers\STM32F7xx_HAL_Driver\Src\stm32f7xx_hal_uart.c 0x00000000   Number         0  stm32f7xx_hal_uart.o ABSOLUTE
    ..\Drivers\STM32F7xx_HAL_Driver\Src\stm32f7xx_hal_uart_ex.c 0x00000000   Number         0  stm32f7xx_hal_uart_ex.o ABSOLUTE
    ..\Drivers\STM32F7xx_HAL_Driver\Src\stm32f7xx_ll_usb.c 0x00000000   Number         0  stm32f7xx_ll_usb.o ABSOLUTE
    dc.s                                     0x00000000   Number         0  dc.o ABSOLUTE
    startup_stm32f756xx.s                    0x00000000   Number         0  startup_stm32f756xx.o ABSOLUTE
    RESET                                    0x08010000   Section      456  startup_stm32f756xx.o(RESET)
    !!!main                                  0x080101c8   Section        8  __main.o(!!!main)
    !!!scatter                               0x080101d0   Section       52  __scatter.o(!!!scatter)
    !!handler_copy                           0x08010204   Section       26  __scatter_copy.o(!!handler_copy)
    !!handler_zi                             0x08010220   Section       28  __scatter_zi.o(!!handler_zi)
    .ARM.Collect$$libinit$$00000000          0x0801023c   Section        2  libinit.o(.ARM.Collect$$libinit$$00000000)
    .ARM.Collect$$libinit$$00000001          0x0801023e   Section        4  libinit2.o(.ARM.Collect$$libinit$$00000001)
    .ARM.Collect$$libinit$$00000004          0x08010242   Section        0  libinit2.o(.ARM.Collect$$libinit$$00000004)
    .ARM.Collect$$libinit$$0000000A          0x08010242   Section        0  libinit2.o(.ARM.Collect$$libinit$$0000000A)
    .ARM.Collect$$libinit$$0000000C          0x08010242   Section        0  libinit2.o(.ARM.Collect$$libinit$$0000000C)
    .ARM.Collect$$libinit$$0000000E          0x08010242   Section        0  libinit2.o(.ARM.Collect$$libinit$$0000000E)
    .ARM.Collect$$libinit$$00000011          0x08010242   Section        0  libinit2.o(.ARM.Collect$$libinit$$00000011)
    .ARM.Collect$$libinit$$00000013          0x08010242   Section        0  libinit2.o(.ARM.Collect$$libinit$$00000013)
    .ARM.Collect$$libinit$$00000015          0x08010242   Section        0  libinit2.o(.ARM.Collect$$libinit$$00000015)
    .ARM.Collect$$libinit$$00000017          0x08010242   Section        0  libinit2.o(.ARM.Collect$$libinit$$00000017)
    .ARM.Collect$$libinit$$00000019          0x08010242   Section        0  libinit2.o(.ARM.Collect$$libinit$$00000019)
    .ARM.Collect$$libinit$$0000001B          0x08010242   Section        0  libinit2.o(.ARM.Collect$$libinit$$0000001B)
    .ARM.Collect$$libinit$$0000001D          0x08010242   Section        0  libinit2.o(.ARM.Collect$$libinit$$0000001D)
    .ARM.Collect$$libinit$$0000001F          0x08010242   Section        0  libinit2.o(.ARM.Collect$$libinit$$0000001F)
    .ARM.Collect$$libinit$$00000021          0x08010242   Section        0  libinit2.o(.ARM.Collect$$libinit$$00000021)
    .ARM.Collect$$libinit$$00000023          0x08010242   Section        0  libinit2.o(.ARM.Collect$$libinit$$00000023)
    .ARM.Collect$$libinit$$00000025          0x08010242   Section        0  libinit2.o(.ARM.Collect$$libinit$$00000025)
    .ARM.Collect$$libinit$$0000002C          0x08010242   Section        0  libinit2.o(.ARM.Collect$$libinit$$0000002C)
    .ARM.Collect$$libinit$$0000002E          0x08010242   Section        0  libinit2.o(.ARM.Collect$$libinit$$0000002E)
    .ARM.Collect$$libinit$$00000030          0x08010242   Section        0  libinit2.o(.ARM.Collect$$libinit$$00000030)
    .ARM.Collect$$libinit$$00000032          0x08010242   Section        0  libinit2.o(.ARM.Collect$$libinit$$00000032)
    .ARM.Collect$$libinit$$00000033          0x08010242   Section        2  libinit2.o(.ARM.Collect$$libinit$$00000033)
    .ARM.Collect$$libshutdown$$00000000      0x08010244   Section        2  libshutdown.o(.ARM.Collect$$libshutdown$$00000000)
    .ARM.Collect$$libshutdown$$00000002      0x08010246   Section        0  libshutdown2.o(.ARM.Collect$$libshutdown$$00000002)
    .ARM.Collect$$libshutdown$$00000004      0x08010246   Section        0  libshutdown2.o(.ARM.Collect$$libshutdown$$00000004)
    .ARM.Collect$$libshutdown$$00000007      0x08010246   Section        0  libshutdown2.o(.ARM.Collect$$libshutdown$$00000007)
    .ARM.Collect$$libshutdown$$0000000A      0x08010246   Section        0  libshutdown2.o(.ARM.Collect$$libshutdown$$0000000A)
    .ARM.Collect$$libshutdown$$0000000C      0x08010246   Section        0  libshutdown2.o(.ARM.Collect$$libshutdown$$0000000C)
    .ARM.Collect$$libshutdown$$0000000F      0x08010246   Section        0  libshutdown2.o(.ARM.Collect$$libshutdown$$0000000F)
    .ARM.Collect$$libshutdown$$00000010      0x08010246   Section        2  libshutdown2.o(.ARM.Collect$$libshutdown$$00000010)
    .ARM.Collect$$rtentry$$00000000          0x08010248   Section        0  __rtentry.o(.ARM.Collect$$rtentry$$00000000)
    .ARM.Collect$$rtentry$$00000002          0x08010248   Section        0  __rtentry2.o(.ARM.Collect$$rtentry$$00000002)
    .ARM.Collect$$rtentry$$00000004          0x08010248   Section        6  __rtentry4.o(.ARM.Collect$$rtentry$$00000004)
    .ARM.Collect$$rtentry$$00000009          0x0801024e   Section        0  __rtentry2.o(.ARM.Collect$$rtentry$$00000009)
    .ARM.Collect$$rtentry$$0000000A          0x0801024e   Section        4  __rtentry2.o(.ARM.Collect$$rtentry$$0000000A)
    .ARM.Collect$$rtentry$$0000000C          0x08010252   Section        0  __rtentry2.o(.ARM.Collect$$rtentry$$0000000C)
    .ARM.Collect$$rtentry$$0000000D          0x08010252   Section        8  __rtentry2.o(.ARM.Collect$$rtentry$$0000000D)
    .ARM.Collect$$rtexit$$00000000           0x0801025a   Section        2  rtexit.o(.ARM.Collect$$rtexit$$00000000)
    .ARM.Collect$$rtexit$$00000002           0x0801025c   Section        0  rtexit2.o(.ARM.Collect$$rtexit$$00000002)
    .ARM.Collect$$rtexit$$00000003           0x0801025c   Section        4  rtexit2.o(.ARM.Collect$$rtexit$$00000003)
    .ARM.Collect$$rtexit$$00000004           0x08010260   Section        6  rtexit2.o(.ARM.Collect$$rtexit$$00000004)
    .text                                    0x08010268   Section       64  startup_stm32f756xx.o(.text)
    $v0                                      0x08010268   Number         0  startup_stm32f756xx.o(.text)
    .text                                    0x080102a8   Section      238  lludivv7m.o(.text)
    .text                                    0x08010396   Section      100  rt_memcpy_w.o(.text)
    .text                                    0x080103fa   Section       78  rt_memclr_w.o(.text)
    .text                                    0x08010448   Section        0  heapauxi.o(.text)
    .text                                    0x0801044e   Section       74  sys_stackheap_outer.o(.text)
    .text                                    0x08010498   Section        0  exit.o(.text)
    .text                                    0x080104ac   Section        8  libspace.o(.text)
    .text                                    0x080104b4   Section        0  sys_exit.o(.text)
    .text                                    0x080104c0   Section        2  use_no_semi.o(.text)
    .text                                    0x080104c2   Section        0  indicate_semi.o(.text)
    i.BusFault_Handler                       0x080104c2   Section        0  stm32f7xx_it.o(i.BusFault_Handler)
    i.DebugMon_Handler                       0x080104c4   Section        0  stm32f7xx_it.o(i.DebugMon_Handler)
    i.ETH_DMARxDescListInit                  0x080104c8   Section        0  stm32f7xx_hal_eth.o(i.ETH_DMARxDescListInit)
    ETH_DMARxDescListInit                    0x080104c9   Thumb Code   110  stm32f7xx_hal_eth.o(i.ETH_DMARxDescListInit)
    i.ETH_MACDMAConfig                       0x08010536   Section        0  stm32f7xx_hal_eth.o(i.ETH_MACDMAConfig)
    ETH_MACDMAConfig                         0x08010537   Thumb Code   154  stm32f7xx_hal_eth.o(i.ETH_MACDMAConfig)
    i.ETH_SetDMAConfig                       0x080105d0   Section        0  stm32f7xx_hal_eth.o(i.ETH_SetDMAConfig)
    ETH_SetDMAConfig                         0x080105d1   Thumb Code   192  stm32f7xx_hal_eth.o(i.ETH_SetDMAConfig)
    i.ETH_SetMACConfig                       0x08010694   Section        0  stm32f7xx_hal_eth.o(i.ETH_SetMACConfig)
    ETH_SetMACConfig                         0x08010695   Thumb Code   270  stm32f7xx_hal_eth.o(i.ETH_SetMACConfig)
    i.EXTI15_10_IRQHandler                   0x080107a8   Section        0  stm32f7xx_it.o(i.EXTI15_10_IRQHandler)
    i.Error_Handler                          0x080107e0   Section        0  main.o(i.Error_Handler)
    i.HAL_Delay                              0x080107e4   Section        0  stm32f7xx_hal.o(i.HAL_Delay)
    i.HAL_ETH_Init                           0x08010808   Section        0  stm32f7xx_hal_eth.o(i.HAL_ETH_Init)
    i.HAL_ETH_MspInit                        0x0801091c   Section        0  eth.o(i.HAL_ETH_MspInit)
    i.HAL_GPIO_EXTI_Callback                 0x08010a04   Section        0  stm32f7xx_hal_gpio.o(i.HAL_GPIO_EXTI_Callback)
    i.HAL_GPIO_EXTI_IRQHandler               0x08010a08   Section        0  stm32f7xx_hal_gpio.o(i.HAL_GPIO_EXTI_IRQHandler)
    i.HAL_GPIO_Init                          0x08010a20   Section        0  stm32f7xx_hal_gpio.o(i.HAL_GPIO_Init)
    i.HAL_GPIO_WritePin                      0x08010c68   Section        0  stm32f7xx_hal_gpio.o(i.HAL_GPIO_WritePin)
    i.HAL_GetTick                            0x08010c74   Section        0  stm32f7xx_hal.o(i.HAL_GetTick)
    i.HAL_IncTick                            0x08010c80   Section        0  stm32f7xx_hal.o(i.HAL_IncTick)
    i.HAL_Init                               0x08010c90   Section        0  stm32f7xx_hal.o(i.HAL_Init)
    i.HAL_InitTick                           0x08010ca8   Section        0  stm32f7xx_hal.o(i.HAL_InitTick)
    i.HAL_MspInit                            0x08010ce8   Section        0  stm32f7xx_hal_msp.o(i.HAL_MspInit)
    i.HAL_NVIC_EnableIRQ                     0x08010d18   Section        0  stm32f7xx_hal_cortex.o(i.HAL_NVIC_EnableIRQ)
    i.HAL_NVIC_SetPriority                   0x08010d34   Section        0  stm32f7xx_hal_cortex.o(i.HAL_NVIC_SetPriority)
    i.HAL_NVIC_SetPriorityGrouping           0x08010d74   Section        0  stm32f7xx_hal_cortex.o(i.HAL_NVIC_SetPriorityGrouping)
    i.HAL_PCDEx_ActivateLPM                  0x08010d98   Section        0  stm32f7xx_hal_pcd_ex.o(i.HAL_PCDEx_ActivateLPM)
    i.HAL_PCD_Init                           0x08010dc0   Section        0  stm32f7xx_hal_pcd.o(i.HAL_PCD_Init)
    i.HAL_PCD_MspInit                        0x08010eb4   Section        0  usb_otg.o(i.HAL_PCD_MspInit)
    i.HAL_PWREx_EnableOverDrive              0x08010f5c   Section        0  stm32f7xx_hal_pwr_ex.o(i.HAL_PWREx_EnableOverDrive)
    i.HAL_PWR_EnableBkUpAccess               0x08010fc8   Section        0  stm32f7xx_hal_pwr.o(i.HAL_PWR_EnableBkUpAccess)
    i.HAL_RCCEx_PeriphCLKConfig              0x08010fd8   Section        0  stm32f7xx_hal_rcc_ex.o(i.HAL_RCCEx_PeriphCLKConfig)
    i.HAL_RCC_ClockConfig                    0x080114d4   Section        0  stm32f7xx_hal_rcc.o(i.HAL_RCC_ClockConfig)
    i.HAL_RCC_GetPCLK1Freq                   0x08011604   Section        0  stm32f7xx_hal_rcc.o(i.HAL_RCC_GetPCLK1Freq)
    i.HAL_RCC_GetPCLK2Freq                   0x08011624   Section        0  stm32f7xx_hal_rcc.o(i.HAL_RCC_GetPCLK2Freq)
    i.HAL_RCC_GetSysClockFreq                0x08011644   Section        0  stm32f7xx_hal_rcc.o(i.HAL_RCC_GetSysClockFreq)
    i.HAL_RCC_OscConfig                      0x080116a4   Section        0  stm32f7xx_hal_rcc.o(i.HAL_RCC_OscConfig)
    i.HAL_SYSTICK_Config                     0x08011a28   Section        0  stm32f7xx_hal_cortex.o(i.HAL_SYSTICK_Config)
    i.HAL_UART_Init                          0x08011a4e   Section        0  stm32f7xx_hal_uart.o(i.HAL_UART_Init)
    i.HAL_UART_MspInit                       0x08011ab4   Section        0  usart.o(i.HAL_UART_MspInit)
    i.HAL_UART_Transmit                      0x08011b3c   Section        0  stm32f7xx_hal_uart.o(i.HAL_UART_Transmit)
    i.HardFault_Handler                      0x08011bde   Section        0  stm32f7xx_it.o(i.HardFault_Handler)
    i.MX_ETH_Init                            0x08011be0   Section        0  eth.o(i.MX_ETH_Init)
    i.MX_GPIO_Init                           0x08011c4c   Section        0  gpio.o(i.MX_GPIO_Init)
    i.MX_USART3_UART_Init                    0x08011d4c   Section        0  usart.o(i.MX_USART3_UART_Init)
    i.MX_USB_OTG_FS_PCD_Init                 0x08011d88   Section        0  usb_otg.o(i.MX_USB_OTG_FS_PCD_Init)
    i.MemManage_Handler                      0x08011dc4   Section        0  stm32f7xx_it.o(i.MemManage_Handler)
    i.NMI_Handler                            0x08011dc6   Section        0  stm32f7xx_it.o(i.NMI_Handler)
    i.PendSV_Handler                         0x08011dc8   Section        0  stm32f7xx_it.o(i.PendSV_Handler)
    i.SVC_Handler                            0x08011dca   Section        0  stm32f7xx_it.o(i.SVC_Handler)
    i.SysTick_Handler                        0x08011dcc   Section        0  stm32f7xx_it.o(i.SysTick_Handler)
    i.SystemClock_Config                     0x08011dd0   Section        0  main.o(i.SystemClock_Config)
    i.SystemInit                             0x08011e74   Section        0  system_stm32f7xx.o(i.SystemInit)
    i.UART_AdvFeatureConfig                  0x08011e90   Section        0  stm32f7xx_hal_uart.o(i.UART_AdvFeatureConfig)
    i.UART_CheckIdleState                    0x08011f58   Section        0  stm32f7xx_hal_uart.o(i.UART_CheckIdleState)
    i.UART_SetConfig                         0x08011f9c   Section        0  stm32f7xx_hal_uart.o(i.UART_SetConfig)
    i.UART_WaitOnFlagUntilTimeout            0x080121cc   Section        0  stm32f7xx_hal_uart.o(i.UART_WaitOnFlagUntilTimeout)
    i.USB_CoreInit                           0x08012298   Section        0  stm32f7xx_ll_usb.o(i.USB_CoreInit)
    i.USB_CoreReset                          0x08012304   Section        0  stm32f7xx_ll_usb.o(i.USB_CoreReset)
    USB_CoreReset                            0x08012305   Thumb Code    58  stm32f7xx_ll_usb.o(i.USB_CoreReset)
    i.USB_DevDisconnect                      0x08012344   Section        0  stm32f7xx_ll_usb.o(i.USB_DevDisconnect)
    i.USB_DevInit                            0x08012360   Section        0  stm32f7xx_ll_usb.o(i.USB_DevInit)
    i.USB_DisableGlobalInt                   0x080124d8   Section        0  stm32f7xx_ll_usb.o(i.USB_DisableGlobalInt)
    i.USB_FlushRxFifo                        0x080124e4   Section        0  stm32f7xx_ll_usb.o(i.USB_FlushRxFifo)
    i.USB_FlushTxFifo                        0x08012520   Section        0  stm32f7xx_ll_usb.o(i.USB_FlushTxFifo)
    i.USB_SetCurrentMode                     0x08012560   Section        0  stm32f7xx_ll_usb.o(i.USB_SetCurrentMode)
    i.UsageFault_Handler                     0x080125be   Section        0  stm32f7xx_it.o(i.UsageFault_Handler)
    i.__NVIC_SetPriority                     0x080125c0   Section        0  stm32f7xx_hal_cortex.o(i.__NVIC_SetPriority)
    __NVIC_SetPriority                       0x080125c1   Thumb Code    34  stm32f7xx_hal_cortex.o(i.__NVIC_SetPriority)
    i.main                                   0x080125e4   Section        0  main.o(i.main)
    x$fpl$fpinit                             0x08012620   Section       10  fpinit.o(x$fpl$fpinit)
    $v0                                      0x08012620   Number         0  fpinit.o(x$fpl$fpinit)
    .constdata                               0x0801262a   Section       16  system_stm32f7xx.o(.constdata)
    .constdata                               0x0801263a   Section        8  system_stm32f7xx.o(.constdata)
    .data                                    0x20000000   Section       31  main.o(.data)
    .data                                    0x2000001f   Section        6  eth.o(.data)
    MACAddr                                  0x2000001f   Data           6  eth.o(.data)
    .data                                    0x20000028   Section       12  stm32f7xx_hal.o(.data)
    .data                                    0x20000034   Section        4  system_stm32f7xx.o(.data)
    .bss                                     0x20000038   Section      232  eth.o(.bss)
    .bss                                     0x20000120   Section      136  usart.o(.bss)
    .bss                                     0x200001a8   Section     1288  usb_otg.o(.bss)
    .bss                                     0x200006b0   Section       96  libspace.o(.bss)
    HEAP                                     0x20000710   Section      512  startup_stm32f756xx.o(HEAP)
    Heap_Mem                                 0x20000710   Data         512  startup_stm32f756xx.o(HEAP)
    STACK                                    0x20000910   Section     1024  startup_stm32f756xx.o(STACK)
    Stack_Mem                                0x20000910   Data        1024  startup_stm32f756xx.o(STACK)
    __initial_sp                             0x20000d10   Data           0  startup_stm32f756xx.o(STACK)
    .ARM.__AT_0x2004C000                     0x2004c000   Section      160  eth.o(.ARM.__AT_0x2004C000)
    .ARM.__AT_0x2004C0A0                     0x2004c0a0   Section      160  eth.o(.ARM.__AT_0x2004C0A0)

    Global Symbols

    Symbol Name                              Value     Ov Type        Size  Object(Section)

    BuildAttributes$$THM_ISAv4$E$P$D$K$B$S$7EM$VFPi5$EXTD16$VFPS$VFMA$PE$PLD8$A:L22UL41UL21$X:L11$S22US41US21$IEEE1$IW$USESV6$~STKCKD$USESV7$~SHL$OSPACE$ROPI$EBA8$UX$STANDARDLIB$REQ8$PRES8$EABIv2 0x00000000   Number         0  anon$$obj.o ABSOLUTE
    __ARM_use_no_argv                        0x00000000   Number         0  main.o ABSOLUTE
    __ARM_exceptions_init                     - Undefined Weak Reference
    __alloca_initialize                       - Undefined Weak Reference
    __arm_preinit_                            - Undefined Weak Reference
    __cpp_initialize__aeabi_                  - Undefined Weak Reference
    __cxa_finalize                            - Undefined Weak Reference
    __rt_locale                               - Undefined Weak Reference
    __sigvec_lookup                           - Undefined Weak Reference
    _atexit_init                              - Undefined Weak Reference
    _call_atexit_fns                          - Undefined Weak Reference
    _clock_init                               - Undefined Weak Reference
    _fp_trap_init                             - Undefined Weak Reference
    _fp_trap_shutdown                         - Undefined Weak Reference
    _get_lc_collate                           - Undefined Weak Reference
    _get_lc_ctype                             - Undefined Weak Reference
    _get_lc_monetary                          - Undefined Weak Reference
    _get_lc_numeric                           - Undefined Weak Reference
    _get_lc_time                              - Undefined Weak Reference
    _getenv_init                              - Undefined Weak Reference
    _handle_redirection                       - Undefined Weak Reference
    _init_alloc                               - Undefined Weak Reference
    _init_user_alloc                          - Undefined Weak Reference
    _initio                                   - Undefined Weak Reference
    _rand_init                                - Undefined Weak Reference
    _signal_finish                            - Undefined Weak Reference
    _signal_init                              - Undefined Weak Reference
    _terminate_alloc                          - Undefined Weak Reference
    _terminate_user_alloc                     - Undefined Weak Reference
    _terminateio                              - Undefined Weak Reference
    __Vectors_Size                           0x000001c8   Number         0  startup_stm32f756xx.o ABSOLUTE
    __Vectors                                0x08010000   Data           4  startup_stm32f756xx.o(RESET)
    __Vectors_End                            0x080101c8   Data           0  startup_stm32f756xx.o(RESET)
    __main                                   0x080101c9   Thumb Code     8  __main.o(!!!main)
    __scatterload                            0x080101d1   Thumb Code     0  __scatter.o(!!!scatter)
    __scatterload_rt2                        0x080101d1   Thumb Code    44  __scatter.o(!!!scatter)
    __scatterload_rt2_thumb_only             0x080101d1   Thumb Code     0  __scatter.o(!!!scatter)
    __scatterload_null                       0x080101df   Thumb Code     0  __scatter.o(!!!scatter)
    __scatterload_copy                       0x08010205   Thumb Code    26  __scatter_copy.o(!!handler_copy)
    __scatterload_zeroinit                   0x08010221   Thumb Code    28  __scatter_zi.o(!!handler_zi)
    __rt_lib_init                            0x0801023d   Thumb Code     0  libinit.o(.ARM.Collect$$libinit$$00000000)
    __rt_lib_init_fp_1                       0x0801023f   Thumb Code     0  libinit2.o(.ARM.Collect$$libinit$$00000001)
    __rt_lib_init_alloca_1                   0x08010243   Thumb Code     0  libinit2.o(.ARM.Collect$$libinit$$0000002E)
    __rt_lib_init_argv_1                     0x08010243   Thumb Code     0  libinit2.o(.ARM.Collect$$libinit$$0000002C)
    __rt_lib_init_atexit_1                   0x08010243   Thumb Code     0  libinit2.o(.ARM.Collect$$libinit$$0000001B)
    __rt_lib_init_clock_1                    0x08010243   Thumb Code     0  libinit2.o(.ARM.Collect$$libinit$$00000021)
    __rt_lib_init_cpp_1                      0x08010243   Thumb Code     0  libinit2.o(.ARM.Collect$$libinit$$00000032)
    __rt_lib_init_exceptions_1               0x08010243   Thumb Code     0  libinit2.o(.ARM.Collect$$libinit$$00000030)
    __rt_lib_init_fp_trap_1                  0x08010243   Thumb Code     0  libinit2.o(.ARM.Collect$$libinit$$0000001F)
    __rt_lib_init_getenv_1                   0x08010243   Thumb Code     0  libinit2.o(.ARM.Collect$$libinit$$00000023)
    __rt_lib_init_heap_1                     0x08010243   Thumb Code     0  libinit2.o(.ARM.Collect$$libinit$$0000000A)
    __rt_lib_init_lc_collate_1               0x08010243   Thumb Code     0  libinit2.o(.ARM.Collect$$libinit$$00000011)
    __rt_lib_init_lc_ctype_1                 0x08010243   Thumb Code     0  libinit2.o(.ARM.Collect$$libinit$$00000013)
    __rt_lib_init_lc_monetary_1              0x08010243   Thumb Code     0  libinit2.o(.ARM.Collect$$libinit$$00000015)
    __rt_lib_init_lc_numeric_1               0x08010243   Thumb Code     0  libinit2.o(.ARM.Collect$$libinit$$00000017)
    __rt_lib_init_lc_time_1                  0x08010243   Thumb Code     0  libinit2.o(.ARM.Collect$$libinit$$00000019)
    __rt_lib_init_preinit_1                  0x08010243   Thumb Code     0  libinit2.o(.ARM.Collect$$libinit$$00000004)
    __rt_lib_init_rand_1                     0x08010243   Thumb Code     0  libinit2.o(.ARM.Collect$$libinit$$0000000E)
    __rt_lib_init_return                     0x08010243   Thumb Code     0  libinit2.o(.ARM.Collect$$libinit$$00000033)
    __rt_lib_init_signal_1                   0x08010243   Thumb Code     0  libinit2.o(.ARM.Collect$$libinit$$0000001D)
    __rt_lib_init_stdio_1                    0x08010243   Thumb Code     0  libinit2.o(.ARM.Collect$$libinit$$00000025)
    __rt_lib_init_user_alloc_1               0x08010243   Thumb Code     0  libinit2.o(.ARM.Collect$$libinit$$0000000C)
    __rt_lib_shutdown                        0x08010245   Thumb Code     0  libshutdown.o(.ARM.Collect$$libshutdown$$00000000)
    __rt_lib_shutdown_cpp_1                  0x08010247   Thumb Code     0  libshutdown2.o(.ARM.Collect$$libshutdown$$00000002)
    __rt_lib_shutdown_fp_trap_1              0x08010247   Thumb Code     0  libshutdown2.o(.ARM.Collect$$libshutdown$$00000007)
    __rt_lib_shutdown_heap_1                 0x08010247   Thumb Code     0  libshutdown2.o(.ARM.Collect$$libshutdown$$0000000F)
    __rt_lib_shutdown_return                 0x08010247   Thumb Code     0  libshutdown2.o(.ARM.Collect$$libshutdown$$00000010)
    __rt_lib_shutdown_signal_1               0x08010247   Thumb Code     0  libshutdown2.o(.ARM.Collect$$libshutdown$$0000000A)
    __rt_lib_shutdown_stdio_1                0x08010247   Thumb Code     0  libshutdown2.o(.ARM.Collect$$libshutdown$$00000004)
    __rt_lib_shutdown_user_alloc_1           0x08010247   Thumb Code     0  libshutdown2.o(.ARM.Collect$$libshutdown$$0000000C)
    __rt_entry                               0x08010249   Thumb Code     0  __rtentry.o(.ARM.Collect$$rtentry$$00000000)
    __rt_entry_presh_1                       0x08010249   Thumb Code     0  __rtentry2.o(.ARM.Collect$$rtentry$$00000002)
    __rt_entry_sh                            0x08010249   Thumb Code     0  __rtentry4.o(.ARM.Collect$$rtentry$$00000004)
    __rt_entry_li                            0x0801024f   Thumb Code     0  __rtentry2.o(.ARM.Collect$$rtentry$$0000000A)
    __rt_entry_postsh_1                      0x0801024f   Thumb Code     0  __rtentry2.o(.ARM.Collect$$rtentry$$00000009)
    __rt_entry_main                          0x08010253   Thumb Code     0  __rtentry2.o(.ARM.Collect$$rtentry$$0000000D)
    __rt_entry_postli_1                      0x08010253   Thumb Code     0  __rtentry2.o(.ARM.Collect$$rtentry$$0000000C)
    __rt_exit                                0x0801025b   Thumb Code     0  rtexit.o(.ARM.Collect$$rtexit$$00000000)
    __rt_exit_ls                             0x0801025d   Thumb Code     0  rtexit2.o(.ARM.Collect$$rtexit$$00000003)
    __rt_exit_prels_1                        0x0801025d   Thumb Code     0  rtexit2.o(.ARM.Collect$$rtexit$$00000002)
    __rt_exit_exit                           0x08010261   Thumb Code     0  rtexit2.o(.ARM.Collect$$rtexit$$00000004)
    Reset_Handler                            0x08010269   Thumb Code     8  startup_stm32f756xx.o(.text)
    ADC_IRQHandler                           0x08010283   Thumb Code     0  startup_stm32f756xx.o(.text)
    CAN1_RX0_IRQHandler                      0x08010283   Thumb Code     0  startup_stm32f756xx.o(.text)
    CAN1_RX1_IRQHandler                      0x08010283   Thumb Code     0  startup_stm32f756xx.o(.text)
    CAN1_SCE_IRQHandler                      0x08010283   Thumb Code     0  startup_stm32f756xx.o(.text)
    CAN1_TX_IRQHandler                       0x08010283   Thumb Code     0  startup_stm32f756xx.o(.text)
    CAN2_RX0_IRQHandler                      0x08010283   Thumb Code     0  startup_stm32f756xx.o(.text)
    CAN2_RX1_IRQHandler                      0x08010283   Thumb Code     0  startup_stm32f756xx.o(.text)
    CAN2_SCE_IRQHandler                      0x08010283   Thumb Code     0  startup_stm32f756xx.o(.text)
    CAN2_TX_IRQHandler                       0x08010283   Thumb Code     0  startup_stm32f756xx.o(.text)
    CEC_IRQHandler                           0x08010283   Thumb Code     0  startup_stm32f756xx.o(.text)
    CRYP_IRQHandler                          0x08010283   Thumb Code     0  startup_stm32f756xx.o(.text)
    DCMI_IRQHandler                          0x08010283   Thumb Code     0  startup_stm32f756xx.o(.text)
    DMA1_Stream0_IRQHandler                  0x08010283   Thumb Code     0  startup_stm32f756xx.o(.text)
    DMA1_Stream1_IRQHandler                  0x08010283   Thumb Code     0  startup_stm32f756xx.o(.text)
    DMA1_Stream2_IRQHandler                  0x08010283   Thumb Code     0  startup_stm32f756xx.o(.text)
    DMA1_Stream3_IRQHandler                  0x08010283   Thumb Code     0  startup_stm32f756xx.o(.text)
    DMA1_Stream4_IRQHandler                  0x08010283   Thumb Code     0  startup_stm32f756xx.o(.text)
    DMA1_Stream5_IRQHandler                  0x08010283   Thumb Code     0  startup_stm32f756xx.o(.text)
    DMA1_Stream6_IRQHandler                  0x08010283   Thumb Code     0  startup_stm32f756xx.o(.text)
    DMA1_Stream7_IRQHandler                  0x08010283   Thumb Code     0  startup_stm32f756xx.o(.text)
    DMA2D_IRQHandler                         0x08010283   Thumb Code     0  startup_stm32f756xx.o(.text)
    DMA2_Stream0_IRQHandler                  0x08010283   Thumb Code     0  startup_stm32f756xx.o(.text)
    DMA2_Stream1_IRQHandler                  0x08010283   Thumb Code     0  startup_stm32f756xx.o(.text)
    DMA2_Stream2_IRQHandler                  0x08010283   Thumb Code     0  startup_stm32f756xx.o(.text)
    DMA2_Stream3_IRQHandler                  0x08010283   Thumb Code     0  startup_stm32f756xx.o(.text)
    DMA2_Stream4_IRQHandler                  0x08010283   Thumb Code     0  startup_stm32f756xx.o(.text)
    DMA2_Stream5_IRQHandler                  0x08010283   Thumb Code     0  startup_stm32f756xx.o(.text)
    DMA2_Stream6_IRQHandler                  0x08010283   Thumb Code     0  startup_stm32f756xx.o(.text)
    DMA2_Stream7_IRQHandler                  0x08010283   Thumb Code     0  startup_stm32f756xx.o(.text)
    ETH_IRQHandler                           0x08010283   Thumb Code     0  startup_stm32f756xx.o(.text)
    ETH_WKUP_IRQHandler                      0x08010283   Thumb Code     0  startup_stm32f756xx.o(.text)
    EXTI0_IRQHandler                         0x08010283   Thumb Code     0  startup_stm32f756xx.o(.text)
    EXTI1_IRQHandler                         0x08010283   Thumb Code     0  startup_stm32f756xx.o(.text)
    EXTI2_IRQHandler                         0x08010283   Thumb Code     0  startup_stm32f756xx.o(.text)
    EXTI3_IRQHandler                         0x08010283   Thumb Code     0  startup_stm32f756xx.o(.text)
    EXTI4_IRQHandler                         0x08010283   Thumb Code     0  startup_stm32f756xx.o(.text)
    EXTI9_5_IRQHandler                       0x08010283   Thumb Code     0  startup_stm32f756xx.o(.text)
    FLASH_IRQHandler                         0x08010283   Thumb Code     0  startup_stm32f756xx.o(.text)
    FMC_IRQHandler                           0x08010283   Thumb Code     0  startup_stm32f756xx.o(.text)
    FPU_IRQHandler                           0x08010283   Thumb Code     0  startup_stm32f756xx.o(.text)
    HASH_RNG_IRQHandler                      0x08010283   Thumb Code     0  startup_stm32f756xx.o(.text)
    I2C1_ER_IRQHandler                       0x08010283   Thumb Code     0  startup_stm32f756xx.o(.text)
    I2C1_EV_IRQHandler                       0x08010283   Thumb Code     0  startup_stm32f756xx.o(.text)
    I2C2_ER_IRQHandler                       0x08010283   Thumb Code     0  startup_stm32f756xx.o(.text)
    I2C2_EV_IRQHandler                       0x08010283   Thumb Code     0  startup_stm32f756xx.o(.text)
    I2C3_ER_IRQHandler                       0x08010283   Thumb Code     0  startup_stm32f756xx.o(.text)
    I2C3_EV_IRQHandler                       0x08010283   Thumb Code     0  startup_stm32f756xx.o(.text)
    I2C4_ER_IRQHandler                       0x08010283   Thumb Code     0  startup_stm32f756xx.o(.text)
    I2C4_EV_IRQHandler                       0x08010283   Thumb Code     0  startup_stm32f756xx.o(.text)
    LPTIM1_IRQHandler                        0x08010283   Thumb Code     0  startup_stm32f756xx.o(.text)
    LTDC_ER_IRQHandler                       0x08010283   Thumb Code     0  startup_stm32f756xx.o(.text)
    LTDC_IRQHandler                          0x08010283   Thumb Code     0  startup_stm32f756xx.o(.text)
    OTG_FS_IRQHandler                        0x08010283   Thumb Code     0  startup_stm32f756xx.o(.text)
    OTG_FS_WKUP_IRQHandler                   0x08010283   Thumb Code     0  startup_stm32f756xx.o(.text)
    OTG_HS_EP1_IN_IRQHandler                 0x08010283   Thumb Code     0  startup_stm32f756xx.o(.text)
    OTG_HS_EP1_OUT_IRQHandler                0x08010283   Thumb Code     0  startup_stm32f756xx.o(.text)
    OTG_HS_IRQHandler                        0x08010283   Thumb Code     0  startup_stm32f756xx.o(.text)
    OTG_HS_WKUP_IRQHandler                   0x08010283   Thumb Code     0  startup_stm32f756xx.o(.text)
    PVD_IRQHandler                           0x08010283   Thumb Code     0  startup_stm32f756xx.o(.text)
    QUADSPI_IRQHandler                       0x08010283   Thumb Code     0  startup_stm32f756xx.o(.text)
    RCC_IRQHandler                           0x08010283   Thumb Code     0  startup_stm32f756xx.o(.text)
    RTC_Alarm_IRQHandler                     0x08010283   Thumb Code     0  startup_stm32f756xx.o(.text)
    RTC_WKUP_IRQHandler                      0x08010283   Thumb Code     0  startup_stm32f756xx.o(.text)
    SAI1_IRQHandler                          0x08010283   Thumb Code     0  startup_stm32f756xx.o(.text)
    SAI2_IRQHandler                          0x08010283   Thumb Code     0  startup_stm32f756xx.o(.text)
    SDMMC1_IRQHandler                        0x08010283   Thumb Code     0  startup_stm32f756xx.o(.text)
    SPDIF_RX_IRQHandler                      0x08010283   Thumb Code     0  startup_stm32f756xx.o(.text)
    SPI1_IRQHandler                          0x08010283   Thumb Code     0  startup_stm32f756xx.o(.text)
    SPI2_IRQHandler                          0x08010283   Thumb Code     0  startup_stm32f756xx.o(.text)
    SPI3_IRQHandler                          0x08010283   Thumb Code     0  startup_stm32f756xx.o(.text)
    SPI4_IRQHandler                          0x08010283   Thumb Code     0  startup_stm32f756xx.o(.text)
    SPI5_IRQHandler                          0x08010283   Thumb Code     0  startup_stm32f756xx.o(.text)
    SPI6_IRQHandler                          0x08010283   Thumb Code     0  startup_stm32f756xx.o(.text)
    TAMP_STAMP_IRQHandler                    0x08010283   Thumb Code     0  startup_stm32f756xx.o(.text)
    TIM1_BRK_TIM9_IRQHandler                 0x08010283   Thumb Code     0  startup_stm32f756xx.o(.text)
    TIM1_CC_IRQHandler                       0x08010283   Thumb Code     0  startup_stm32f756xx.o(.text)
    TIM1_TRG_COM_TIM11_IRQHandler            0x08010283   Thumb Code     0  startup_stm32f756xx.o(.text)
    TIM1_UP_TIM10_IRQHandler                 0x08010283   Thumb Code     0  startup_stm32f756xx.o(.text)
    TIM2_IRQHandler                          0x08010283   Thumb Code     0  startup_stm32f756xx.o(.text)
    TIM3_IRQHandler                          0x08010283   Thumb Code     0  startup_stm32f756xx.o(.text)
    TIM4_IRQHandler                          0x08010283   Thumb Code     0  startup_stm32f756xx.o(.text)
    TIM5_IRQHandler                          0x08010283   Thumb Code     0  startup_stm32f756xx.o(.text)
    TIM6_DAC_IRQHandler                      0x08010283   Thumb Code     0  startup_stm32f756xx.o(.text)
    TIM7_IRQHandler                          0x08010283   Thumb Code     0  startup_stm32f756xx.o(.text)
    TIM8_BRK_TIM12_IRQHandler                0x08010283   Thumb Code     0  startup_stm32f756xx.o(.text)
    TIM8_CC_IRQHandler                       0x08010283   Thumb Code     0  startup_stm32f756xx.o(.text)
    TIM8_TRG_COM_TIM14_IRQHandler            0x08010283   Thumb Code     0  startup_stm32f756xx.o(.text)
    TIM8_UP_TIM13_IRQHandler                 0x08010283   Thumb Code     0  startup_stm32f756xx.o(.text)
    UART4_IRQHandler                         0x08010283   Thumb Code     0  startup_stm32f756xx.o(.text)
    UART5_IRQHandler                         0x08010283   Thumb Code     0  startup_stm32f756xx.o(.text)
    UART7_IRQHandler                         0x08010283   Thumb Code     0  startup_stm32f756xx.o(.text)
    UART8_IRQHandler                         0x08010283   Thumb Code     0  startup_stm32f756xx.o(.text)
    USART1_IRQHandler                        0x08010283   Thumb Code     0  startup_stm32f756xx.o(.text)
    USART2_IRQHandler                        0x08010283   Thumb Code     0  startup_stm32f756xx.o(.text)
    USART3_IRQHandler                        0x08010283   Thumb Code     0  startup_stm32f756xx.o(.text)
    USART6_IRQHandler                        0x08010283   Thumb Code     0  startup_stm32f756xx.o(.text)
    WWDG_IRQHandler                          0x08010283   Thumb Code     0  startup_stm32f756xx.o(.text)
    __user_initial_stackheap                 0x08010285   Thumb Code     0  startup_stm32f756xx.o(.text)
    __aeabi_uldivmod                         0x080102a9   Thumb Code     0  lludivv7m.o(.text)
    _ll_udiv                                 0x080102a9   Thumb Code   238  lludivv7m.o(.text)
    __aeabi_memcpy4                          0x08010397   Thumb Code     0  rt_memcpy_w.o(.text)
    __aeabi_memcpy8                          0x08010397   Thumb Code     0  rt_memcpy_w.o(.text)
    __rt_memcpy_w                            0x08010397   Thumb Code   100  rt_memcpy_w.o(.text)
    _memcpy_lastbytes_aligned                0x080103df   Thumb Code     0  rt_memcpy_w.o(.text)
    __aeabi_memclr4                          0x080103fb   Thumb Code     0  rt_memclr_w.o(.text)
    __aeabi_memclr8                          0x080103fb   Thumb Code     0  rt_memclr_w.o(.text)
    __rt_memclr_w                            0x080103fb   Thumb Code    78  rt_memclr_w.o(.text)
    _memset_w                                0x080103ff   Thumb Code     0  rt_memclr_w.o(.text)
    __use_two_region_memory                  0x08010449   Thumb Code     2  heapauxi.o(.text)
    __rt_heap_escrow$2region                 0x0801044b   Thumb Code     2  heapauxi.o(.text)
    __rt_heap_expand$2region                 0x0801044d   Thumb Code     2  heapauxi.o(.text)
    __user_setup_stackheap                   0x0801044f   Thumb Code    74  sys_stackheap_outer.o(.text)
    exit                                     0x08010499   Thumb Code    18  exit.o(.text)
    __user_libspace                          0x080104ad   Thumb Code     8  libspace.o(.text)
    __user_perproc_libspace                  0x080104ad   Thumb Code     0  libspace.o(.text)
    __user_perthread_libspace                0x080104ad   Thumb Code     0  libspace.o(.text)
    _sys_exit                                0x080104b5   Thumb Code     8  sys_exit.o(.text)
    __I$use$semihosting                      0x080104c1   Thumb Code     0  use_no_semi.o(.text)
    __use_no_semihosting_swi                 0x080104c1   Thumb Code     2  use_no_semi.o(.text)
    BusFault_Handler                         0x080104c3   Thumb Code     2  stm32f7xx_it.o(i.BusFault_Handler)
    __semihosting_library_function           0x080104c3   Thumb Code     0  indicate_semi.o(.text)
    DebugMon_Handler                         0x080104c5   Thumb Code     2  stm32f7xx_it.o(i.DebugMon_Handler)
    EXTI15_10_IRQHandler                     0x080107a9   Thumb Code    34  stm32f7xx_it.o(i.EXTI15_10_IRQHandler)
    Error_Handler                            0x080107e1   Thumb Code     4  main.o(i.Error_Handler)
    HAL_Delay                                0x080107e5   Thumb Code    32  stm32f7xx_hal.o(i.HAL_Delay)
    HAL_ETH_Init                             0x08010809   Thumb Code   262  stm32f7xx_hal_eth.o(i.HAL_ETH_Init)
    HAL_ETH_MspInit                          0x0801091d   Thumb Code   206  eth.o(i.HAL_ETH_MspInit)
    HAL_GPIO_EXTI_Callback                   0x08010a05   Thumb Code     2  stm32f7xx_hal_gpio.o(i.HAL_GPIO_EXTI_Callback)
    HAL_GPIO_EXTI_IRQHandler                 0x08010a09   Thumb Code    18  stm32f7xx_hal_gpio.o(i.HAL_GPIO_EXTI_IRQHandler)
    HAL_GPIO_Init                            0x08010a21   Thumb Code   530  stm32f7xx_hal_gpio.o(i.HAL_GPIO_Init)
    HAL_GPIO_WritePin                        0x08010c69   Thumb Code    10  stm32f7xx_hal_gpio.o(i.HAL_GPIO_WritePin)
    HAL_GetTick                              0x08010c75   Thumb Code     6  stm32f7xx_hal.o(i.HAL_GetTick)
    HAL_IncTick                              0x08010c81   Thumb Code    12  stm32f7xx_hal.o(i.HAL_IncTick)
    HAL_Init                                 0x08010c91   Thumb Code    22  stm32f7xx_hal.o(i.HAL_Init)
    HAL_InitTick                             0x08010ca9   Thumb Code    54  stm32f7xx_hal.o(i.HAL_InitTick)
    HAL_MspInit                              0x08010ce9   Thumb Code    42  stm32f7xx_hal_msp.o(i.HAL_MspInit)
    HAL_NVIC_EnableIRQ                       0x08010d19   Thumb Code    26  stm32f7xx_hal_cortex.o(i.HAL_NVIC_EnableIRQ)
    HAL_NVIC_SetPriority                     0x08010d35   Thumb Code    60  stm32f7xx_hal_cortex.o(i.HAL_NVIC_SetPriority)
    HAL_NVIC_SetPriorityGrouping             0x08010d75   Thumb Code    28  stm32f7xx_hal_cortex.o(i.HAL_NVIC_SetPriorityGrouping)
    HAL_PCDEx_ActivateLPM                    0x08010d99   Thumb Code    34  stm32f7xx_hal_pcd_ex.o(i.HAL_PCDEx_ActivateLPM)
    HAL_PCD_Init                             0x08010dc1   Thumb Code   242  stm32f7xx_hal_pcd.o(i.HAL_PCD_Init)
    HAL_PCD_MspInit                          0x08010eb5   Thumb Code   160  usb_otg.o(i.HAL_PCD_MspInit)
    HAL_PWREx_EnableOverDrive                0x08010f5d   Thumb Code   100  stm32f7xx_hal_pwr_ex.o(i.HAL_PWREx_EnableOverDrive)
    HAL_PWR_EnableBkUpAccess                 0x08010fc9   Thumb Code    12  stm32f7xx_hal_pwr.o(i.HAL_PWR_EnableBkUpAccess)
    HAL_RCCEx_PeriphCLKConfig                0x08010fd9   Thumb Code  1276  stm32f7xx_hal_rcc_ex.o(i.HAL_RCCEx_PeriphCLKConfig)
    HAL_RCC_ClockConfig                      0x080114d5   Thumb Code   284  stm32f7xx_hal_rcc.o(i.HAL_RCC_ClockConfig)
    HAL_RCC_GetPCLK1Freq                     0x08011605   Thumb Code    20  stm32f7xx_hal_rcc.o(i.HAL_RCC_GetPCLK1Freq)
    HAL_RCC_GetPCLK2Freq                     0x08011625   Thumb Code    20  stm32f7xx_hal_rcc.o(i.HAL_RCC_GetPCLK2Freq)
    HAL_RCC_GetSysClockFreq                  0x08011645   Thumb Code    88  stm32f7xx_hal_rcc.o(i.HAL_RCC_GetSysClockFreq)
    HAL_RCC_OscConfig                        0x080116a5   Thumb Code   888  stm32f7xx_hal_rcc.o(i.HAL_RCC_OscConfig)
    HAL_SYSTICK_Config                       0x08011a29   Thumb Code    38  stm32f7xx_hal_cortex.o(i.HAL_SYSTICK_Config)
    HAL_UART_Init                            0x08011a4f   Thumb Code   102  stm32f7xx_hal_uart.o(i.HAL_UART_Init)
    HAL_UART_MspInit                         0x08011ab5   Thumb Code   122  usart.o(i.HAL_UART_MspInit)
    HAL_UART_Transmit                        0x08011b3d   Thumb Code   162  stm32f7xx_hal_uart.o(i.HAL_UART_Transmit)
    HardFault_Handler                        0x08011bdf   Thumb Code     2  stm32f7xx_it.o(i.HardFault_Handler)
    MX_ETH_Init                              0x08011be1   Thumb Code    88  eth.o(i.MX_ETH_Init)
    MX_GPIO_Init                             0x08011c4d   Thumb Code   238  gpio.o(i.MX_GPIO_Init)
    MX_USART3_UART_Init                      0x08011d4d   Thumb Code    52  usart.o(i.MX_USART3_UART_Init)
    MX_USB_OTG_FS_PCD_Init                   0x08011d89   Thumb Code    54  usb_otg.o(i.MX_USB_OTG_FS_PCD_Init)
    MemManage_Handler                        0x08011dc5   Thumb Code     2  stm32f7xx_it.o(i.MemManage_Handler)
    NMI_Handler                              0x08011dc7   Thumb Code     2  stm32f7xx_it.o(i.NMI_Handler)
    PendSV_Handler                           0x08011dc9   Thumb Code     2  stm32f7xx_it.o(i.PendSV_Handler)
    SVC_Handler                              0x08011dcb   Thumb Code     2  stm32f7xx_it.o(i.SVC_Handler)
    SysTick_Handler                          0x08011dcd   Thumb Code     4  stm32f7xx_it.o(i.SysTick_Handler)
    SystemClock_Config                       0x08011dd1   Thumb Code   156  main.o(i.SystemClock_Config)
    SystemInit                               0x08011e75   Thumb Code    22  system_stm32f7xx.o(i.SystemInit)
    UART_AdvFeatureConfig                    0x08011e91   Thumb Code   200  stm32f7xx_hal_uart.o(i.UART_AdvFeatureConfig)
    UART_CheckIdleState                      0x08011f59   Thumb Code    68  stm32f7xx_hal_uart.o(i.UART_CheckIdleState)
    UART_SetConfig                           0x08011f9d   Thumb Code   516  stm32f7xx_hal_uart.o(i.UART_SetConfig)
    UART_WaitOnFlagUntilTimeout              0x080121cd   Thumb Code   202  stm32f7xx_hal_uart.o(i.UART_WaitOnFlagUntilTimeout)
    USB_CoreInit                             0x08012299   Thumb Code   104  stm32f7xx_ll_usb.o(i.USB_CoreInit)
    USB_DevDisconnect                        0x08012345   Thumb Code    28  stm32f7xx_ll_usb.o(i.USB_DevDisconnect)
    USB_DevInit                              0x08012361   Thumb Code   368  stm32f7xx_ll_usb.o(i.USB_DevInit)
    USB_DisableGlobalInt                     0x080124d9   Thumb Code    12  stm32f7xx_ll_usb.o(i.USB_DisableGlobalInt)
    USB_FlushRxFifo                          0x080124e5   Thumb Code    54  stm32f7xx_ll_usb.o(i.USB_FlushRxFifo)
    USB_FlushTxFifo                          0x08012521   Thumb Code    58  stm32f7xx_ll_usb.o(i.USB_FlushTxFifo)
    USB_SetCurrentMode                       0x08012561   Thumb Code    94  stm32f7xx_ll_usb.o(i.USB_SetCurrentMode)
    UsageFault_Handler                       0x080125bf   Thumb Code     2  stm32f7xx_it.o(i.UsageFault_Handler)
    main                                     0x080125e5   Thumb Code    52  main.o(i.main)
    _fp_init                                 0x08012621   Thumb Code    10  fpinit.o(x$fpl$fpinit)
    __fplib_config_fpu_vfp                   0x08012629   Thumb Code     0  fpinit.o(x$fpl$fpinit)
    __fplib_config_pureend_doubles           0x08012629   Thumb Code     0  fpinit.o(x$fpl$fpinit)
    AHBPrescTable                            0x0801262a   Data          16  system_stm32f7xx.o(.constdata)
    APBPrescTable                            0x0801263a   Data           8  system_stm32f7xx.o(.constdata)
    Region$$Table$$Base                      0x08012644   Number         0  anon$$obj.o(Region$$Table)
    Region$$Table$$Limit                     0x08012664   Number         0  anon$$obj.o(Region$$Table)
    ui_locmsg                                0x20000000   Data          31  main.o(.data)
    uwTickFreq                               0x20000028   Data           1  stm32f7xx_hal.o(.data)
    uwTickPrio                               0x2000002c   Data           4  stm32f7xx_hal.o(.data)
    uwTick                                   0x20000030   Data           4  stm32f7xx_hal.o(.data)
    SystemCoreClock                          0x20000034   Data           4  system_stm32f7xx.o(.data)
    TxConfig                                 0x20000038   Data          56  eth.o(.bss)
    heth                                     0x20000070   Data         176  eth.o(.bss)
    huart3                                   0x20000120   Data         136  usart.o(.bss)
    hpcd_USB_OTG_FS                          0x200001a8   Data        1288  usb_otg.o(.bss)
    __libspace_start                         0x200006b0   Data          96  libspace.o(.bss)
    __temporary_stack_top$libspace           0x20000710   Data           0  libspace.o(.bss)
    DMARxDscrTab                             0x2004c000   Data         160  eth.o(.ARM.__AT_0x2004C000)
    DMATxDscrTab                             0x2004c0a0   Data         160  eth.o(.ARM.__AT_0x2004C0A0)



==============================================================================

Memory Map of the image

  Image Entry point : 0x080101c9

  Load Region LR_IROM1 (Base: 0x08010000, Size: 0x0000269c, Max: 0x00100000, ABSOLUTE)

    Execution Region ER_IROM1 (Exec base: 0x08010000, Load base: 0x08010000, Size: 0x00002664, Max: 0x00100000, ABSOLUTE)

    Exec Addr    Load Addr    Size         Type   Attr      Idx    E Section Name        Object

    0x08010000   0x08010000   0x000001c8   Data   RO            3    RESET               startup_stm32f756xx.o
    0x080101c8   0x080101c8   0x00000008   Code   RO         3601  * !!!main             c_w.l(__main.o)
    0x080101d0   0x080101d0   0x00000034   Code   RO         3768    !!!scatter          c_w.l(__scatter.o)
    0x08010204   0x08010204   0x0000001a   Code   RO         3770    !!handler_copy      c_w.l(__scatter_copy.o)
    0x0801021e   0x0801021e   0x00000002   PAD
    0x08010220   0x08010220   0x0000001c   Code   RO         3772    !!handler_zi        c_w.l(__scatter_zi.o)
    0x0801023c   0x0801023c   0x00000002   Code   RO         3638    .ARM.Collect$$libinit$$00000000  c_w.l(libinit.o)
    0x0801023e   0x0801023e   0x00000004   Code   RO         3650    .ARM.Collect$$libinit$$00000001  c_w.l(libinit2.o)
    0x08010242   0x08010242   0x00000000   Code   RO         3653    .ARM.Collect$$libinit$$00000004  c_w.l(libinit2.o)
    0x08010242   0x08010242   0x00000000   Code   RO         3656    .ARM.Collect$$libinit$$0000000A  c_w.l(libinit2.o)
    0x08010242   0x08010242   0x00000000   Code   RO         3658    .ARM.Collect$$libinit$$0000000C  c_w.l(libinit2.o)
    0x08010242   0x08010242   0x00000000   Code   RO         3660    .ARM.Collect$$libinit$$0000000E  c_w.l(libinit2.o)
    0x08010242   0x08010242   0x00000000   Code   RO         3663    .ARM.Collect$$libinit$$00000011  c_w.l(libinit2.o)
    0x08010242   0x08010242   0x00000000   Code   RO         3665    .ARM.Collect$$libinit$$00000013  c_w.l(libinit2.o)
    0x08010242   0x08010242   0x00000000   Code   RO         3667    .ARM.Collect$$libinit$$00000015  c_w.l(libinit2.o)
    0x08010242   0x08010242   0x00000000   Code   RO         3669    .ARM.Collect$$libinit$$00000017  c_w.l(libinit2.o)
    0x08010242   0x08010242   0x00000000   Code   RO         3671    .ARM.Collect$$libinit$$00000019  c_w.l(libinit2.o)
    0x08010242   0x08010242   0x00000000   Code   RO         3673    .ARM.Collect$$libinit$$0000001B  c_w.l(libinit2.o)
    0x08010242   0x08010242   0x00000000   Code   RO         3675    .ARM.Collect$$libinit$$0000001D  c_w.l(libinit2.o)
    0x08010242   0x08010242   0x00000000   Code   RO         3677    .ARM.Collect$$libinit$$0000001F  c_w.l(libinit2.o)
    0x08010242   0x08010242   0x00000000   Code   RO         3679    .ARM.Collect$$libinit$$00000021  c_w.l(libinit2.o)
    0x08010242   0x08010242   0x00000000   Code   RO         3681    .ARM.Collect$$libinit$$00000023  c_w.l(libinit2.o)
    0x08010242   0x08010242   0x00000000   Code   RO         3683    .ARM.Collect$$libinit$$00000025  c_w.l(libinit2.o)
    0x08010242   0x08010242   0x00000000   Code   RO         3687    .ARM.Collect$$libinit$$0000002C  c_w.l(libinit2.o)
    0x08010242   0x08010242   0x00000000   Code   RO         3689    .ARM.Collect$$libinit$$0000002E  c_w.l(libinit2.o)
    0x08010242   0x08010242   0x00000000   Code   RO         3691    .ARM.Collect$$libinit$$00000030  c_w.l(libinit2.o)
    0x08010242   0x08010242   0x00000000   Code   RO         3693    .ARM.Collect$$libinit$$00000032  c_w.l(libinit2.o)
    0x08010242   0x08010242   0x00000002   Code   RO         3694    .ARM.Collect$$libinit$$00000033  c_w.l(libinit2.o)
    0x08010244   0x08010244   0x00000002   Code   RO         3725    .ARM.Collect$$libshutdown$$00000000  c_w.l(libshutdown.o)
    0x08010246   0x08010246   0x00000000   Code   RO         3751    .ARM.Collect$$libshutdown$$00000002  c_w.l(libshutdown2.o)
    0x08010246   0x08010246   0x00000000   Code   RO         3753    .ARM.Collect$$libshutdown$$00000004  c_w.l(libshutdown2.o)
    0x08010246   0x08010246   0x00000000   Code   RO         3756    .ARM.Collect$$libshutdown$$00000007  c_w.l(libshutdown2.o)
    0x08010246   0x08010246   0x00000000   Code   RO         3759    .ARM.Collect$$libshutdown$$0000000A  c_w.l(libshutdown2.o)
    0x08010246   0x08010246   0x00000000   Code   RO         3761    .ARM.Collect$$libshutdown$$0000000C  c_w.l(libshutdown2.o)
    0x08010246   0x08010246   0x00000000   Code   RO         3764    .ARM.Collect$$libshutdown$$0000000F  c_w.l(libshutdown2.o)
    0x08010246   0x08010246   0x00000002   Code   RO         3765    .ARM.Collect$$libshutdown$$00000010  c_w.l(libshutdown2.o)
    0x08010248   0x08010248   0x00000000   Code   RO         3603    .ARM.Collect$$rtentry$$00000000  c_w.l(__rtentry.o)
    0x08010248   0x08010248   0x00000000   Code   RO         3609    .ARM.Collect$$rtentry$$00000002  c_w.l(__rtentry2.o)
    0x08010248   0x08010248   0x00000006   Code   RO         3621    .ARM.Collect$$rtentry$$00000004  c_w.l(__rtentry4.o)
    0x0801024e   0x0801024e   0x00000000   Code   RO         3611    .ARM.Collect$$rtentry$$00000009  c_w.l(__rtentry2.o)
    0x0801024e   0x0801024e   0x00000004   Code   RO         3612    .ARM.Collect$$rtentry$$0000000A  c_w.l(__rtentry2.o)
    0x08010252   0x08010252   0x00000000   Code   RO         3614    .ARM.Collect$$rtentry$$0000000C  c_w.l(__rtentry2.o)
    0x08010252   0x08010252   0x00000008   Code   RO         3615    .ARM.Collect$$rtentry$$0000000D  c_w.l(__rtentry2.o)
    0x0801025a   0x0801025a   0x00000002   Code   RO         3642    .ARM.Collect$$rtexit$$00000000  c_w.l(rtexit.o)
    0x0801025c   0x0801025c   0x00000000   Code   RO         3698    .ARM.Collect$$rtexit$$00000002  c_w.l(rtexit2.o)
    0x0801025c   0x0801025c   0x00000004   Code   RO         3699    .ARM.Collect$$rtexit$$00000003  c_w.l(rtexit2.o)
    0x08010260   0x08010260   0x00000006   Code   RO         3700    .ARM.Collect$$rtexit$$00000004  c_w.l(rtexit2.o)
    0x08010266   0x08010266   0x00000002   PAD
    0x08010268   0x08010268   0x00000040   Code   RO            4    .text               startup_stm32f756xx.o
    0x080102a8   0x080102a8   0x000000ee   Code   RO         3593    .text               c_w.l(lludivv7m.o)
    0x08010396   0x08010396   0x00000064   Code   RO         3595    .text               c_w.l(rt_memcpy_w.o)
    0x080103fa   0x080103fa   0x0000004e   Code   RO         3597    .text               c_w.l(rt_memclr_w.o)
    0x08010448   0x08010448   0x00000006   Code   RO         3599    .text               c_w.l(heapauxi.o)
    0x0801044e   0x0801044e   0x0000004a   Code   RO         3625    .text               c_w.l(sys_stackheap_outer.o)
    0x08010498   0x08010498   0x00000012   Code   RO         3627    .text               c_w.l(exit.o)
    0x080104aa   0x080104aa   0x00000002   PAD
    0x080104ac   0x080104ac   0x00000008   Code   RO         3639    .text               c_w.l(libspace.o)
    0x080104b4   0x080104b4   0x0000000c   Code   RO         3695    .text               c_w.l(sys_exit.o)
    0x080104c0   0x080104c0   0x00000002   Code   RO         3714    .text               c_w.l(use_no_semi.o)
    0x080104c2   0x080104c2   0x00000000   Code   RO         3716    .text               c_w.l(indicate_semi.o)
    0x080104c2   0x080104c2   0x00000002   Code   RO          332    i.BusFault_Handler  stm32f7xx_it.o
    0x080104c4   0x080104c4   0x00000002   Code   RO          333    i.DebugMon_Handler  stm32f7xx_it.o
    0x080104c6   0x080104c6   0x00000002   PAD
    0x080104c8   0x080104c8   0x0000006e   Code   RO         2130    i.ETH_DMARxDescListInit  stm32f7xx_hal_eth.o
    0x08010536   0x08010536   0x0000009a   Code   RO         2132    i.ETH_MACDMAConfig  stm32f7xx_hal_eth.o
    0x080105d0   0x080105d0   0x000000c4   Code   RO         2134    i.ETH_SetDMAConfig  stm32f7xx_hal_eth.o
    0x08010694   0x08010694   0x00000114   Code   RO         2135    i.ETH_SetMACConfig  stm32f7xx_hal_eth.o
    0x080107a8   0x080107a8   0x00000038   Code   RO          334    i.EXTI15_10_IRQHandler  stm32f7xx_it.o
    0x080107e0   0x080107e0   0x00000004   Code   RO           13    i.Error_Handler     main.o
    0x080107e4   0x080107e4   0x00000024   Code   RO         1353    i.HAL_Delay         stm32f7xx_hal.o
    0x08010808   0x08010808   0x00000114   Code   RO         2151    i.HAL_ETH_Init      stm32f7xx_hal_eth.o
    0x0801091c   0x0801091c   0x000000e8   Code   RO          201    i.HAL_ETH_MspInit   eth.o
    0x08010a04   0x08010a04   0x00000002   Code   RO          918    i.HAL_GPIO_EXTI_Callback  stm32f7xx_hal_gpio.o
    0x08010a06   0x08010a06   0x00000002   PAD
    0x08010a08   0x08010a08   0x00000018   Code   RO          919    i.HAL_GPIO_EXTI_IRQHandler  stm32f7xx_hal_gpio.o
    0x08010a20   0x08010a20   0x00000248   Code   RO          920    i.HAL_GPIO_Init     stm32f7xx_hal_gpio.o
    0x08010c68   0x08010c68   0x0000000a   Code   RO          924    i.HAL_GPIO_WritePin  stm32f7xx_hal_gpio.o
    0x08010c72   0x08010c72   0x00000002   PAD
    0x08010c74   0x08010c74   0x0000000c   Code   RO         1361    i.HAL_GetTick       stm32f7xx_hal.o
    0x08010c80   0x08010c80   0x00000010   Code   RO         1367    i.HAL_IncTick       stm32f7xx_hal.o
    0x08010c90   0x08010c90   0x00000016   Code   RO         1368    i.HAL_Init          stm32f7xx_hal.o
    0x08010ca6   0x08010ca6   0x00000002   PAD
    0x08010ca8   0x08010ca8   0x00000040   Code   RO         1369    i.HAL_InitTick      stm32f7xx_hal.o
    0x08010ce8   0x08010ce8   0x00000030   Code   RO          414    i.HAL_MspInit       stm32f7xx_hal_msp.o
    0x08010d18   0x08010d18   0x0000001a   Code   RO          443    i.HAL_NVIC_EnableIRQ  stm32f7xx_hal_cortex.o
    0x08010d32   0x08010d32   0x00000002   PAD
    0x08010d34   0x08010d34   0x00000040   Code   RO          449    i.HAL_NVIC_SetPriority  stm32f7xx_hal_cortex.o
    0x08010d74   0x08010d74   0x00000024   Code   RO          450    i.HAL_NVIC_SetPriorityGrouping  stm32f7xx_hal_cortex.o
    0x08010d98   0x08010d98   0x00000028   Code   RO         3191    i.HAL_PCDEx_ActivateLPM  stm32f7xx_hal_pcd_ex.o
    0x08010dc0   0x08010dc0   0x000000f2   Code   RO         2975    i.HAL_PCD_Init      stm32f7xx_hal_pcd.o
    0x08010eb2   0x08010eb2   0x00000002   PAD
    0x08010eb4   0x08010eb4   0x000000a8   Code   RO          291    i.HAL_PCD_MspInit   usb_otg.o
    0x08010f5c   0x08010f5c   0x0000006c   Code   RO         1260    i.HAL_PWREx_EnableOverDrive  stm32f7xx_hal_pwr_ex.o
    0x08010fc8   0x08010fc8   0x00000010   Code   RO         1137    i.HAL_PWR_EnableBkUpAccess  stm32f7xx_hal_pwr.o
    0x08010fd8   0x08010fd8   0x000004fc   Code   RO          681    i.HAL_RCCEx_PeriphCLKConfig  stm32f7xx_hal_rcc_ex.o
    0x080114d4   0x080114d4   0x00000130   Code   RO          574    i.HAL_RCC_ClockConfig  stm32f7xx_hal_rcc.o
    0x08011604   0x08011604   0x00000020   Code   RO          581    i.HAL_RCC_GetPCLK1Freq  stm32f7xx_hal_rcc.o
    0x08011624   0x08011624   0x00000020   Code   RO          582    i.HAL_RCC_GetPCLK2Freq  stm32f7xx_hal_rcc.o
    0x08011644   0x08011644   0x00000060   Code   RO          583    i.HAL_RCC_GetSysClockFreq  stm32f7xx_hal_rcc.o
    0x080116a4   0x080116a4   0x00000384   Code   RO          586    i.HAL_RCC_OscConfig  stm32f7xx_hal_rcc.o
    0x08011a28   0x08011a28   0x00000026   Code   RO          454    i.HAL_SYSTICK_Config  stm32f7xx_hal_cortex.o
    0x08011a4e   0x08011a4e   0x00000066   Code   RO         2536    i.HAL_UART_Init     stm32f7xx_hal_uart.o
    0x08011ab4   0x08011ab4   0x00000088   Code   RO          249    i.HAL_UART_MspInit  usart.o
    0x08011b3c   0x08011b3c   0x000000a2   Code   RO         2545    i.HAL_UART_Transmit  stm32f7xx_hal_uart.o
    0x08011bde   0x08011bde   0x00000002   Code   RO          335    i.HardFault_Handler  stm32f7xx_it.o
    0x08011be0   0x08011be0   0x0000006c   Code   RO          202    i.MX_ETH_Init       eth.o
    0x08011c4c   0x08011c4c   0x00000100   Code   RO          176    i.MX_GPIO_Init      gpio.o
    0x08011d4c   0x08011d4c   0x0000003c   Code   RO          250    i.MX_USART3_UART_Init  usart.o
    0x08011d88   0x08011d88   0x0000003c   Code   RO          292    i.MX_USB_OTG_FS_PCD_Init  usb_otg.o
    0x08011dc4   0x08011dc4   0x00000002   Code   RO          336    i.MemManage_Handler  stm32f7xx_it.o
    0x08011dc6   0x08011dc6   0x00000002   Code   RO          337    i.NMI_Handler       stm32f7xx_it.o
    0x08011dc8   0x08011dc8   0x00000002   Code   RO          338    i.PendSV_Handler    stm32f7xx_it.o
    0x08011dca   0x08011dca   0x00000002   Code   RO          339    i.SVC_Handler       stm32f7xx_it.o
    0x08011dcc   0x08011dcc   0x00000004   Code   RO          340    i.SysTick_Handler   stm32f7xx_it.o
    0x08011dd0   0x08011dd0   0x000000a4   Code   RO           14    i.SystemClock_Config  main.o
    0x08011e74   0x08011e74   0x0000001c   Code   RO         3557    i.SystemInit        system_stm32f7xx.o
    0x08011e90   0x08011e90   0x000000c8   Code   RO         2550    i.UART_AdvFeatureConfig  stm32f7xx_hal_uart.o
    0x08011f58   0x08011f58   0x00000044   Code   RO         2551    i.UART_CheckIdleState  stm32f7xx_hal_uart.o
    0x08011f9c   0x08011f9c   0x00000230   Code   RO         2566    i.UART_SetConfig    stm32f7xx_hal_uart.o
    0x080121cc   0x080121cc   0x000000ca   Code   RO         2571    i.UART_WaitOnFlagUntilTimeout  stm32f7xx_hal_uart.o
    0x08012296   0x08012296   0x00000002   PAD
    0x08012298   0x08012298   0x0000006c   Code   RO         3250    i.USB_CoreInit      stm32f7xx_ll_usb.o
    0x08012304   0x08012304   0x00000040   Code   RO         3251    i.USB_CoreReset     stm32f7xx_ll_usb.o
    0x08012344   0x08012344   0x0000001c   Code   RO         3256    i.USB_DevDisconnect  stm32f7xx_ll_usb.o
    0x08012360   0x08012360   0x00000178   Code   RO         3257    i.USB_DevInit       stm32f7xx_ll_usb.o
    0x080124d8   0x080124d8   0x0000000c   Code   RO         3258    i.USB_DisableGlobalInt  stm32f7xx_ll_usb.o
    0x080124e4   0x080124e4   0x0000003c   Code   RO         3268    i.USB_FlushRxFifo   stm32f7xx_ll_usb.o
    0x08012520   0x08012520   0x00000040   Code   RO         3269    i.USB_FlushTxFifo   stm32f7xx_ll_usb.o
    0x08012560   0x08012560   0x0000005e   Code   RO         3288    i.USB_SetCurrentMode  stm32f7xx_ll_usb.o
    0x080125be   0x080125be   0x00000002   Code   RO          341    i.UsageFault_Handler  stm32f7xx_it.o
    0x080125c0   0x080125c0   0x00000022   Code   RO          456    i.__NVIC_SetPriority  stm32f7xx_hal_cortex.o
    0x080125e2   0x080125e2   0x00000002   PAD
    0x080125e4   0x080125e4   0x0000003c   Code   RO           15    i.main              main.o
    0x08012620   0x08012620   0x0000000a   Code   RO         3710    x$fpl$fpinit        fz_wm.l(fpinit.o)
    0x0801262a   0x0801262a   0x00000010   Data   RO         3558    .constdata          system_stm32f7xx.o
    0x0801263a   0x0801263a   0x00000008   Data   RO         3559    .constdata          system_stm32f7xx.o
    0x08012642   0x08012642   0x00000002   PAD
    0x08012644   0x08012644   0x00000020   Data   RO         3766    Region$$Table       anon$$obj.o


    Execution Region RW_IRAM1 (Exec base: 0x20000000, Load base: 0x08012664, Size: 0x0004c140, Max: 0x00050000, ABSOLUTE)

    Exec Addr    Load Addr    Size         Type   Attr      Idx    E Section Name        Object

    0x20000000   0x08012664   0x0000001f   Data   RW           16    .data               main.o
    0x2000001f   0x08012683   0x00000006   Data   RW          206    .data               eth.o
    0x20000025   0x08012689   0x00000003   PAD
    0x20000028   0x0801268c   0x0000000c   Data   RW         1375    .data               stm32f7xx_hal.o
    0x20000034   0x08012698   0x00000004   Data   RW         3560    .data               system_stm32f7xx.o
    0x20000038        -       0x000000e8   Zero   RW          205    .bss                eth.o
    0x20000120        -       0x00000088   Zero   RW          251    .bss                usart.o
    0x200001a8        -       0x00000508   Zero   RW          293    .bss                usb_otg.o
    0x200006b0        -       0x00000060   Zero   RW         3640    .bss                c_w.l(libspace.o)
    0x20000710        -       0x00000200   Zero   RW            2    HEAP                startup_stm32f756xx.o
    0x20000910        -       0x00000400   Zero   RW            1    STACK               startup_stm32f756xx.o
    0x20000d10   0x0801269c   0x0004b2f0   PAD
    0x2004c000        -       0x000000a0   Zero   RW          203    .ARM.__AT_0x2004C000  eth.o
    0x2004c0a0        -       0x000000a0   Zero   RW          204    .ARM.__AT_0x2004C0A0  eth.o


==============================================================================

Image component sizes


      Code (inc. data)   RO Data    RW Data    ZI Data      Debug   Object Name

       340         46          0          6        552       2150   eth.o
       256         18          0          0          0       1099   gpio.o
       228         16          0         31          0     837520   main.o
        64         26        456          0       1536        864   startup_stm32f756xx.o
       150         24          0         12          0       9201   stm32f7xx_hal.o
       198         12          0          0          0      39107   stm32f7xx_hal_cortex.o
      1012         24          0          0          0       6535   stm32f7xx_hal_eth.o
       620         60          0          0          0       3540   stm32f7xx_hal_gpio.o
        48          6          0          0          0        886   stm32f7xx_hal_msp.o
       242          0          0          0          0       1811   stm32f7xx_hal_pcd.o
        40          6          0          0          0       1048   stm32f7xx_hal_pcd_ex.o
        16          4          0          0          0        567   stm32f7xx_hal_pwr.o
       108          8          0          0          0       1308   stm32f7xx_hal_pwr_ex.o
      1364         64          0          0          0       5304   stm32f7xx_hal_rcc.o
      1276         16          0          0          0       2324   stm32f7xx_hal_rcc_ex.o
      1294         64          0          0          0       6465   stm32f7xx_hal_uart.o
        76         22          0          0          0       4909   stm32f7xx_it.o
       806         30          0          0          0       7553   stm32f7xx_ll_usb.o
        28          6         24          4          0       1203   system_stm32f7xx.o
       196         22          0          0        136       1858   usart.o
       228         14          0          0       1288       1957   usb_otg.o

    ----------------------------------------------------------------------
      8606        488        514         56     311464     937209   Object Totals
         0          0         32          0          0          0   (incl. Generated)
        16          0          2          3     307952          0   (incl. Padding)

    ----------------------------------------------------------------------

      Code (inc. data)   RO Data    RW Data    ZI Data      Debug   Library Member Name

         8          0          0          0          0         68   __main.o
         0          0          0          0          0          0   __rtentry.o
        12          0          0          0          0          0   __rtentry2.o
         6          0          0          0          0          0   __rtentry4.o
        52          8          0          0          0          0   __scatter.o
        26          0          0          0          0          0   __scatter_copy.o
        28          0          0          0          0          0   __scatter_zi.o
        18          0          0          0          0         80   exit.o
         6          0          0          0          0        152   heapauxi.o
         0          0          0          0          0          0   indicate_semi.o
         2          0          0          0          0          0   libinit.o
         6          0          0          0          0          0   libinit2.o
         2          0          0          0          0          0   libshutdown.o
         2          0          0          0          0          0   libshutdown2.o
         8          4          0          0         96         68   libspace.o
       238          0          0          0          0        100   lludivv7m.o
        78          0          0          0          0         80   rt_memclr_w.o
       100          0          0          0          0         80   rt_memcpy_w.o
         2          0          0          0          0          0   rtexit.o
        10          0          0          0          0          0   rtexit2.o
        12          4          0          0          0         68   sys_exit.o
        74          0          0          0          0         80   sys_stackheap_outer.o
         2          0          0          0          0         68   use_no_semi.o
        10          0          0          0          0        116   fpinit.o

    ----------------------------------------------------------------------
       708         16          0          0         96        960   Library Totals
         6          0          0          0          0          0   (incl. Padding)

    ----------------------------------------------------------------------

      Code (inc. data)   RO Data    RW Data    ZI Data      Debug   Library Name

       692         16          0          0         96        844   c_w.l
        10          0          0          0          0        116   fz_wm.l

    ----------------------------------------------------------------------
       708         16          0          0         96        960   Library Totals

    ----------------------------------------------------------------------

==============================================================================


      Code (inc. data)   RO Data    RW Data    ZI Data      Debug   

      9314        504        514         56     311560     932057   Grand Totals
      9314        504        514         56     311560     932057   ELF Image Totals
      9314        504        514         56          0          0   ROM Totals

==============================================================================

    Total RO  Size (Code + RO Data)                 9828 (   9.60kB)
    Total RW  Size (RW Data + ZI Data)            311616 ( 304.31kB)
    Total ROM Size (Code + RO Data + RW Data)       9884 (   9.65kB)

==============================================================================

