Component: ARM Compiler 5.06 update 6 (build 750) Tool: armlink [4d35ed]

==============================================================================

Section Cross References

    startup_stm32f756xx.o(STACK) refers (Special) to heapauxi.o(.text) for __use_two_region_memory
    startup_stm32f756xx.o(HEAP) refers (Special) to heapauxi.o(.text) for __use_two_region_memory
    startup_stm32f756xx.o(RESET) refers (Special) to heapauxi.o(.text) for __use_two_region_memory
    startup_stm32f756xx.o(RESET) refers to startup_stm32f756xx.o(STACK) for __initial_sp
    startup_stm32f756xx.o(RESET) refers to startup_stm32f756xx.o(.text) for Reset_Handler
    startup_stm32f756xx.o(RESET) refers to stm32f7xx_it.o(i.NMI_Handler) for NMI_Handler
    startup_stm32f756xx.o(RESET) refers to stm32f7xx_it.o(i.HardFault_Handler) for HardFault_Handler
    startup_stm32f756xx.o(RESET) refers to stm32f7xx_it.o(i.MemManage_Handler) for MemManage_Handler
    startup_stm32f756xx.o(RESET) refers to stm32f7xx_it.o(i.BusFault_Handler) for BusFault_Handler
    startup_stm32f756xx.o(RESET) refers to stm32f7xx_it.o(i.UsageFault_Handler) for UsageFault_Handler
    startup_stm32f756xx.o(RESET) refers to stm32f7xx_it.o(i.SVC_Handler) for SVC_Handler
    startup_stm32f756xx.o(RESET) refers to stm32f7xx_it.o(i.DebugMon_Handler) for DebugMon_Handler
    startup_stm32f756xx.o(RESET) refers to stm32f7xx_it.o(i.PendSV_Handler) for PendSV_Handler
    startup_stm32f756xx.o(RESET) refers to stm32f7xx_it.o(i.SysTick_Handler) for SysTick_Handler
    startup_stm32f756xx.o(.text) refers (Special) to heapauxi.o(.text) for __use_two_region_memory
    startup_stm32f756xx.o(.text) refers to system_stm32f7xx.o(i.SystemInit) for SystemInit
    startup_stm32f756xx.o(.text) refers to __main.o(!!!main) for __main
    startup_stm32f756xx.o(.text) refers to startup_stm32f756xx.o(HEAP) for Heap_Mem
    startup_stm32f756xx.o(.text) refers to startup_stm32f756xx.o(STACK) for Stack_Mem
    main.o(i.SystemClock_Config) refers to rt_memclr_w.o(.text) for __aeabi_memclr4
    main.o(i.SystemClock_Config) refers to stm32f7xx_hal_pwr.o(i.HAL_PWR_EnableBkUpAccess) for HAL_PWR_EnableBkUpAccess
    main.o(i.SystemClock_Config) refers to stm32f7xx_hal_rcc.o(i.HAL_RCC_OscConfig) for HAL_RCC_OscConfig
    main.o(i.SystemClock_Config) refers to stm32f7xx_hal_rcc.o(i.HAL_RCC_ClockConfig) for HAL_RCC_ClockConfig
    main.o(i.main) refers to stm32f7xx_hal.o(i.HAL_Init) for HAL_Init
    main.o(i.main) refers to main.o(i.SystemClock_Config) for SystemClock_Config
    main.o(i.main) refers to gpio.o(i.MX_GPIO_Init) for MX_GPIO_Init
    main.o(i.main) refers to crc.o(i.MX_CRC_Init) for MX_CRC_Init
    main.o(i.main) refers to eth.o(i.MX_ETH_Init) for MX_ETH_Init
    main.o(i.main) refers to usart.o(i.MX_USART2_UART_Init) for MX_USART2_UART_Init
    main.o(i.main) refers to usart.o(i.MX_USART3_UART_Init) for MX_USART3_UART_Init
    main.o(i.main) refers to usb_otg.o(i.MX_USB_OTG_FS_PCD_Init) for MX_USB_OTG_FS_PCD_Init
    main.o(i.main) refers to bootloader.o(i.Bl_Uart_Fetch_Host_Cmd) for Bl_Uart_Fetch_Host_Cmd
    gpio.o(i.MX_GPIO_Init) refers to rt_memclr_w.o(.text) for __aeabi_memclr4
    gpio.o(i.MX_GPIO_Init) refers to stm32f7xx_hal_gpio.o(i.HAL_GPIO_WritePin) for HAL_GPIO_WritePin
    gpio.o(i.MX_GPIO_Init) refers to stm32f7xx_hal_gpio.o(i.HAL_GPIO_Init) for HAL_GPIO_Init
    crc.o(i.MX_CRC_Init) refers to stm32f7xx_hal_crc.o(i.HAL_CRC_Init) for HAL_CRC_Init
    crc.o(i.MX_CRC_Init) refers to main.o(i.Error_Handler) for Error_Handler
    crc.o(i.MX_CRC_Init) refers to crc.o(.bss) for .bss
    eth.o(i.HAL_ETH_MspDeInit) refers to stm32f7xx_hal_gpio.o(i.HAL_GPIO_DeInit) for HAL_GPIO_DeInit
    eth.o(i.HAL_ETH_MspInit) refers to rt_memclr_w.o(.text) for __aeabi_memclr4
    eth.o(i.HAL_ETH_MspInit) refers to stm32f7xx_hal_gpio.o(i.HAL_GPIO_Init) for HAL_GPIO_Init
    eth.o(i.MX_ETH_Init) refers to stm32f7xx_hal_eth.o(i.HAL_ETH_Init) for HAL_ETH_Init
    eth.o(i.MX_ETH_Init) refers to main.o(i.Error_Handler) for Error_Handler
    eth.o(i.MX_ETH_Init) refers to rt_memclr_w.o(.text) for __aeabi_memclr4
    eth.o(i.MX_ETH_Init) refers to eth.o(.bss) for .bss
    eth.o(i.MX_ETH_Init) refers to eth.o(.data) for .data
    eth.o(i.MX_ETH_Init) refers to eth.o(.ARM.__AT_0x2004C0A0) for .ARM.__AT_0x2004C0A0
    eth.o(i.MX_ETH_Init) refers to eth.o(.ARM.__AT_0x2004C000) for .ARM.__AT_0x2004C000
    usart.o(i.HAL_UART_MspDeInit) refers to stm32f7xx_hal_gpio.o(i.HAL_GPIO_DeInit) for HAL_GPIO_DeInit
    usart.o(i.HAL_UART_MspInit) refers to rt_memclr_w.o(.text) for __aeabi_memclr4
    usart.o(i.HAL_UART_MspInit) refers to stm32f7xx_hal_rcc_ex.o(i.HAL_RCCEx_PeriphCLKConfig) for HAL_RCCEx_PeriphCLKConfig
    usart.o(i.HAL_UART_MspInit) refers to main.o(i.Error_Handler) for Error_Handler
    usart.o(i.HAL_UART_MspInit) refers to stm32f7xx_hal_gpio.o(i.HAL_GPIO_Init) for HAL_GPIO_Init
    usart.o(i.MX_USART2_UART_Init) refers to stm32f7xx_hal_uart.o(i.HAL_UART_Init) for HAL_UART_Init
[...]
    i.HAL_GPIO_Init                          0x08002ed4   Section        0  stm32f7xx_hal_gpio.o(i.HAL_GPIO_Init)
    i.HAL_GPIO_WritePin                      0x0800311c   Section        0  stm32f7xx_hal_gpio.o(i.HAL_GPIO_WritePin)
    i.HAL_GetTick                            0x08003128   Section        0  stm32f7xx_hal.o(i.HAL_GetTick)
    i.HAL_IncTick                            0x08003134   Section        0  stm32f7xx_hal.o(i.HAL_IncTick)
    i.HAL_Init                               0x08003144   Section        0  stm32f7xx_hal.o(i.HAL_Init)
    i.HAL_InitTick                           0x0800315c   Section        0  stm32f7xx_hal.o(i.HAL_InitTick)
    i.HAL_MspInit                            0x0800319c   Section        0  stm32f7xx_hal_msp.o(i.HAL_MspInit)
    i.HAL_NVIC_SetPriority                   0x080031cc   Section        0  stm32f7xx_hal_cortex.o(i.HAL_NVIC_SetPriority)
    i.HAL_NVIC_SetPriorityGrouping           0x0800320c   Section        0  stm32f7xx_hal_cortex.o(i.HAL_NVIC_SetPriorityGrouping)
    i.HAL_PCDEx_ActivateLPM                  0x08003230   Section        0  stm32f7xx_hal_pcd_ex.o(i.HAL_PCDEx_ActivateLPM)
    i.HAL_PCD_Init                           0x08003258   Section        0  stm32f7xx_hal_pcd.o(i.HAL_PCD_Init)
    i.HAL_PCD_MspInit                        0x0800334c   Section        0  usb_otg.o(i.HAL_PCD_MspInit)
    i.HAL_PWR_EnableBkUpAccess               0x080033f4   Section        0  stm32f7xx_hal_pwr.o(i.HAL_PWR_EnableBkUpAccess)
    i.HAL_RCCEx_PeriphCLKConfig              0x08003404   Section        0  stm32f7xx_hal_rcc_ex.o(i.HAL_RCCEx_PeriphCLKConfig)
    i.HAL_RCC_ClockConfig                    0x08003900   Section        0  stm32f7xx_hal_rcc.o(i.HAL_RCC_ClockConfig)
    i.HAL_RCC_GetPCLK1Freq                   0x08003a30   Section        0  stm32f7xx_hal_rcc.o(i.HAL_RCC_GetPCLK1Freq)
    i.HAL_RCC_GetPCLK2Freq                   0x08003a50   Section        0  stm32f7xx_hal_rcc.o(i.HAL_RCC_GetPCLK2Freq)
    i.HAL_RCC_GetSysClockFreq                0x08003a70   Section        0  stm32f7xx_hal_rcc.o(i.HAL_RCC_GetSysClockFreq)
    i.HAL_RCC_OscConfig                      0x08003ad0   Section        0  stm32f7xx_hal_rcc.o(i.HAL_RCC_OscConfig)
    i.HAL_SYSTICK_Config                     0x08003e54   Section        0  stm32f7xx_hal_cortex.o(i.HAL_SYSTICK_Config)
    i.HAL_UART_Init                          0x08003e7a   Section        0  stm32f7xx_hal_uart.o(i.HAL_UART_Init)
    i.HAL_UART_MspInit                       0x08003ee0   Section        0  usart.o(i.HAL_UART_MspInit)
    i.HAL_UART_Receive                       0x08003fec   Section        0  stm32f7xx_hal_uart.o(i.HAL_UART_Receive)
    i.HAL_UART_Transmit                      0x080040ce   Section        0  stm32f7xx_hal_uart.o(i.HAL_UART_Transmit)
    i.HardFault_Handler                      0x08004170   Section        0  stm32f7xx_it.o(i.HardFault_Handler)
    i.Host_uint8AddressVerification          0x08004174   Section        0  bootloader.o(i.Host_uint8AddressVerification)
    Host_uint8AddressVerification            0x08004175   Thumb Code    40  bootloader.o(i.Host_uint8AddressVerification)
    i.MX_CRC_Init                            0x080041a8   Section        0  crc.o(i.MX_CRC_Init)
    i.MX_ETH_Init                            0x080041d8   Section        0  eth.o(i.MX_ETH_Init)
    i.MX_GPIO_Init                           0x08004244   Section        0  gpio.o(i.MX_GPIO_Init)
    i.MX_USART2_UART_Init                    0x08004334   Section        0  usart.o(i.MX_USART2_UART_Init)
    i.MX_USART3_UART_Init                    0x08004370   Section        0  usart.o(i.MX_USART3_UART_Init)
    i.MX_USB_OTG_FS_PCD_Init                 0x080043ac   Section        0  usb_otg.o(i.MX_USB_OTG_FS_PCD_Init)
    i.MemManage_Handler                      0x080043e8   Section        0  stm32f7xx_it.o(i.MemManage_Handler)
    i.NMI_Handler                            0x080043ea   Section        0  stm32f7xx_it.o(i.NMI_Handler)
    i.PendSV_Handler                         0x080043ec   Section        0  stm32f7xx_it.o(i.PendSV_Handler)
    i.Perform_uint8FlashErase                0x080043ee   Section        0  bootloader.o(i.Perform_uint8FlashErase)
    Perform_uint8FlashErase                  0x080043ef   Thumb Code    80  bootloader.o(i.Perform_uint8FlashErase)
    i.SVC_Handler                            0x0800443e   Section        0  stm32f7xx_it.o(i.SVC_Handler)
    i.SysTick_Handler                        0x08004440   Section        0  stm32f7xx_it.o(i.SysTick_Handler)
    i.SystemClock_Config                     0x08004444   Section        0  main.o(i.SystemClock_Config)
    i.SystemInit                             0x080044e0   Section        0  system_stm32f7xx.o(i.SystemInit)
    i.UART_AdvFeatureConfig                  0x080044f0   Section        0  stm32f7xx_hal_uart.o(i.UART_AdvFeatureConfig)
    i.UART_CheckIdleState                    0x080045b8   Section        0  stm32f7xx_hal_uart.o(i.UART_CheckIdleState)
    i.UART_SetConfig                         0x080045fc   Section        0  stm32f7xx_hal_uart.o(i.UART_SetConfig)
    i.UART_WaitOnFlagUntilTimeout            0x0800482c   Section        0  stm32f7xx_hal_uart.o(i.UART_WaitOnFlagUntilTimeout)
    i.USB_CoreInit                           0x080048f8   Section        0  stm32f7xx_ll_usb.o(i.USB_CoreInit)
    i.USB_CoreReset                          0x08004964   Section        0  stm32f7xx_ll_usb.o(i.USB_CoreReset)
    USB_CoreReset                            0x08004965   Thumb Code    58  stm32f7xx_ll_usb.o(i.USB_CoreReset)
    i.USB_DevDisconnect                      0x080049a4   Section        0  stm32f7xx_ll_usb.o(i.USB_DevDisconnect)
    i.USB_DevInit                            0x080049c0   Section        0  stm32f7xx_ll_usb.o(i.USB_DevInit)
    i.USB_DisableGlobalInt                   0x08004b38   Section        0  stm32f7xx_ll_usb.o(i.USB_DisableGlobalInt)
    i.USB_FlushRxFifo                        0x08004b44   Section        0  stm32f7xx_ll_usb.o(i.USB_FlushRxFifo)
    i.USB_FlushTxFifo                        0x08004b80   Section        0  stm32f7xx_ll_usb.o(i.USB_FlushTxFifo)
    i.USB_SetCurrentMode                     0x08004bc0   Section        0  stm32f7xx_ll_usb.o(i.USB_SetCurrentMode)
    i.UsageFault_Handler                     0x08004c1e   Section        0  stm32f7xx_it.o(i.UsageFault_Handler)
    i.__ARM_fpclassify                       0x08004c20   Section        0  fpclassify.o(i.__ARM_fpclassify)
    i.__NVIC_SetPriority                     0x08004c50   Section        0  stm32f7xx_hal_cortex.o(i.__NVIC_SetPriority)
    __NVIC_SetPriority                       0x08004c51   Thumb Code    34  stm32f7xx_hal_cortex.o(i.__NVIC_SetPriority)
    i._is_digit                              0x08004c72   Section        0  __printf_wp.o(i._is_digit)
    i.main                                   0x08004c80   Section        0  main.o(i.main)
    locale$$code                             0x08004ca8   Section       44  lc_numeric_c.o(locale$$code)
    locale$$code                             0x08004cd4   Section       44  lc_ctype_c.o(locale$$code)
    x$fpl$fpinit                             0x08004d00   Section       10  fpinit.o(x$fpl$fpinit)
    $v0                                      0x08004d00   Number         0  fpinit.o(x$fpl$fpinit)
    x$fpl$printf1                            0x08004d0a   Section        4  printf1.o(x$fpl$printf1)
    $v0                                      0x08004d0a   Number         0  printf1.o(x$fpl$printf1)
    x$fpl$printf2                            0x08004d0e   Section        4  printf2.o(x$fpl$printf2)
    $v0                                      0x08004d0e   Number         0  printf2.o(x$fpl$printf2)
    .constdata                               0x08004d12   Section       16  system_stm32f7xx.o(.constdata)
    x$fpl$usenofp                            0x08004d12   Section        0  usenofp.o(x$fpl$usenofp)
    .constdata                               0x08004d22   Section        8  system_stm32f7xx.o(.constdata)
    .constdata                               0x08004d2c   Section        8  _printf_wctomb.o(.constdata)
    initial_mbstate                          0x08004d2c   Data           8  _printf_wctomb.o(.constdata)
    .constdata                               0x08004d34   Section       40  _printf_hex_int_ll_ptr.o(.constdata)
    uc_hextab                                0x08004d34   Data          20  _printf_hex_int_ll_ptr.o(.constdata)
    lc_hextab                                0x08004d48   Data          20  _printf_hex_int_ll_ptr.o(.constdata)
    .constdata                               0x08004d5c   Section       17  __printf_flags_ss_wp.o(.constdata)
    maptable                                 0x08004d5c   Data          17  __printf_flags_ss_wp.o(.constdata)
    .constdata                               0x08004d6d   Section       38  _printf_fp_hex.o(.constdata)
    lc_hextab                                0x08004d6d   Data          19  _printf_fp_hex.o(.constdata)
    uc_hextab                                0x08004d80   Data          19  _printf_fp_hex.o(.constdata)
    .constdata                               0x08004d94   Section      148  bigflt0.o(.constdata)
    tenpwrs_x                                0x08004d94   Data          60  bigflt0.o(.constdata)
    tenpwrs_i                                0x08004dd0   Data          64  bigflt0.o(.constdata)
    locale$$data                             0x08004e48   Section       28  lc_numeric_c.o(locale$$data)
    __lcnum_c_name                           0x08004e4c   Data           2  lc_numeric_c.o(locale$$data)
    __lcnum_c_start                          0x08004e54   Data           0  lc_numeric_c.o(locale$$data)
    __lcnum_c_point                          0x08004e60   Data           0  lc_numeric_c.o(locale$$data)
    __lcnum_c_thousands                      0x08004e62   Data           0  lc_numeric_c.o(locale$$data)
    __lcnum_c_grouping                       0x08004e63   Data           0  lc_numeric_c.o(locale$$data)
    locale$$data                             0x08004e64   Section      272  lc_ctype_c.o(locale$$data)
    __lcnum_c_end                            0x08004e64   Data           0  lc_numeric_c.o(locale$$data)
    __lcctype_c_name                         0x08004e68   Data           2  lc_ctype_c.o(locale$$data)
    __lcctype_c_start                        0x08004e70   Data           0  lc_ctype_c.o(locale$$data)
    __lcctype_c_end                          0x08004f74   Data           0  lc_ctype_c.o(locale$$data)
    .data                                    0x20000000   Section        6  eth.o(.data)
    MACAddr                                  0x20000000   Data           6  eth.o(.data)
    .data                                    0x20000008   Section       12  stm32f7xx_hal.o(.data)
    .data                                    0x20000014   Section        4  system_stm32f7xx.o(.data)
    .data                                    0x20000018   Section       15  bootloader.o(.data)
    Bl_Supported_Commands                    0x20000018   Data          15  bootloader.o(.data)
    .bss                                     0x20000028   Section       36  crc.o(.bss)
    .bss                                     0x2000004c   Section      232  eth.o(.bss)
    .bss                                     0x20000134   Section      272  usart.o(.bss)
    .bss                                     0x20000244   Section     1288  usb_otg.o(.bss)
    .bss                                     0x2000074c   Section       28  stm32f7xx_hal_flash.o(.bss)
    .bss                                     0x20000768   Section      200  bootloader.o(.bss)
    BL_Host_Buf                              0x20000768   Data         200  bootloader.o(.bss)
    .bss                                     0x20000830   Section       96  libspace.o(.bss)
    HEAP                                     0x20000890   Section      512  startup_stm32f756xx.o(HEAP)
    Heap_Mem                                 0x20000890   Data         512  startup_stm32f756xx.o(HEAP)
    STACK                                    0x20000a90   Section     1024  startup_stm32f756xx.o(STACK)
    Stack_Mem                                0x20000a90   Data        1024  startup_stm32f756xx.o(STACK)
    __initial_sp                             0x20000e90   Data           0  startup_stm32f756xx.o(STACK)
    .ARM.__AT_0x2004C000                     0x2004c000   Section      160  eth.o(.ARM.__AT_0x2004C000)
    .ARM.__AT_0x2004C0A0                     0x2004c0a0   Section      160  eth.o(.ARM.__AT_0x2004C0A0)

    Global Symbols

    Symbol Name                              Value     Ov Type        Size  Object(Section)

    BuildAttributes$$THM_ISAv4$E$P$D$K$B$S$7EM$VFPi5$EXTD16$VFPS$VFMA$PE$PLD8$A:L22UL41UL21$X:L11$S22US41US21$IEEE1$IW$USESV6$~STKCKD$USESV7$~SHL$OTIME$ROPI$IEEEJ$EBA8$UX$STANDARDLIB$REQ8$PRES8$EABIv2 0x00000000   Number         0  anon$$obj.o ABSOLUTE
    __ARM_use_no_argv                        0x00000000   Number         0  main.o ABSOLUTE
    _printf_flags                            0x00000000   Number         0  printf_stubs.o ABSOLUTE
    _printf_return_value                     0x00000000   Number         0  printf_stubs.o ABSOLUTE
    _printf_sizespec                         0x00000000   Number         0  printf_stubs.o ABSOLUTE
    _printf_widthprec                        0x00000000   Number         0  printf_stubs.o ABSOLUTE
    __ARM_exceptions_init                     - Undefined Weak Reference
    __alloca_initialize                       - Undefined Weak Reference
    __arm_preinit_                            - Undefined Weak Reference
    __cpp_initialize__aeabi_                  - Undefined Weak Reference
    __cxa_finalize                            - Undefined Weak Reference
    __sigvec_lookup                           - Undefined Weak Reference
    _atexit_init                              - Undefined Weak Reference
    _call_atexit_fns                          - Undefined Weak Reference
    _clock_init                               - Undefined Weak Reference
    _fp_trap_init                             - Undefined Weak Reference
    _fp_trap_shutdown                         - Undefined Weak Reference
    _get_lc_collate                           - Undefined Weak Reference
    _get_lc_monetary                          - Undefined Weak Reference
    _get_lc_time                              - Undefined Weak Reference
    _getenv_init                              - Undefined Weak Reference
    _handle_redirection                       - Undefined Weak Reference
    _init_alloc                               - Undefined Weak Reference
    _init_user_alloc                          - Undefined Weak Reference
    _initio                                   - Undefined Weak Reference
    _printf_mbtowc                            - Undefined Weak Reference
    _printf_wc                                - Undefined Weak Reference
    _rand_init                                - Undefined Weak Reference
    _signal_finish                            - Undefined Weak Reference
    _signal_init                              - Undefined Weak Reference
    _terminate_alloc                          - Undefined Weak Reference
    _terminate_user_alloc                     - Undefined Weak Reference
    _terminateio                              - Undefined Weak Reference
    __Vectors_Size                           0x000001c8   Number         0  startup_stm32f756xx.o ABSOLUTE
    __Vectors                                0x08000000   Data           4  startup_stm32f756xx.o(RESET)
    __Vectors_End                            0x080001c8   Data           0  startup_stm32f756xx.o(RESET)
    __main                                   0x080001c9   Thumb Code     8  __main.o(!!!main)
    __scatterload                            0x080001d1   Thumb Code     0  __scatter.o(!!!scatter)
    __scatterload_rt2                        0x080001d1   Thumb Code    44  __scatter.o(!!!scatter)
    __scatterload_rt2_thumb_only             0x080001d1   Thumb Code     0  __scatter.o(!!!scatter)
    __scatterload_null                       0x080001df   Thumb Code     0  __scatter.o(!!!scatter)
    __scatterload_copy                       0x08000205   Thumb Code    26  __scatter_copy.o(!!handler_copy)
    __scatterload_zeroinit                   0x08000221   Thumb Code    28  __scatter_zi.o(!!handler_zi)
    _printf_n                                0x0800023d   Thumb Code     0  _printf_n.o(.ARM.Collect$$_printf_percent$$00000001)
    _printf_percent                          0x0800023d   Thumb Code     0  _printf_percent.o(.ARM.Collect$$_printf_percent$$00000000)
    _printf_p                                0x08000243   Thumb Code     0  _printf_p.o(.ARM.Collect$$_printf_percent$$00000002)
    _printf_f                                0x08000249   Thumb Code     0  _printf_f.o(.ARM.Collect$$_printf_percent$$00000003)
    _printf_e                                0x0800024f   Thumb Code     0  _printf_e.o(.ARM.Collect$$_printf_percent$$00000004)
    _printf_g                                0x08000255   Thumb Code     0  _printf_g.o(.ARM.Collect$$_printf_percent$$00000005)
    _printf_a                                0x0800025b   Thumb Code     0  _printf_a.o(.ARM.Collect$$_printf_percent$$00000006)
    _printf_ll                               0x08000261   Thumb Code     0  _printf_ll.o(.ARM.Collect$$_printf_percent$$00000007)
    _printf_i                                0x0800026b   Thumb Code     0  _printf_i.o(.ARM.Collect$$_printf_percent$$00000008)
    _printf_d                                0x08000271   Thumb Code     0  _printf_d.o(.ARM.Collect$$_printf_percent$$00000009)
    _printf_u                                0x08000277   Thumb Code     0  _printf_u.o(.ARM.Collect$$_printf_percent$$0000000A)
    _printf_o                                0x0800027d   Thumb Code     0  _printf_o.o(.ARM.Collect$$_printf_percent$$0000000B)
    _printf_x                                0x08000283   Thumb Code     0  _printf_x.o(.ARM.Collect$$_printf_percent$$0000000C)
    _printf_lli                              0x08000289   Thumb Code     0  _printf_lli.o(.ARM.Collect$$_printf_percent$$0000000D)
    _printf_lld                              0x0800028f   Thumb Code     0  _printf_lld.o(.ARM.Collect$$_printf_percent$$0000000E)
    _printf_llu                              0x08000295   Thumb Code     0  _printf_llu.o(.ARM.Collect$$_printf_percent$$0000000F)
    _printf_llo                              0x0800029b   Thumb Code     0  _printf_llo.o(.ARM.Collect$$_printf_percent$$00000010)
    _printf_llx                              0x080002a1   Thumb Code     0  _printf_llx.o(.ARM.Collect$$_printf_percent$$00000011)
    _printf_l                                0x080002a7   Thumb Code     0  _printf_l.o(.ARM.Collect$$_printf_percent$$00000012)
    _printf_c                                0x080002b1   Thumb Code     0  _printf_c.o(.ARM.Collect$$_printf_percent$$00000013)
    _printf_s                                0x080002b7   Thumb Code     0  _printf_s.o(.ARM.Collect$$_printf_percent$$00000014)
    _printf_lc                               0x080002bd   Thumb Code     0  _printf_lc.o(.ARM.Collect$$_printf_percent$$00000015)
    _printf_ls                               0x080002c3   Thumb Code     0  _printf_ls.o(.ARM.Collect$$_printf_percent$$00000016)
    _printf_percent_end                      0x080002c9   Thumb Code     0  _printf_percent_end.o(.ARM.Collect$$_printf_percent$$00000017)
    __rt_lib_init                            0x080002cd   Thumb Code     0  libinit.o(.ARM.Collect$$libinit$$00000000)
    __rt_lib_init_fp_1                       0x080002cf   Thumb Code     0  libinit2.o(.ARM.Collect$$libinit$$00000001)
    __rt_lib_init_heap_1                     0x080002d3   Thumb Code     0  libinit2.o(.ARM.Collect$$libinit$$0000000A)
    __rt_lib_init_lc_common                  0x080002d3   Thumb Code     0  libinit2.o(.ARM.Collect$$libinit$$0000000F)
    __rt_lib_init_preinit_1                  0x080002d3   Thumb Code     0  libinit2.o(.ARM.Collect$$libinit$$00000004)
    __rt_lib_init_rand_1                     0x080002d3   Thumb Code     0  libinit2.o(.ARM.Collect$$libinit$$0000000E)
    __rt_lib_init_user_alloc_1               0x080002d3   Thumb Code     0  libinit2.o(.ARM.Collect$$libinit$$0000000C)
    __rt_lib_init_lc_collate_1               0x080002d9   Thumb Code     0  libinit2.o(.ARM.Collect$$libinit$$00000011)
    __rt_lib_init_lc_ctype_2                 0x080002d9   Thumb Code     0  libinit2.o(.ARM.Collect$$libinit$$00000012)
    __rt_lib_init_lc_ctype_1                 0x080002e5   Thumb Code     0  libinit2.o(.ARM.Collect$$libinit$$00000013)
    __rt_lib_init_lc_monetary_1              0x080002e5   Thumb Code     0  libinit2.o(.ARM.Collect$$libinit$$00000015)
    __rt_lib_init_lc_numeric_2               0x080002e5   Thumb Code     0  libinit2.o(.ARM.Collect$$libinit$$00000016)
    __rt_lib_init_alloca_1                   0x080002ef   Thumb Code     0  libinit2.o(.ARM.Collect$$libinit$$0000002E)
    __rt_lib_init_argv_1                     0x080002ef   Thumb Code     0  libinit2.o(.ARM.Collect$$libinit$$0000002C)
    __rt_lib_init_atexit_1                   0x080002ef   Thumb Code     0  libinit2.o(.ARM.Collect$$libinit$$0000001B)
    __rt_lib_init_clock_1                    0x080002ef   Thumb Code     0  libinit2.o(.ARM.Collect$$libinit$$00000021)
    __rt_lib_init_cpp_1                      0x080002ef   Thumb Code     0  libinit2.o(.ARM.Collect$$libinit$$00000032)
    __rt_lib_init_exceptions_1               0x080002ef   Thumb Code     0  libinit2.o(.ARM.Collect$$libinit$$00000030)
    __rt_lib_init_fp_trap_1                  0x080002ef   Thumb Code     0  libinit2.o(.ARM.Collect$$libinit$$0000001F)
    __rt_lib_init_getenv_1                   0x080002ef   Thumb Code     0  libinit2.o(.ARM.Collect$$libinit$$00000023)
    __rt_lib_init_lc_numeric_1               0x080002ef   Thumb Code     0  libinit2.o(.ARM.Collect$$libinit$$00000017)
    __rt_lib_init_lc_time_1                  0x080002ef   Thumb Code     0  libinit2.o(.ARM.Collect$$libinit$$00000019)
    __rt_lib_init_return                     0x080002ef   Thumb Code     0  libinit2.o(.ARM.Collect$$libinit$$00000033)
    __rt_lib_init_signal_1                   0x080002ef   Thumb Code     0  libinit2.o(.ARM.Collect$$libinit$$0000001D)
    __rt_lib_init_stdio_1                    0x080002ef   Thumb Code     0  libinit2.o(.ARM.Collect$$libinit$$00000025)
    __rt_lib_shutdown                        0x080002f1   Thumb Code     0  libshutdown.o(.ARM.Collect$$libshutdown$$00000000)
    __rt_lib_shutdown_cpp_1                  0x080002f3   Thumb Code     0  libshutdown2.o(.ARM.Collect$$libshutdown$$00000002)
    __rt_lib_shutdown_fp_trap_1              0x080002f3   Thumb Code     0  libshutdown2.o(.ARM.Collect$$libshutdown$$00000007)
    __rt_lib_shutdown_heap_1                 0x080002f3   Thumb Code     0  libshutdown2.o(.ARM.Collect$$libshutdown$$0000000F)
    __rt_lib_shutdown_return                 0x080002f3   Thumb Code     0  libshutdown2.o(.ARM.Collect$$libshutdown$$00000010)
    __rt_lib_shutdown_signal_1               0x080002f3   Thumb Code     0  libshutdown2.o(.ARM.Collect$$libshutdown$$0000000A)
    __rt_lib_shutdown_stdio_1                0x080002f3   Thumb Code     0  libshutdown2.o(.ARM.Collect$$libshutdown$$00000004)
    __rt_lib_shutdown_user_alloc_1           0x080002f3   Thumb Code     0  libshutdown2.o(.ARM.Collect$$libshutdown$$0000000C)
    __rt_entry                               0x080002f5   Thumb Code     0  __rtentry.o(.ARM.Collect$$rtentry$$00000000)
    __rt_entry_presh_1                       0x080002f5   Thumb Code     0  __rtentry2.o(.ARM.Collect$$rtentry$$00000002)
    __rt_entry_sh                            0x080002f5   Thumb Code     0  __rtentry4.o(.ARM.Collect$$rtentry$$00000004)
    __rt_entry_li                            0x080002fb   Thumb Code     0  __rtentry2.o(.ARM.Collect$$rtentry$$0000000A)
    __rt_entry_postsh_1                      0x080002fb   Thumb Code     0  __rtentry2.o(.ARM.Collect$$rtentry$$00000009)
    __rt_entry_main                          0x080002ff   Thumb Code     0  __rtentry2.o(.ARM.Collect$$rtentry$$0000000D)
    __rt_entry_postli_1                      0x080002ff   Thumb Code     0  __rtentry2.o(.ARM.Collect$$rtentry$$0000000C)
    __rt_exit                                0x08000307   Thumb Code     0  rtexit.o(.ARM.Collect$$rtexit$$00000000)
    __rt_exit_ls                             0x08000309   Thumb Code     0  rtexit2.o(.ARM.Collect$$rtexit$$00000003)
    __rt_exit_prels_1                        0x08000309   Thumb Code     0  rtexit2.o(.ARM.Collect$$rtexit$$00000002)
    __rt_exit_exit                           0x0800030d   Thumb Code     0  rtexit2.o(.ARM.Collect$$rtexit$$00000004)
    Reset_Handler                            0x08000315   Thumb Code     8  startup_stm32f756xx.o(.text)
    ADC_IRQHandler                           0x0800032f   Thumb Code     0  startup_stm32f756xx.o(.text)
    CAN1_RX0_IRQHandler                      0x0800032f   Thumb Code     0  startup_stm32f756xx.o(.text)
    CAN1_RX1_IRQHandler                      0x0800032f   Thumb Code     0  startup_stm32f756xx.o(.text)
    CAN1_SCE_IRQHandler                      0x0800032f   Thumb Code     0  startup_stm32f756xx.o(.text)
    CAN1_TX_IRQHandler                       0x0800032f   Thumb Code     0  startup_stm32f756xx.o(.text)
    CAN2_RX0_IRQHandler                      0x0800032f   Thumb Code     0  startup_stm32f756xx.o(.text)
    CAN2_RX1_IRQHandler                      0x0800032f   Thumb Code     0  startup_stm32f756xx.o(.text)
    CAN2_SCE_IRQHandler                      0x0800032f   Thumb Code     0  startup_stm32f756xx.o(.text)
    CAN2_TX_IRQHandler                       0x0800032f   Thumb Code     0  startup_stm32f756xx.o(.text)
    CEC_IRQHandler                           0x0800032f   Thumb Code     0  startup_stm32f756xx.o(.text)
    CRYP_IRQHandler                          0x0800032f   Thumb Code     0  startup_stm32f756xx.o(.text)
    DCMI_IRQHandler                          0x0800032f   Thumb Code     0  startup_stm32f756xx.o(.text)
    DMA1_Stream0_IRQHandler                  0x0800032f   Thumb Code     0  startup_stm32f756xx.o(.text)
    DMA1_Stream1_IRQHandler                  0x0800032f   Thumb Code     0  startup_stm32f756xx.o(.text)
    DMA1_Stream2_IRQHandler                  0x0800032f   Thumb Code     0  startup_stm32f756xx.o(.text)
    DMA1_Stream3_IRQHandler                  0x0800032f   Thumb Code     0  startup_stm32f756xx.o(.text)
    DMA1_Stream4_IRQHandler                  0x0800032f   Thumb Code     0  startup_stm32f756xx.o(.text)
    DMA1_Stream5_IRQHandler                  0x0800032f   Thumb Code     0  startup_stm32f756xx.o(.text)
    DMA1_Stream6_IRQHandler                  0x0800032f   Thumb Code     0  startup_stm32f756xx.o(.text)
    DMA1_Stream7_IRQHandler                  0x0800032f   Thumb Code     0  startup_stm32f756xx.o(.text)
    DMA2D_IRQHandler                         0x0800032f   Thumb Code     0  startup_stm32f756xx.o(.text)
    DMA2_Stream0_IRQHandler                  0x0800032f   Thumb Code     0  startup_stm32f756xx.o(.text)
    DMA2_Stream1_IRQHandler                  0x0800032f   Thumb Code     0  startup_stm32f756xx.o(.text)
    DMA2_Stream2_IRQHandler                  0x0800032f   Thumb Code     0  startup_stm32f756xx.o(.text)
    DMA2_Stream3_IRQHandler                  0x0800032f   Thumb Code     0  startup_stm32f756xx.o(.text)
    DMA2_Stream4_IRQHandler                  0x0800032f   Thumb Code     0  startup_stm32f756xx.o(.text)
    DMA2_Stream5_IRQHandler                  0x0800032f   Thumb Code     0  startup_stm32f756xx.o(.text)
    DMA2_Stream6_IRQHandler                  0x0800032f   Thumb Code     0  startup_stm32f756xx.o(.text)
    DMA2_Stream7_IRQHandler                  0x0800032f   Thumb Code     0  startup_stm32f756xx.o(.text)
    ETH_IRQHandler                           0x0800032f   Thumb Code     0  startup_stm32f756xx.o(.text)
    ETH_WKUP_IRQHandler                      0x0800032f   Thumb Code     0  startup_stm32f756xx.o(.text)
    EXTI0_IRQHandler                         0x0800032f   Thumb Code     0  startup_stm32f756xx.o(.text)
    EXTI15_10_IRQHandler                     0x0800032f   Thumb Code     0  startup_stm32f756xx.o(.text)
    EXTI1_IRQHandler                         0x0800032f   Thumb Code     0  startup_stm32f756xx.o(.text)
    EXTI2_IRQHandler                         0x0800032f   Thumb Code     0  startup_stm32f756xx.o(.text)
    EXTI3_IRQHandler                         0x0800032f   Thumb Code     0  startup_stm32f756xx.o(.text)
    EXTI4_IRQHandler                         0x0800032f   Thumb Code     0  startup_stm32f756xx.o(.text)
    EXTI9_5_IRQHandler                       0x0800032f   Thumb Code     0  startup_stm32f756xx.o(.text)
    FLASH_IRQHandler                         0x0800032f   Thumb Code     0  startup_stm32f756xx.o(.text)
    FMC_IRQHandler                           0x0800032f   Thumb Code     0  startup_stm32f756xx.o(.text)
    FPU_IRQHandler                           0x0800032f   Thumb Code     0  startup_stm32f756xx.o(.text)
    HASH_RNG_IRQHandler                      0x0800032f   Thumb Code     0  startup_stm32f756xx.o(.text)
    I2C1_ER_IRQHandler                       0x0800032f   Thumb Code     0  startup_stm32f756xx.o(.text)
    I2C1_EV_IRQHandler                       0x0800032f   Thumb Code     0  startup_stm32f756xx.o(.text)
    I2C2_ER_IRQHandler                       0x0800032f   Thumb Code     0  startup_stm32f756xx.o(.text)
    I2C2_EV_IRQHandler                       0x0800032f   Thumb Code     0  startup_stm32f756xx.o(.text)
    I2C3_ER_IRQHandler                       0x0800032f   Thumb Code     0  startup_stm32f756xx.o(.text)
    I2C3_EV_IRQHandler                       0x0800032f   Thumb Code     0  startup_stm32f756xx.o(.text)
    I2C4_ER_IRQHandler                       0x0800032f   Thumb Code     0  startup_stm32f756xx.o(.text)
    I2C4_EV_IRQHandler                       0x0800032f   Thumb Code     0  startup_stm32f756xx.o(.text)
    LPTIM1_IRQHandler                        0x0800032f   Thumb Code     0  startup_stm32f756xx.o(.text)
    LTDC_ER_IRQHandler                       0x0800032f   Thumb Code     0  startup_stm32f756xx.o(.text)
    LTDC_IRQHandler                          0x0800032f   Thumb Code     0  startup_stm32f756xx.o(.text)
    OTG_FS_IRQHandler                        0x0800032f   Thumb Code     0  startup_stm32f756xx.o(.text)
    OTG_FS_WKUP_IRQHandler                   0x0800032f   Thumb Code     0  startup_stm32f756xx.o(.text)
    OTG_HS_EP1_IN_IRQHandler                 0x0800032f   Thumb Code     0  startup_stm32f756xx.o(.text)
    OTG_HS_EP1_OUT_IRQHandler                0x0800032f   Thumb Code     0  startup_stm32f756xx.o(.text)
    OTG_HS_IRQHandler                        0x0800032f   Thumb Code     0  startup_stm32f756xx.o(.text)
    OTG_HS_WKUP_IRQHandler                   0x0800032f   Thumb Code     0  startup_stm32f756xx.o(.text)
    PVD_IRQHandler                           0x0800032f   Thumb Code     0  startup_stm32f756xx.o(.text)
    QUADSPI_IRQHandler                       0x0800032f   Thumb Code     0  startup_stm32f756xx.o(.text)
    RCC_IRQHandler                           0x0800032f   Thumb Code     0  startup_stm32f756xx.o(.text)
    RTC_Alarm_IRQHandler                     0x0800032f   Thumb Code     0  startup_stm32f756xx.o(.text)
    RTC_WKUP_IRQHandler                      0x0800032f   Thumb Code     0  startup_stm32f756xx.o(.text)
    SAI1_IRQHandler                          0x0800032f   Thumb Code     0  startup_stm32f756xx.o(.text)
    SAI2_IRQHandler                          0x0800032f   Thumb Code     0  startup_stm32f756xx.o(.text)
    SDMMC1_IRQHandler                        0x0800032f   Thumb Code     0  startup_stm32f756xx.o(.text)
    SPDIF_RX_IRQHandler                      0x0800032f   Thumb Code     0  startup_stm32f756xx.o(.text)
    SPI1_IRQHandler                          0x0800032f   Thumb Code     0  startup_stm32f756xx.o(.text)
    SPI2_IRQHandler                          0x0800032f   Thumb Code     0  startup_stm32f756xx.o(.text)
    SPI3_IRQHandler                          0x0800032f   Thumb Code     0  startup_stm32f756xx.o(.text)
    SPI4_IRQHandler                          0x0800032f   Thumb Code     0  startup_stm32f756xx.o(.text)
    SPI5_IRQHandler                          0x0800032f   Thumb Code     0  startup_stm32f756xx.o(.text)
    SPI6_IRQHandler                          0x0800032f   Thumb Code     0  startup_stm32f756xx.o(.text)
    TAMP_STAMP_IRQHandler                    0x0800032f   Thumb Code     0  startup_stm32f756xx.o(.text)
    TIM1_BRK_TIM9_IRQHandler                 0x0800032f   Thumb Code     0  startup_stm32f756xx.o(.text)
    TIM1_CC_IRQHandler                       0x0800032f   Thumb Code     0  startup_stm32f756xx.o(.text)
    TIM1_TRG_COM_TIM11_IRQHandler            0x0800032f   Thumb Code     0  startup_stm32f756xx.o(.text)
    TIM1_UP_TIM10_IRQHandler                 0x0800032f   Thumb Code     0  startup_stm32f756xx.o(.text)
    TIM2_IRQHandler                          0x0800032f   Thumb Code     0  startup_stm32f756xx.o(.text)
    TIM3_IRQHandler                          0x0800032f   Thumb Code     0  startup_stm32f756xx.o(.text)
    TIM4_IRQHandler                          0x0800032f   Thumb Code     0  startup_stm32f756xx.o(.text)
    TIM5_IRQHandler                          0x0800032f   Thumb Code     0  startup_stm32f756xx.o(.text)
    TIM6_DAC_IRQHandler                      0x0800032f   Thumb Code     0  startup_stm32f756xx.o(.text)
    TIM7_IRQHandler                          0x0800032f   Thumb Code     0  startup_stm32f756xx.o(.text)
    TIM8_BRK_TIM12_IRQHandler                0x0800032f   Thumb Code     0  startup_stm32f756xx.o(.text)
    TIM8_CC_IRQHandler                       0x0800032f   Thumb Code     0  startup_stm32f756xx.o(.text)
    TIM8_TRG_COM_TIM14_IRQHandler            0x0800032f   Thumb Code     0  startup_stm32f756xx.o(.text)
    TIM8_UP_TIM13_IRQHandler                 0x0800032f   Thumb Code     0  startup_stm32f756xx.o(.text)
    UART4_IRQHandler                         0x0800032f   Thumb Code     0  startup_stm32f756xx.o(.text)
    UART5_IRQHandler                         0x0800032f   Thumb Code     0  startup_stm32f756xx.o(.text)
    UART7_IRQHandler                         0x0800032f   Thumb Code     0  startup_stm32f756xx.o(.text)
    UART8_IRQHandler                         0x0800032f   Thumb Code     0  startup_stm32f756xx.o(.text)
    USART1_IRQHandler                        0x0800032f   Thumb Code     0  startup_stm32f756xx.o(.text)
    USART2_IRQHandler                        0x0800032f   Thumb Code     0  startup_stm32f756xx.o(.text)
    USART3_IRQHandler                        0x0800032f   Thumb Code     0  startup_stm32f756xx.o(.text)
    USART6_IRQHandler                        0x0800032f   Thumb Code     0  startup_stm32f756xx.o(.text)
    WWDG_IRQHandler                          0x0800032f   Thumb Code     0  startup_stm32f756xx.o(.text)
    __user_initial_stackheap                 0x08000331   Thumb Code     0  startup_stm32f756xx.o(.text)
    __aeabi_uldivmod                         0x08000355   Thumb Code     0  lludivv7m.o(.text)
    _ll_udiv                                 0x08000355   Thumb Code   238  lludivv7m.o(.text)
    vsprintf                                 0x08000445   Thumb Code    32  vsprintf.o(.text)
    __aeabi_memcpy4                          0x08000469   Thumb Code     0  rt_memcpy_w.o(.text)
    __aeabi_memcpy8                          0x08000469   Thumb Code     0  rt_memcpy_w.o(.text)
    __rt_memcpy_w                            0x08000469   Thumb Code   100  rt_memcpy_w.o(.text)
    _memcpy_lastbytes_aligned                0x080004b1   Thumb Code     0  rt_memcpy_w.o(.text)
    __aeabi_memclr                           0x080004cd   Thumb Code     0  rt_memclr.o(.text)
    __rt_memclr                              0x080004cd   Thumb Code    68  rt_memclr.o(.text)
    _memset                                  0x080004d1   Thumb Code     0  rt_memclr.o(.text)
    __aeabi_memclr4                          0x08000511   Thumb Code     0  rt_memclr_w.o(.text)
    __aeabi_memclr8                          0x08000511   Thumb Code     0  rt_memclr_w.o(.text)
    __rt_memclr_w                            0x08000511   Thumb Code    78  rt_memclr_w.o(.text)
    _memset_w                                0x08000515   Thumb Code     0  rt_memclr_w.o(.text)
    __use_two_region_memory                  0x0800055f   Thumb Code     2  heapauxi.o(.text)
    __rt_heap_escrow$2region                 0x08000561   Thumb Code     2  heapauxi.o(.text)
    __rt_heap_expand$2region                 0x08000563   Thumb Code     2  heapauxi.o(.text)
    _printf_pre_padding                      0x08000565   Thumb Code    44  _printf_pad.o(.text)
    _printf_post_padding                     0x08000591   Thumb Code    34  _printf_pad.o(.text)
    _printf_truncate_signed                  0x080005b3   Thumb Code    18  _printf_truncate.o(.text)
    _printf_truncate_unsigned                0x080005c5   Thumb Code    18  _printf_truncate.o(.text)
    _printf_str                              0x080005d7   Thumb Code    82  _printf_str.o(.text)
    _printf_int_dec                          0x08000629   Thumb Code   104  _printf_dec.o(.text)
    _printf_charcount                        0x080006a1   Thumb Code    40  _printf_charcount.o(.text)
    _printf_char_common                      0x080006d3   Thumb Code    32  _printf_char_common.o(.text)
    _sputc                                   0x080006f9   Thumb Code    10  _sputc.o(.text)
    _printf_wctomb                           0x08000705   Thumb Code   182  _printf_wctomb.o(.text)
    _printf_longlong_dec                     0x080007c1   Thumb Code   108  _printf_longlong_dec.o(.text)
    _printf_longlong_oct                     0x0800083d   Thumb Code    66  _printf_oct_int_ll.o(.text)
    _printf_int_oct                          0x0800087f   Thumb Code    24  _printf_oct_int_ll.o(.text)
    _printf_ll_oct                           0x08000897   Thumb Code    12  _printf_oct_int_ll.o(.text)
    _printf_longlong_hex                     0x080008ad   Thumb Code    86  _printf_hex_int_ll_ptr.o(.text)
    _printf_int_hex                          0x08000903   Thumb Code    28  _printf_hex_int_ll_ptr.o(.text)
    _printf_ll_hex                           0x0800091f   Thumb Code    12  _printf_hex_int_ll_ptr.o(.text)
    _printf_hex_ptr                          0x0800092b   Thumb Code    18  _printf_hex_int_ll_ptr.o(.text)
    __printf                                 0x08000941   Thumb Code   388  __printf_flags_ss_wp.o(.text)
    _ll_udiv10                               0x08000ac9   Thumb Code   138  lludiv10.o(.text)
    _printf_int_common                       0x08000b53   Thumb Code   178  _printf_intcommon.o(.text)
    __lib_sel_fp_printf                      0x08000c05   Thumb Code     2  _printf_fp_dec.o(.text)
    _printf_fp_dec_real                      0x08000db7   Thumb Code   620  _printf_fp_dec.o(.text)
    _printf_fp_hex_real                      0x08001025   Thumb Code   756  _printf_fp_hex.o(.text)
    _printf_cs_common                        0x08001321   Thumb Code    20  _printf_char.o(.text)
    _printf_char                             0x08001335   Thumb Code    16  _printf_char.o(.text)
    _printf_string                           0x08001345   Thumb Code     8  _printf_char.o(.text)
    _printf_lcs_common                       0x0800134d   Thumb Code    20  _printf_wchar.o(.text)
    _printf_wchar                            0x08001361   Thumb Code    16  _printf_wchar.o(.text)
    _printf_wstring                          0x08001371   Thumb Code     8  _printf_wchar.o(.text)
    _wcrtomb                                 0x08001379   Thumb Code    64  _wcrtomb.o(.text)
    __user_setup_stackheap                   0x080013b9   Thumb Code    74  sys_stackheap_outer.o(.text)
    __rt_ctype_table                         0x08001405   Thumb Code    16  rt_ctype_table.o(.text)
    __rt_locale                              0x08001415   Thumb Code     8  rt_locale_intlibspace.o(.text)
    _printf_fp_infnan                        0x0800141d   Thumb Code   112  _printf_fp_infnan.o(.text)
    _btod_etento                             0x0800149d   Thumb Code   224  bigflt0.o(.text)
    exit                                     0x08001581   Thumb Code    18  exit.o(.text)
    __user_libspace                          0x08001595   Thumb Code     8  libspace.o(.text)
    __user_perproc_libspace                  0x08001595   Thumb Code     0  libspace.o(.text)
    __user_perthread_libspace                0x08001595   Thumb Code     0  libspace.o(.text)
    strcmp                                   0x0800159d   Thumb Code   104  strcmpv7m_pel.o(.text)
    _sys_exit                                0x08001605   Thumb Code     8  sys_exit.o(.text)
    __I$use$semihosting                      0x08001611   Thumb Code     0  use_no_semi.o(.text)
    __use_no_semihosting_swi                 0x08001611   Thumb Code     2  use_no_semi.o(.text)
    __semihosting_library_function           0x08001613   Thumb Code     0  indicate_semi.o(.text)
    _btod_d2e                                0x08001613   Thumb Code    62  btod.o(CL$$btod_d2e)
    _d2e_denorm_low                          0x08001651   Thumb Code    70  btod.o(CL$$btod_d2e_denorm_low)
    _d2e_norm_op1                            0x08001697   Thumb Code    96  btod.o(CL$$btod_d2e_norm_op1)
    __btod_div_common                        0x080016f7   Thumb Code   696  btod.o(CL$$btod_div_common)
    _e2e                                     0x08001a2f   Thumb Code   220  btod.o(CL$$btod_e2e)
    _btod_ediv                               0x08001b0b   Thumb Code    42  btod.o(CL$$btod_ediv)
    _btod_emul                               0x08001b35   Thumb Code    42  btod.o(CL$$btod_emul)
    __btod_mult_common                       0x08001b5f   Thumb Code   580  btod.o(CL$$btod_mult_common)
    Bl_Print_Msg                             0x08001f49   Thumb Code    44  bootloader.o(i.Bl_Print_Msg)
    Bl_Uart_Fetch_Host_Cmd                   0x08001f79   Thumb Code   532  bootloader.o(i.Bl_Uart_Fetch_Host_Cmd)
    BusFault_Handler                         0x08002309   Thumb Code     2  stm32f7xx_it.o(i.BusFault_Handler)
    DebugMon_Handler                         0x080023a3   Thumb Code     2  stm32f7xx_it.o(i.DebugMon_Handler)
    Error_Handler                            0x08002685   Thumb Code     4  main.o(i.Error_Handler)
    FLASH_Erase_Sector                       0x08002689   Thumb Code    80  stm32f7xx_hal_flash_ex.o(i.FLASH_Erase_Sector)
    FLASH_WaitForLastOperation               0x08002849   Thumb Code    76  stm32f7xx_hal_flash.o(i.FLASH_WaitForLastOperation)
    HAL_CRCEx_Polynomial_Set                 0x0800289d   Thumb Code    78  stm32f7xx_hal_crc_ex.o(i.HAL_CRCEx_Polynomial_Set)
    HAL_CRC_Accumulate                       0x080028ed   Thumb Code    68  stm32f7xx_hal_crc.o(i.HAL_CRC_Accumulate)
    HAL_CRC_Init                             0x08002931   Thumb Code   114  stm32f7xx_hal_crc.o(i.HAL_CRC_Init)
    HAL_CRC_MspInit                          0x080029a9   Thumb Code    30  crc.o(i.HAL_CRC_MspInit)
    HAL_Delay                                0x080029d1   Thumb Code    32  stm32f7xx_hal.o(i.HAL_Delay)
    HAL_ETH_Init                             0x080029f5   Thumb Code   262  stm32f7xx_hal_eth.o(i.HAL_ETH_Init)
    HAL_ETH_MspInit                          0x08002b09   Thumb Code   206  eth.o(i.HAL_ETH_MspInit)
    HAL_FLASHEx_Erase                        0x08002bf1   Thumb Code   130  stm32f7xx_hal_flash_ex.o(i.HAL_FLASHEx_Erase)
    HAL_FLASHEx_OBGetConfig                  0x08002c7d   Thumb Code    72  stm32f7xx_hal_flash_ex.o(i.HAL_FLASHEx_OBGetConfig)
    HAL_FLASHEx_OBProgram                    0x08002ccd   Thumb Code   222  stm32f7xx_hal_flash_ex.o(i.HAL_FLASHEx_OBProgram)
    HAL_FLASH_Lock                           0x08002db9   Thumb Code    14  stm32f7xx_hal_flash.o(i.HAL_FLASH_Lock)
    HAL_FLASH_OB_Launch                      0x08002dcd   Thumb Code    18  stm32f7xx_hal_flash.o(i.HAL_FLASH_OB_Launch)
    HAL_FLASH_OB_Lock                        0x08002de5   Thumb Code    14  stm32f7xx_hal_flash.o(i.HAL_FLASH_OB_Lock)
    HAL_FLASH_OB_Unlock                      0x08002df9   Thumb Code    28  stm32f7xx_hal_flash.o(i.HAL_FLASH_OB_Unlock)
    HAL_FLASH_Program                        0x08002e21   Thumb Code   122  stm32f7xx_hal_flash.o(i.HAL_FLASH_Program)
    HAL_FLASH_Unlock                         0x08002ea5   Thumb Code    34  stm32f7xx_hal_flash.o(i.HAL_FLASH_Unlock)
    HAL_GPIO_Init                            0x08002ed5   Thumb Code   530  stm32f7xx_hal_gpio.o(i.HAL_GPIO_Init)
    HAL_GPIO_WritePin                        0x0800311d   Thumb Code    10  stm32f7xx_hal_gpio.o(i.HAL_GPIO_WritePin)
    HAL_GetTick                              0x08003129   Thumb Code     6  stm32f7xx_hal.o(i.HAL_GetTick)
    HAL_IncTick                              0x08003135   Thumb Code    12  stm32f7xx_hal.o(i.HAL_IncTick)
    HAL_Init                                 0x08003145   Thumb Code    22  stm32f7xx_hal.o(i.HAL_Init)
    HAL_InitTick                             0x0800315d   Thumb Code    54  stm32f7xx_hal.o(i.HAL_InitTick)
    HAL_MspInit                              0x0800319d   Thumb Code    42  stm32f7xx_hal_msp.o(i.HAL_MspInit)
    HAL_NVIC_SetPriority                     0x080031cd   Thumb Code    60  stm32f7xx_hal_cortex.o(i.HAL_NVIC_SetPriority)
    HAL_NVIC_SetPriorityGrouping             0x0800320d   Thumb Code    28  stm32f7xx_hal_cortex.o(i.HAL_NVIC_SetPriorityGrouping)
    HAL_PCDEx_ActivateLPM                    0x08003231   Thumb Code    34  stm32f7xx_hal_pcd_ex.o(i.HAL_PCDEx_ActivateLPM)
    HAL_PCD_Init                             0x08003259   Thumb Code   242  stm32f7xx_hal_pcd.o(i.HAL_PCD_Init)
    HAL_PCD_MspInit                          0x0800334d   Thumb Code   160  usb_otg.o(i.HAL_PCD_MspInit)
    HAL_PWR_EnableBkUpAccess                 0x080033f5   Thumb Code    12  stm32f7xx_hal_pwr.o(i.HAL_PWR_EnableBkUpAccess)
    HAL_RCCEx_PeriphCLKConfig                0x08003405   Thumb Code  1276  stm32f7xx_hal_rcc_ex.o(i.HAL_RCCEx_PeriphCLKConfig)
    HAL_RCC_ClockConfig                      0x08003901   Thumb Code   284  stm32f7xx_hal_rcc.o(i.HAL_RCC_ClockConfig)
    HAL_RCC_GetPCLK1Freq                     0x08003a31   Thumb Code    20  stm32f7xx_hal_rcc.o(i.HAL_RCC_GetPCLK1Freq)
    HAL_RCC_GetPCLK2Freq                     0x08003a51   Thumb Code    20  stm32f7xx_hal_rcc.o(i.HAL_RCC_GetPCLK2Freq)
    HAL_RCC_GetSysClockFreq                  0x08003a71   Thumb Code    88  stm32f7xx_hal_rcc.o(i.HAL_RCC_GetSysClockFreq)
    HAL_RCC_OscConfig                        0x08003ad1   Thumb Code   888  stm32f7xx_hal_rcc.o(i.HAL_RCC_OscConfig)
    HAL_SYSTICK_Config                       0x08003e55   Thumb Code    38  stm32f7xx_hal_cortex.o(i.HAL_SYSTICK_Config)
    HAL_UART_Init                            0x08003e7b   Thumb Code   102  stm32f7xx_hal_uart.o(i.HAL_UART_Init)
    HAL_UART_MspInit                         0x08003ee1   Thumb Code   248  usart.o(i.HAL_UART_MspInit)
    HAL_UART_Receive                         0x08003fed   Thumb Code   226  stm32f7xx_hal_uart.o(i.HAL_UART_Receive)
    HAL_UART_Transmit                        0x080040cf   Thumb Code   162  stm32f7xx_hal_uart.o(i.HAL_UART_Transmit)
    HardFault_Handler                        0x08004171   Thumb Code     2  stm32f7xx_it.o(i.HardFault_Handler)
    MX_CRC_Init                              0x080041a9   Thumb Code    40  crc.o(i.MX_CRC_Init)
    MX_ETH_Init                              0x080041d9   Thumb Code    88  eth.o(i.MX_ETH_Init)
    MX_GPIO_Init                             0x08004245   Thumb Code   222  gpio.o(i.MX_GPIO_Init)
    MX_USART2_UART_Init                      0x08004335   Thumb Code    52  usart.o(i.MX_USART2_UART_Init)
    MX_USART3_UART_Init                      0x08004371   Thumb Code    52  usart.o(i.MX_USART3_UART_Init)
    MX_USB_OTG_FS_PCD_Init                   0x080043ad   Thumb Code    54  usb_otg.o(i.MX_USB_OTG_FS_PCD_Init)
    MemManage_Handler                        0x080043e9   Thumb Code     2  stm32f7xx_it.o(i.MemManage_Handler)
    NMI_Handler                              0x080043eb   Thumb Code     2  stm32f7xx_it.o(i.NMI_Handler)
    PendSV_Handler                           0x080043ed   Thumb Code     2  stm32f7xx_it.o(i.PendSV_Handler)
    SVC_Handler                              0x0800443f   Thumb Code     2  stm32f7xx_it.o(i.SVC_Handler)
    SysTick_Handler                          0x08004441   Thumb Code     4  stm32f7xx_it.o(i.SysTick_Handler)
    SystemClock_Config                       0x08004445   Thumb Code   146  main.o(i.SystemClock_Config)
    SystemInit                               0x080044e1   Thumb Code    12  system_stm32f7xx.o(i.SystemInit)
    UART_AdvFeatureConfig                    0x080044f1   Thumb Code   200  stm32f7xx_hal_uart.o(i.UART_AdvFeatureConfig)
    UART_CheckIdleState                      0x080045b9   Thumb Code    68  stm32f7xx_hal_uart.o(i.UART_CheckIdleState)
    UART_SetConfig                           0x080045fd   Thumb Code   516  stm32f7xx_hal_uart.o(i.UART_SetConfig)
    UART_WaitOnFlagUntilTimeout              0x0800482d   Thumb Code   202  stm32f7xx_hal_uart.o(i.UART_WaitOnFlagUntilTimeout)
    USB_CoreInit                             0x080048f9   Thumb Code   104  stm32f7xx_ll_usb.o(i.USB_CoreInit)
    USB_DevDisconnect                        0x080049a5   Thumb Code    28  stm32f7xx_ll_usb.o(i.USB_DevDisconnect)
    USB_DevInit                              0x080049c1   Thumb Code   368  stm32f7xx_ll_usb.o(i.USB_DevInit)
    USB_DisableGlobalInt                     0x08004b39   Thumb Code    12  stm32f7xx_ll_usb.o(i.USB_DisableGlobalInt)
    USB_FlushRxFifo                          0x08004b45   Thumb Code    54  stm32f7xx_ll_usb.o(i.USB_FlushRxFifo)
    USB_FlushTxFifo                          0x08004b81   Thumb Code    58  stm32f7xx_ll_usb.o(i.USB_FlushTxFifo)
    USB_SetCurrentMode                       0x08004bc1   Thumb Code    94  stm32f7xx_ll_usb.o(i.USB_SetCurrentMode)
    UsageFault_Handler                       0x08004c1f   Thumb Code     2  stm32f7xx_it.o(i.UsageFault_Handler)
    __ARM_fpclassify                         0x08004c21   Thumb Code    48  fpclassify.o(i.__ARM_fpclassify)
    _is_digit                                0x08004c73   Thumb Code    14  __printf_wp.o(i._is_digit)
    main                                     0x08004c81   Thumb Code    38  main.o(i.main)
    _get_lc_numeric                          0x08004ca9   Thumb Code    44  lc_numeric_c.o(locale$$code)
    _get_lc_ctype                            0x08004cd5   Thumb Code    44  lc_ctype_c.o(locale$$code)
    _fp_init                                 0x08004d01   Thumb Code    10  fpinit.o(x$fpl$fpinit)
    __fplib_config_fpu_vfp                   0x08004d09   Thumb Code     0  fpinit.o(x$fpl$fpinit)
    __fplib_config_pureend_doubles           0x08004d09   Thumb Code     0  fpinit.o(x$fpl$fpinit)
    _printf_fp_dec                           0x08004d0b   Thumb Code     4  printf1.o(x$fpl$printf1)
    _printf_fp_hex                           0x08004d0f   Thumb Code     4  printf2.o(x$fpl$printf2)
    AHBPrescTable                            0x08004d12   Data          16  system_stm32f7xx.o(.constdata)
    __I$use$fp                               0x08004d12   Number         0  usenofp.o(x$fpl$usenofp)
    APBPrescTable                            0x08004d22   Data           8  system_stm32f7xx.o(.constdata)
    Region$$Table$$Base                      0x08004e28   Number         0  anon$$obj.o(Region$$Table)
    Region$$Table$$Limit                     0x08004e48   Number         0  anon$$obj.o(Region$$Table)
    __ctype                                  0x08004e71   Data           0  lc_ctype_c.o(locale$$data)
    uwTickFreq                               0x20000008   Data           1  stm32f7xx_hal.o(.data)
    uwTickPrio                               0x2000000c   Data           4  stm32f7xx_hal.o(.data)
    uwTick                                   0x20000010   Data           4  stm32f7xx_hal.o(.data)
    SystemCoreClock                          0x20000014   Data           4  system_stm32f7xx.o(.data)
    hcrc                                     0x20000028   Data          36  crc.o(.bss)
    TxConfig                                 0x2000004c   Data          56  eth.o(.bss)
    heth                                     0x20000084   Data         176  eth.o(.bss)
    huart2                                   0x20000134   Data         136  usart.o(.bss)
    huart3                                   0x200001bc   Data         136  usart.o(.bss)
    hpcd_USB_OTG_FS                          0x20000244   Data        1288  usb_otg.o(.bss)
    pFlash                                   0x2000074c   Data          28  stm32f7xx_hal_flash.o(.bss)
    __libspace_start                         0x20000830   Data          96  libspace.o(.bss)
    __temporary_stack_top$libspace           0x20000890   Data           0  libspace.o(.bss)
    DMARxDscrTab                             0x2004c000   Data         160  eth.o(.ARM.__AT_0x2004C000)
    DMATxDscrTab                             0x2004c0a0   Data         160  eth.o(.ARM.__AT_0x2004C0A0)



==============================================================================

Memory Map of the image

  Image Entry point : 0x080001c9

  Load Region LR_IROM1 (Base: 0x08000000, Size: 0x00004f9c, Max: 0x00100000, ABSOLUTE)

    Execution Region ER_IROM1 (Exec base: 0x08000000, Load base: 0x08000000, Size: 0x00004f74, Max: 0x00100000, ABSOLUTE)

    Exec Addr    Load Addr    Size         Type   Attr      Idx    E Section Name        Object

    0x08000000   0x08000000   0x000001c8   Data   RO            3    RESET               startup_stm32f756xx.o
    0x080001c8   0x080001c8   0x00000008   Code   RO         3861  * !!!main             c_w.l(__main.o)
    0x080001d0   0x080001d0   0x00000034   Code   RO         4192    !!!scatter          c_w.l(__scatter.o)
    0x08000204   0x08000204   0x0000001a   Code   RO         4194    !!handler_copy      c_w.l(__scatter_copy.o)
    0x0800021e   0x0800021e   0x00000002   PAD
    0x08000220   0x08000220   0x0000001c   Code   RO         4196    !!handler_zi        c_w.l(__scatter_zi.o)
    0x0800023c   0x0800023c   0x00000000   Code   RO         3949    .ARM.Collect$$_printf_percent$$00000000  c_w.l(_printf_percent.o)
    0x0800023c   0x0800023c   0x00000006   Code   RO         3938    .ARM.Collect$$_printf_percent$$00000001  c_w.l(_printf_n.o)
    0x08000242   0x08000242   0x00000006   Code   RO         3940    .ARM.Collect$$_printf_percent$$00000002  c_w.l(_printf_p.o)
    0x08000248   0x08000248   0x00000006   Code   RO         3945    .ARM.Collect$$_printf_percent$$00000003  c_w.l(_printf_f.o)
    0x0800024e   0x0800024e   0x00000006   Code   RO         3946    .ARM.Collect$$_printf_percent$$00000004  c_w.l(_printf_e.o)
    0x08000254   0x08000254   0x00000006   Code   RO         3947    .ARM.Collect$$_printf_percent$$00000005  c_w.l(_printf_g.o)
    0x0800025a   0x0800025a   0x00000006   Code   RO         3948    .ARM.Collect$$_printf_percent$$00000006  c_w.l(_printf_a.o)
    0x08000260   0x08000260   0x0000000a   Code   RO         3953    .ARM.Collect$$_printf_percent$$00000007  c_w.l(_printf_ll.o)
    0x0800026a   0x0800026a   0x00000006   Code   RO         3942    .ARM.Collect$$_printf_percent$$00000008  c_w.l(_printf_i.o)
    0x08000270   0x08000270   0x00000006   Code   RO         3943    .ARM.Collect$$_printf_percent$$00000009  c_w.l(_printf_d.o)
    0x08000276   0x08000276   0x00000006   Code   RO         3944    .ARM.Collect$$_printf_percent$$0000000A  c_w.l(_printf_u.o)
    0x0800027c   0x0800027c   0x00000006   Code   RO         3941    .ARM.Collect$$_printf_percent$$0000000B  c_w.l(_printf_o.o)
    0x08000282   0x08000282   0x00000006   Code   RO         3939    .ARM.Collect$$_printf_percent$$0000000C  c_w.l(_printf_x.o)
    0x08000288   0x08000288   0x00000006   Code   RO         3950    .ARM.Collect$$_printf_percent$$0000000D  c_w.l(_printf_lli.o)
    0x0800028e   0x0800028e   0x00000006   Code   RO         3951    .ARM.Collect$$_printf_percent$$0000000E  c_w.l(_printf_lld.o)
    0x08000294   0x08000294   0x00000006   Code   RO         3952    .ARM.Collect$$_printf_percent$$0000000F  c_w.l(_printf_llu.o)
    0x0800029a   0x0800029a   0x00000006   Code   RO         3957    .ARM.Collect$$_printf_percent$$00000010  c_w.l(_printf_llo.o)
    0x080002a0   0x080002a0   0x00000006   Code   RO         3958    .ARM.Collect$$_printf_percent$$00000011  c_w.l(_printf_llx.o)
    0x080002a6   0x080002a6   0x0000000a   Code   RO         3954    .ARM.Collect$$_printf_percent$$00000012  c_w.l(_printf_l.o)
    0x080002b0   0x080002b0   0x00000006   Code   RO         3936    .ARM.Collect$$_printf_percent$$00000013  c_w.l(_printf_c.o)
    0x080002b6   0x080002b6   0x00000006   Code   RO         3937    .ARM.Collect$$_printf_percent$$00000014  c_w.l(_printf_s.o)
    0x080002bc   0x080002bc   0x00000006   Code   RO         3955    .ARM.Collect$$_printf_percent$$00000015  c_w.l(_printf_lc.o)
    0x080002c2   0x080002c2   0x00000006   Code   RO         3956    .ARM.Collect$$_printf_percent$$00000016  c_w.l(_printf_ls.o)
    0x080002c8   0x080002c8   0x00000004   Code   RO         3999    .ARM.Collect$$_printf_percent$$00000017  c_w.l(_printf_percent_end.o)
    0x080002cc   0x080002cc   0x00000002   Code   RO         4052    .ARM.Collect$$libinit$$00000000  c_w.l(libinit.o)
    0x080002ce   0x080002ce   0x00000004   Code   RO         4074    .ARM.Collect$$libinit$$00000001  c_w.l(libinit2.o)
    0x080002d2   0x080002d2   0x00000000   Code   RO         4077    .ARM.Collect$$libinit$$00000004  c_w.l(libinit2.o)
    0x080002d2   0x080002d2   0x00000000   Code   RO         4080    .ARM.Collect$$libinit$$0000000A  c_w.l(libinit2.o)
    0x080002d2   0x080002d2   0x00000000   Code   RO         4082    .ARM.Collect$$libinit$$0000000C  c_w.l(libinit2.o)
    0x080002d2   0x080002d2   0x00000000   Code   RO         4084    .ARM.Collect$$libinit$$0000000E  c_w.l(libinit2.o)
    0x080002d2   0x080002d2   0x00000006   Code   RO         4085    .ARM.Collect$$libinit$$0000000F  c_w.l(libinit2.o)
    0x080002d8   0x080002d8   0x00000000   Code   RO         4087    .ARM.Collect$$libinit$$00000011  c_w.l(libinit2.o)
    0x080002d8   0x080002d8   0x0000000c   Code   RO         4088    .ARM.Collect$$libinit$$00000012  c_w.l(libinit2.o)
    0x080002e4   0x080002e4   0x00000000   Code   RO         4089    .ARM.Collect$$libinit$$00000013  c_w.l(libinit2.o)
    0x080002e4   0x080002e4   0x00000000   Code   RO         4091    .ARM.Collect$$libinit$$00000015  c_w.l(libinit2.o)
    0x080002e4   0x080002e4   0x0000000a   Code   RO         4092    .ARM.Collect$$libinit$$00000016  c_w.l(libinit2.o)
    0x080002ee   0x080002ee   0x00000000   Code   RO         4093    .ARM.Collect$$libinit$$00000017  c_w.l(libinit2.o)
    0x080002ee   0x080002ee   0x00000000   Code   RO         4095    .ARM.Collect$$libinit$$00000019  c_w.l(libinit2.o)
    0x080002ee   0x080002ee   0x00000000   Code   RO         4097    .ARM.Collect$$libinit$$0000001B  c_w.l(libinit2.o)
    0x080002ee   0x080002ee   0x00000000   Code   RO         4099    .ARM.Collect$$libinit$$0000001D  c_w.l(libinit2.o)
    0x080002ee   0x080002ee   0x00000000   Code   RO         4101    .ARM.Collect$$libinit$$0000001F  c_w.l(libinit2.o)
    0x080002ee   0x080002ee   0x00000000   Code   RO         4103    .ARM.Collect$$libinit$$00000021  c_w.l(libinit2.o)
    0x080002ee   0x080002ee   0x00000000   Code   RO         4105    .ARM.Collect$$libinit$$00000023  c_w.l(libinit2.o)
    0x080002ee   0x080002ee   0x00000000   Code   RO         4107    .ARM.Collect$$libinit$$00000025  c_w.l(libinit2.o)
    0x080002ee   0x080002ee   0x00000000   Code   RO         4111    .ARM.Collect$$libinit$$0000002C  c_w.l(libinit2.o)
    0x080002ee   0x080002ee   0x00000000   Code   RO         4113    .ARM.Collect$$libinit$$0000002E  c_w.l(libinit2.o)
    0x080002ee   0x080002ee   0x00000000   Code   RO         4115    .ARM.Collect$$libinit$$00000030  c_w.l(libinit2.o)
    0x080002ee   0x080002ee   0x00000000   Code   RO         4117    .ARM.Collect$$libinit$$00000032  c_w.l(libinit2.o)
    0x080002ee   0x080002ee   0x00000002   Code   RO         4118    .ARM.Collect$$libinit$$00000033  c_w.l(libinit2.o)
    0x080002f0   0x080002f0   0x00000002   Code   RO         4149    .ARM.Collect$$libshutdown$$00000000  c_w.l(libshutdown.o)
    0x080002f2   0x080002f2   0x00000000   Code   RO         4175    .ARM.Collect$$libshutdown$$00000002  c_w.l(libshutdown2.o)
    0x080002f2   0x080002f2   0x00000000   Code   RO         4177    .ARM.Collect$$libshutdown$$00000004  c_w.l(libshutdown2.o)
    0x080002f2   0x080002f2   0x00000000   Code   RO         4180    .ARM.Collect$$libshutdown$$00000007  c_w.l(libshutdown2.o)
    0x080002f2   0x080002f2   0x00000000   Code   RO         4183    .ARM.Collect$$libshutdown$$0000000A  c_w.l(libshutdown2.o)
    0x080002f2   0x080002f2   0x00000000   Code   RO         4185    .ARM.Collect$$libshutdown$$0000000C  c_w.l(libshutdown2.o)
    0x080002f2   0x080002f2   0x00000000   Code   RO         4188    .ARM.Collect$$libshutdown$$0000000F  c_w.l(libshutdown2.o)
    0x080002f2   0x080002f2   0x00000002   Code   RO         4189    .ARM.Collect$$libshutdown$$00000010  c_w.l(libshutdown2.o)
    0x080002f4   0x080002f4   0x00000000   Code   RO         3863    .ARM.Collect$$rtentry$$00000000  c_w.l(__rtentry.o)
    0x080002f4   0x080002f4   0x00000000   Code   RO         3968    .ARM.Collect$$rtentry$$00000002  c_w.l(__rtentry2.o)
    0x080002f4   0x080002f4   0x00000006   Code   RO         3980    .ARM.Collect$$rtentry$$00000004  c_w.l(__rtentry4.o)
    0x080002fa   0x080002fa   0x00000000   Code   RO         3970    .ARM.Collect$$rtentry$$00000009  c_w.l(__rtentry2.o)
    0x080002fa   0x080002fa   0x00000004   Code   RO         3971    .ARM.Collect$$rtentry$$0000000A  c_w.l(__rtentry2.o)
    0x080002fe   0x080002fe   0x00000000   Code   RO         3973    .ARM.Collect$$rtentry$$0000000C  c_w.l(__rtentry2.o)
    0x080002fe   0x080002fe   0x00000008   Code   RO         3974    .ARM.Collect$$rtentry$$0000000D  c_w.l(__rtentry2.o)
    0x08000306   0x08000306   0x00000002   Code   RO         4061    .ARM.Collect$$rtexit$$00000000  c_w.l(rtexit.o)
    0x08000308   0x08000308   0x00000000   Code   RO         4122    .ARM.Collect$$rtexit$$00000002  c_w.l(rtexit2.o)
    0x08000308   0x08000308   0x00000004   Code   RO         4123    .ARM.Collect$$rtexit$$00000003  c_w.l(rtexit2.o)
    0x0800030c   0x0800030c   0x00000006   Code   RO         4124    .ARM.Collect$$rtexit$$00000004  c_w.l(rtexit2.o)
    0x08000312   0x08000312   0x00000002   PAD
    0x08000314   0x08000314   0x00000040   Code   RO            4    .text               startup_stm32f756xx.o
    0x08000354   0x08000354   0x000000ee   Code   RO         3849    .text               c_w.l(lludivv7m.o)
    0x08000442   0x08000442   0x00000002   PAD
    0x08000444   0x08000444   0x00000024   Code   RO         3851    .text               c_w.l(vsprintf.o)
    0x08000468   0x08000468   0x00000064   Code   RO         3853    .text               c_w.l(rt_memcpy_w.o)
    0x080004cc   0x080004cc   0x00000044   Code   RO         3855    .text               c_w.l(rt_memclr.o)
    0x08000510   0x08000510   0x0000004e   Code   RO         3857    .text               c_w.l(rt_memclr_w.o)
    0x0800055e   0x0800055e   0x00000006   Code   RO         3859    .text               c_w.l(heapauxi.o)
    0x08000564   0x08000564   0x0000004e   Code   RO         3870    .text               c_w.l(_printf_pad.o)
    0x080005b2   0x080005b2   0x00000024   Code   RO         3872    .text               c_w.l(_printf_truncate.o)
    0x080005d6   0x080005d6   0x00000052   Code   RO         3874    .text               c_w.l(_printf_str.o)
    0x08000628   0x08000628   0x00000078   Code   RO         3876    .text               c_w.l(_printf_dec.o)
    0x080006a0   0x080006a0   0x00000028   Code   RO         3878    .text               c_w.l(_printf_charcount.o)
    0x080006c8   0x080006c8   0x00000030   Code   RO         3880    .text               c_w.l(_printf_char_common.o)
    0x080006f8   0x080006f8   0x0000000a   Code   RO         3882    .text               c_w.l(_sputc.o)
    0x08000702   0x08000702   0x00000002   PAD
    0x08000704   0x08000704   0x000000bc   Code   RO         3884    .text               c_w.l(_printf_wctomb.o)
    0x080007c0   0x080007c0   0x0000007c   Code   RO         3887    .text               c_w.l(_printf_longlong_dec.o)
    0x0800083c   0x0800083c   0x00000070   Code   RO         3893    .text               c_w.l(_printf_oct_int_ll.o)
    0x080008ac   0x080008ac   0x00000094   Code   RO         3913    .text               c_w.l(_printf_hex_int_ll_ptr.o)
    0x08000940   0x08000940   0x00000188   Code   RO         3933    .text               c_w.l(__printf_flags_ss_wp.o)
    0x08000ac8   0x08000ac8   0x0000008a   Code   RO         3984    .text               c_w.l(lludiv10.o)
    0x08000b52   0x08000b52   0x000000b2   Code   RO         3986    .text               c_w.l(_printf_intcommon.o)
    0x08000c04   0x08000c04   0x0000041e   Code   RO         3988    .text               c_w.l(_printf_fp_dec.o)
    0x08001022   0x08001022   0x00000002   PAD
    0x08001024   0x08001024   0x000002fc   Code   RO         3990    .text               c_w.l(_printf_fp_hex.o)
    0x08001320   0x08001320   0x0000002c   Code   RO         3995    .text               c_w.l(_printf_char.o)
    0x0800134c   0x0800134c   0x0000002c   Code   RO         3997    .text               c_w.l(_printf_wchar.o)
    0x08001378   0x08001378   0x00000040   Code   RO         4000    .text               c_w.l(_wcrtomb.o)
    0x080013b8   0x080013b8   0x0000004a   Code   RO         4002    .text               c_w.l(sys_stackheap_outer.o)
    0x08001402   0x08001402   0x00000002   PAD
    0x08001404   0x08001404   0x00000010   Code   RO         4004    .text               c_w.l(rt_ctype_table.o)
    0x08001414   0x08001414   0x00000008   Code   RO         4009    .text               c_w.l(rt_locale_intlibspace.o)
    0x0800141c   0x0800141c   0x00000080   Code   RO         4011    .text               c_w.l(_printf_fp_infnan.o)
    0x0800149c   0x0800149c   0x000000e4   Code   RO         4013    .text               c_w.l(bigflt0.o)
    0x08001580   0x08001580   0x00000012   Code   RO         4041    .text               c_w.l(exit.o)
    0x08001592   0x08001592   0x00000002   PAD
    0x08001594   0x08001594   0x00000008   Code   RO         4058    .text               c_w.l(libspace.o)
    0x0800159c   0x0800159c   0x00000068   Code   RO         4072    .text               c_w.l(strcmpv7m_pel.o)
    0x08001604   0x08001604   0x0000000c   Code   RO         4119    .text               c_w.l(sys_exit.o)
    0x08001610   0x08001610   0x00000002   Code   RO         4138    .text               c_w.l(use_no_semi.o)
    0x08001612   0x08001612   0x00000000   Code   RO         4140    .text               c_w.l(indicate_semi.o)
    0x08001612   0x08001612   0x0000003e   Code   RO         4016    CL$$btod_d2e        c_w.l(btod.o)
    0x08001650   0x08001650   0x00000046   Code   RO         4018    CL$$btod_d2e_denorm_low  c_w.l(btod.o)
    0x08001696   0x08001696   0x00000060   Code   RO         4017    CL$$btod_d2e_norm_op1  c_w.l(btod.o)
    0x080016f6   0x080016f6   0x00000338   Code   RO         4026    CL$$btod_div_common  c_w.l(btod.o)
    0x08001a2e   0x08001a2e   0x000000dc   Code   RO         4023    CL$$btod_e2e        c_w.l(btod.o)
    0x08001b0a   0x08001b0a   0x0000002a   Code   RO         4020    CL$$btod_ediv       c_w.l(btod.o)
    0x08001b34   0x08001b34   0x0000002a   Code   RO         4019    CL$$btod_emul       c_w.l(btod.o)
    0x08001b5e   0x08001b5e   0x00000244   Code   RO         4025    CL$$btod_mult_common  c_w.l(btod.o)
    0x08001da2   0x08001da2   0x00000078   Code   RO         3761    i.BL_VidReadOutUnProtect  bootloader.o
    0x08001e1a   0x08001e1a   0x00000002   PAD
    0x08001e1c   0x08001e1c   0x00000024   Code   RO         3762    i.BL_VidSendAck     bootloader.o
    0x08001e40   0x08001e40   0x0000001c   Code   RO         3763    i.BL_VidSendNack    bootloader.o
    0x08001e5c   0x08001e5c   0x00000014   Code   RO         3764    i.BL_VidSendReplyTo_Host  bootloader.o
    0x08001e70   0x08001e70   0x00000092   Code   RO         3765    i.BL_VidWriteMemory  bootloader.o
    0x08001f02   0x08001f02   0x00000002   PAD
    0x08001f04   0x08001f04   0x00000044   Code   RO         3766    i.BL_uint8CRC_Verify  bootloader.o
    0x08001f48   0x08001f48   0x00000030   Code   RO         3767    i.Bl_Print_Msg      bootloader.o
    0x08001f78   0x08001f78   0x00000390   Code   RO         3768    i.Bl_Uart_Fetch_Host_Cmd  bootloader.o
    0x08002308   0x08002308   0x00000002   Code   RO          400    i.BusFault_Handler  stm32f7xx_it.o
    0x0800230a   0x0800230a   0x00000002   PAD
    0x0800230c   0x0800230c   0x00000030   Code   RO          634    i.CRC_Handle_16     stm32f7xx_hal_crc.o
    0x0800233c   0x0800233c   0x00000066   Code   RO          635    i.CRC_Handle_8      stm32f7xx_hal_crc.o
    0x080023a2   0x080023a2   0x00000002   Code   RO          401    i.DebugMon_Handler  stm32f7xx_it.o
    0x080023a4   0x080023a4   0x0000006e   Code   RO         2297    i.ETH_DMARxDescListInit  stm32f7xx_hal_eth.o
    0x08002412   0x08002412   0x0000009a   Code   RO         2299    i.ETH_MACDMAConfig  stm32f7xx_hal_eth.o
    0x080024ac   0x080024ac   0x000000c4   Code   RO         2301    i.ETH_SetDMAConfig  stm32f7xx_hal_eth.o
    0x08002570   0x08002570   0x00000114   Code   RO         2302    i.ETH_SetMACConfig  stm32f7xx_hal_eth.o
    0x08002684   0x08002684   0x00000004   Code   RO           13    i.Error_Handler     main.o
    0x08002688   0x08002688   0x00000054   Code   RO         1020    i.FLASH_Erase_Sector  stm32f7xx_hal_flash_ex.o
    0x080026dc   0x080026dc   0x0000002c   Code   RO         1021    i.FLASH_MassErase   stm32f7xx_hal_flash_ex.o
    0x08002708   0x08002708   0x00000030   Code   RO         1022    i.FLASH_OB_BootAddressConfig  stm32f7xx_hal_flash_ex.o
    0x08002738   0x08002738   0x00000014   Code   RO         1023    i.FLASH_OB_GetBootAddress  stm32f7xx_hal_flash_ex.o
    0x0800274c   0x0800274c   0x00000024   Code   RO          902    i.FLASH_Program_Byte  stm32f7xx_hal_flash.o
    0x08002770   0x08002770   0x00000030   Code   RO          903    i.FLASH_Program_DoubleWord  stm32f7xx_hal_flash.o
    0x080027a0   0x080027a0   0x00000028   Code   RO          904    i.FLASH_Program_HalfWord  stm32f7xx_hal_flash.o
    0x080027c8   0x080027c8   0x00000028   Code   RO          905    i.FLASH_Program_Word  stm32f7xx_hal_flash.o
    0x080027f0   0x080027f0   0x00000058   Code   RO          906    i.FLASH_SetErrorCode  stm32f7xx_hal_flash.o
    0x08002848   0x08002848   0x00000054   Code   RO          907    i.FLASH_WaitForLastOperation  stm32f7xx_hal_flash.o
    0x0800289c   0x0800289c   0x0000004e   Code   RO          706    i.HAL_CRCEx_Polynomial_Set  stm32f7xx_hal_crc_ex.o
    0x080028ea   0x080028ea   0x00000002   PAD
    0x080028ec   0x080028ec   0x00000044   Code   RO          636    i.HAL_CRC_Accumulate  stm32f7xx_hal_crc.o
    0x08002930   0x08002930   0x00000078   Code   RO          640    i.HAL_CRC_Init      stm32f7xx_hal_crc.o
    0x080029a8   0x080029a8   0x00000028   Code   RO          224    i.HAL_CRC_MspInit   crc.o
    0x080029d0   0x080029d0   0x00000024   Code   RO         1520    i.HAL_Delay         stm32f7xx_hal.o
    0x080029f4   0x080029f4   0x00000114   Code   RO         2318    i.HAL_ETH_Init      stm32f7xx_hal_eth.o
    0x08002b08   0x08002b08   0x000000e8   Code   RO          266    i.HAL_ETH_MspInit   eth.o
    0x08002bf0   0x08002bf0   0x0000008c   Code   RO         1024    i.HAL_FLASHEx_Erase  stm32f7xx_hal_flash_ex.o
    0x08002c7c   0x08002c7c   0x00000050   Code   RO         1026    i.HAL_FLASHEx_OBGetConfig  stm32f7xx_hal_flash_ex.o
    0x08002ccc   0x08002ccc   0x000000ec   Code   RO         1027    i.HAL_FLASHEx_OBProgram  stm32f7xx_hal_flash_ex.o
    0x08002db8   0x08002db8   0x00000014   Code   RO          911    i.HAL_FLASH_Lock    stm32f7xx_hal_flash.o
    0x08002dcc   0x08002dcc   0x00000018   Code   RO          912    i.HAL_FLASH_OB_Launch  stm32f7xx_hal_flash.o
    0x08002de4   0x08002de4   0x00000014   Code   RO          913    i.HAL_FLASH_OB_Lock  stm32f7xx_hal_flash.o
    0x08002df8   0x08002df8   0x00000028   Code   RO          914    i.HAL_FLASH_OB_Unlock  stm32f7xx_hal_flash.o
    0x08002e20   0x08002e20   0x00000084   Code   RO          916    i.HAL_FLASH_Program  stm32f7xx_hal_flash.o
    0x08002ea4   0x08002ea4   0x00000030   Code   RO          918    i.HAL_FLASH_Unlock  stm32f7xx_hal_flash.o
    0x08002ed4   0x08002ed4   0x00000248   Code   RO         1087    i.HAL_GPIO_Init     stm32f7xx_hal_gpio.o
    0x0800311c   0x0800311c   0x0000000a   Code   RO         1091    i.HAL_GPIO_WritePin  stm32f7xx_hal_gpio.o
    0x08003126   0x08003126   0x00000002   PAD
    0x08003128   0x08003128   0x0000000c   Code   RO         1528    i.HAL_GetTick       stm32f7xx_hal.o
    0x08003134   0x08003134   0x00000010   Code   RO         1534    i.HAL_IncTick       stm32f7xx_hal.o
    0x08003144   0x08003144   0x00000016   Code   RO         1535    i.HAL_Init          stm32f7xx_hal.o
    0x0800315a   0x0800315a   0x00000002   PAD
    0x0800315c   0x0800315c   0x00000040   Code   RO         1536    i.HAL_InitTick      stm32f7xx_hal.o
    0x0800319c   0x0800319c   0x00000030   Code   RO          475    i.HAL_MspInit       stm32f7xx_hal_msp.o
    0x080031cc   0x080031cc   0x00000040   Code   RO          510    i.HAL_NVIC_SetPriority  stm32f7xx_hal_cortex.o
    0x0800320c   0x0800320c   0x00000024   Code   RO          511    i.HAL_NVIC_SetPriorityGrouping  stm32f7xx_hal_cortex.o
    0x08003230   0x08003230   0x00000028   Code   RO         3358    i.HAL_PCDEx_ActivateLPM  stm32f7xx_hal_pcd_ex.o
    0x08003258   0x08003258   0x000000f2   Code   RO         3142    i.HAL_PCD_Init      stm32f7xx_hal_pcd.o
    0x0800334a   0x0800334a   0x00000002   PAD
    0x0800334c   0x0800334c   0x000000a8   Code   RO          359    i.HAL_PCD_MspInit   usb_otg.o
    0x080033f4   0x080033f4   0x00000010   Code   RO         1304    i.HAL_PWR_EnableBkUpAccess  stm32f7xx_hal_pwr.o
    0x08003404   0x08003404   0x000004fc   Code   RO          848    i.HAL_RCCEx_PeriphCLKConfig  stm32f7xx_hal_rcc_ex.o
    0x08003900   0x08003900   0x00000130   Code   RO          741    i.HAL_RCC_ClockConfig  stm32f7xx_hal_rcc.o
    0x08003a30   0x08003a30   0x00000020   Code   RO          748    i.HAL_RCC_GetPCLK1Freq  stm32f7xx_hal_rcc.o
    0x08003a50   0x08003a50   0x00000020   Code   RO          749    i.HAL_RCC_GetPCLK2Freq  stm32f7xx_hal_rcc.o
    0x08003a70   0x08003a70   0x00000060   Code   RO          750    i.HAL_RCC_GetSysClockFreq  stm32f7xx_hal_rcc.o
    0x08003ad0   0x08003ad0   0x00000384   Code   RO          753    i.HAL_RCC_OscConfig  stm32f7xx_hal_rcc.o
    0x08003e54   0x08003e54   0x00000026   Code   RO          515    i.HAL_SYSTICK_Config  stm32f7xx_hal_cortex.o
    0x08003e7a   0x08003e7a   0x00000066   Code   RO         2703    i.HAL_UART_Init     stm32f7xx_hal_uart.o
    0x08003ee0   0x08003ee0   0x0000010c   Code   RO          311    i.HAL_UART_MspInit  usart.o
    0x08003fec   0x08003fec   0x000000e2   Code   RO         2706    i.HAL_UART_Receive  stm32f7xx_hal_uart.o
    0x080040ce   0x080040ce   0x000000a2   Code   RO         2712    i.HAL_UART_Transmit  stm32f7xx_hal_uart.o
    0x08004170   0x08004170   0x00000002   Code   RO          402    i.HardFault_Handler  stm32f7xx_it.o
    0x08004172   0x08004172   0x00000002   PAD
    0x08004174   0x08004174   0x00000034   Code   RO         3769    i.Host_uint8AddressVerification  bootloader.o
    0x080041a8   0x080041a8   0x00000030   Code   RO          225    i.MX_CRC_Init       crc.o
    0x080041d8   0x080041d8   0x0000006c   Code   RO          267    i.MX_ETH_Init       eth.o
    0x08004244   0x08004244   0x000000f0   Code   RO          199    i.MX_GPIO_Init      gpio.o
    0x08004334   0x08004334   0x0000003c   Code   RO          312    i.MX_USART2_UART_Init  usart.o
    0x08004370   0x08004370   0x0000003c   Code   RO          313    i.MX_USART3_UART_Init  usart.o
    0x080043ac   0x080043ac   0x0000003c   Code   RO          360    i.MX_USB_OTG_FS_PCD_Init  usb_otg.o
    0x080043e8   0x080043e8   0x00000002   Code   RO          403    i.MemManage_Handler  stm32f7xx_it.o
    0x080043ea   0x080043ea   0x00000002   Code   RO          404    i.NMI_Handler       stm32f7xx_it.o
    0x080043ec   0x080043ec   0x00000002   Code   RO          405    i.PendSV_Handler    stm32f7xx_it.o
    0x080043ee   0x080043ee   0x00000050   Code   RO         3770    i.Perform_uint8FlashErase  bootloader.o
    0x0800443e   0x0800443e   0x00000002   Code   RO          406    i.SVC_Handler       stm32f7xx_it.o
    0x08004440   0x08004440   0x00000004   Code   RO          407    i.SysTick_Handler   stm32f7xx_it.o
    0x08004444   0x08004444   0x0000009c   Code   RO           14    i.SystemClock_Config  main.o
    0x080044e0   0x080044e0   0x00000010   Code   RO         3724    i.SystemInit        system_stm32f7xx.o
    0x080044f0   0x080044f0   0x000000c8   Code   RO         2717    i.UART_AdvFeatureConfig  stm32f7xx_hal_uart.o
    0x080045b8   0x080045b8   0x00000044   Code   RO         2718    i.UART_CheckIdleState  stm32f7xx_hal_uart.o
    0x080045fc   0x080045fc   0x00000230   Code   RO         2733    i.UART_SetConfig    stm32f7xx_hal_uart.o
    0x0800482c   0x0800482c   0x000000ca   Code   RO         2738    i.UART_WaitOnFlagUntilTimeout  stm32f7xx_hal_uart.o
    0x080048f6   0x080048f6   0x00000002   PAD
    0x080048f8   0x080048f8   0x0000006c   Code   RO         3417    i.USB_CoreInit      stm32f7xx_ll_usb.o
    0x08004964   0x08004964   0x00000040   Code   RO         3418    i.USB_CoreReset     stm32f7xx_ll_usb.o
    0x080049a4   0x080049a4   0x0000001c   Code   RO         3423    i.USB_DevDisconnect  stm32f7xx_ll_usb.o
    0x080049c0   0x080049c0   0x00000178   Code   RO         3424    i.USB_DevInit       stm32f7xx_ll_usb.o
    0x08004b38   0x08004b38   0x0000000c   Code   RO         3425    i.USB_DisableGlobalInt  stm32f7xx_ll_usb.o
    0x08004b44   0x08004b44   0x0000003c   Code   RO         3435    i.USB_FlushRxFifo   stm32f7xx_ll_usb.o
    0x08004b80   0x08004b80   0x00000040   Code   RO         3436    i.USB_FlushTxFifo   stm32f7xx_ll_usb.o
    0x08004bc0   0x08004bc0   0x0000005e   Code   RO         3455    i.USB_SetCurrentMode  stm32f7xx_ll_usb.o
    0x08004c1e   0x08004c1e   0x00000002   Code   RO          408    i.UsageFault_Handler  stm32f7xx_it.o
    0x08004c20   0x08004c20   0x00000030   Code   RO         4056    i.__ARM_fpclassify  m_wm.l(fpclassify.o)
    0x08004c50   0x08004c50   0x00000022   Code   RO          517    i.__NVIC_SetPriority  stm32f7xx_hal_cortex.o
    0x08004c72   0x08004c72   0x0000000e   Code   RO         3926    i._is_digit         c_w.l(__printf_wp.o)
    0x08004c80   0x08004c80   0x00000026   Code   RO           15    i.main              main.o
    0x08004ca6   0x08004ca6   0x00000002   PAD
    0x08004ca8   0x08004ca8   0x0000002c   Code   RO         4039    locale$$code        c_w.l(lc_numeric_c.o)
    0x08004cd4   0x08004cd4   0x0000002c   Code   RO         4066    locale$$code        c_w.l(lc_ctype_c.o)
    0x08004d00   0x08004d00   0x0000000a   Code   RO         4134    x$fpl$fpinit        fz_wm.l(fpinit.o)
    0x08004d0a   0x08004d0a   0x00000004   Code   RO         3959    x$fpl$printf1       fz_wm.l(printf1.o)
    0x08004d0e   0x08004d0e   0x00000004   Code   RO         3961    x$fpl$printf2       fz_wm.l(printf2.o)
    0x08004d12   0x08004d12   0x00000000   Code   RO         4055    x$fpl$usenofp       fz_wm.l(usenofp.o)
    0x08004d12   0x08004d12   0x00000010   Data   RO         3725    .constdata          system_stm32f7xx.o
    0x08004d22   0x08004d22   0x00000008   Data   RO         3726    .constdata          system_stm32f7xx.o
    0x08004d2a   0x08004d2a   0x00000002   PAD
    0x08004d2c   0x08004d2c   0x00000008   Data   RO         3885    .constdata          c_w.l(_printf_wctomb.o)
    0x08004d34   0x08004d34   0x00000028   Data   RO         3914    .constdata          c_w.l(_printf_hex_int_ll_ptr.o)
    0x08004d5c   0x08004d5c   0x00000011   Data   RO         3934    .constdata          c_w.l(__printf_flags_ss_wp.o)
    0x08004d6d   0x08004d6d   0x00000026   Data   RO         3991    .constdata          c_w.l(_printf_fp_hex.o)
    0x08004d93   0x08004d93   0x00000001   PAD
    0x08004d94   0x08004d94   0x00000094   Data   RO         4014    .constdata          c_w.l(bigflt0.o)
    0x08004e28   0x08004e28   0x00000020   Data   RO         4190    Region$$Table       anon$$obj.o
    0x08004e48   0x08004e48   0x0000001c   Data   RO         4038    locale$$data        c_w.l(lc_numeric_c.o)
    0x08004e64   0x08004e64   0x00000110   Data   RO         4065    locale$$data        c_w.l(lc_ctype_c.o)


    Execution Region RW_IRAM1 (Exec base: 0x20000000, Load base: 0x08004f74, Size: 0x0004c140, Max: 0x00050000, ABSOLUTE)

    Exec Addr    Load Addr    Size         Type   Attr      Idx    E Section Name        Object

    0x20000000   0x08004f74   0x00000006   Data   RW          271    .data               eth.o
    0x20000006   0x08004f7a   0x00000002   PAD
    0x20000008   0x08004f7c   0x0000000c   Data   RW         1542    .data               stm32f7xx_hal.o
    0x20000014   0x08004f88   0x00000004   Data   RW         3727    .data               system_stm32f7xx.o
    0x20000018   0x08004f8c   0x0000000f   Data   RW         3772    .data               bootloader.o
    0x20000027   0x08004f9b   0x00000001   PAD
    0x20000028        -       0x00000024   Zero   RW          226    .bss                crc.o
    0x2000004c        -       0x000000e8   Zero   RW          270    .bss                eth.o
    0x20000134        -       0x00000110   Zero   RW          314    .bss                usart.o
    0x20000244        -       0x00000508   Zero   RW          361    .bss                usb_otg.o
    0x2000074c        -       0x0000001c   Zero   RW          919    .bss                stm32f7xx_hal_flash.o
    0x20000768        -       0x000000c8   Zero   RW         3771    .bss                bootloader.o
    0x20000830        -       0x00000060   Zero   RW         4059    .bss                c_w.l(libspace.o)
    0x20000890        -       0x00000200   Zero   RW            2    HEAP                startup_stm32f756xx.o
    0x20000a90        -       0x00000400   Zero   RW            1    STACK               startup_stm32f756xx.o
    0x20000e90   0x08004f9b   0x0004b170   PAD
    0x2004c000        -       0x000000a0   Zero   RW          268    .ARM.__AT_0x2004C000  eth.o
    0x2004c0a0        -       0x000000a0   Zero   RW          269    .ARM.__AT_0x2004C0A0  eth.o


==============================================================================

Image component sizes


      Code (inc. data)   RO Data    RW Data    ZI Data      Debug   Object Name

      1510        418          0         15        200      13432   bootloader.o
        88         18          0          0         36       1595   crc.o
       340         46          0          6        552       2134   eth.o
       240         18          0          0          0       1083   gpio.o
       198         10          0          0          0     852216   main.o
        64         26        456          0       1536        860   startup_stm32f756xx.o
       150         24          0         12          0       9169   stm32f7xx_hal.o
       172         12          0          0          0      38378   stm32f7xx_hal_cortex.o
       338          6          0          0          0       3656   stm32f7xx_hal_crc.o
        78          0          0          0          0       1307   stm32f7xx_hal_crc_ex.o
      1012         24          0          0          0       6511   stm32f7xx_hal_eth.o
       620         94          0          0         28       8586   stm32f7xx_hal_flash.o
       652         52          0          0          0       7396   stm32f7xx_hal_flash_ex.o
       594         54          0          0          0       2312   stm32f7xx_hal_gpio.o
        48          6          0          0          0        878   stm32f7xx_hal_msp.o
       242          0          0          0          0       1803   stm32f7xx_hal_pcd.o
        40          6          0          0          0       1040   stm32f7xx_hal_pcd_ex.o
        16          4          0          0          0        563   stm32f7xx_hal_pwr.o
      1364         64          0          0          0       5280   stm32f7xx_hal_rcc.o
      1276         16          0          0          0       2316   stm32f7xx_hal_rcc_ex.o
      1520         64          0          0          0       7716   stm32f7xx_hal_uart.o
        20          0          0          0          0       4310   stm32f7xx_it.o
       806         30          0          0          0       7517   stm32f7xx_ll_usb.o
        16          4         24          4          0       1175   system_stm32f7xx.o
       388         36          0          0        272       2647   usart.o
       228         14          0          0       1288       1941   usb_otg.o

    ----------------------------------------------------------------------
     12040       1046        514         40     311480     985821   Object Totals
         0          0         32          0          0          0   (incl. Generated)
        20          0          2          3     307568          0   (incl. Padding)

    ----------------------------------------------------------------------

      Code (inc. data)   RO Data    RW Data    ZI Data      Debug   Library Member Name

         8          0          0          0          0         68   __main.o
       392          4         17          0          0         92   __printf_flags_ss_wp.o
        14          0          0          0          0         68   __printf_wp.o
         0          0          0          0          0          0   __rtentry.o
        12          0          0          0          0          0   __rtentry2.o
         6          0          0          0          0          0   __rtentry4.o
        52          8          0          0          0          0   __scatter.o
        26          0          0          0          0          0   __scatter_copy.o
        28          0          0          0          0          0   __scatter_zi.o
         6          0          0          0          0          0   _printf_a.o
         6          0          0          0          0          0   _printf_c.o
        44          0          0          0          0        108   _printf_char.o
        48          6          0          0          0         96   _printf_char_common.o
        40          0          0          0          0         68   _printf_charcount.o
         6          0          0          0          0          0   _printf_d.o
       120         16          0          0          0         92   _printf_dec.o
         6          0          0          0          0          0   _printf_e.o
         6          0          0          0          0          0   _printf_f.o
      1054          0          0          0          0        216   _printf_fp_dec.o
       764          8         38          0          0        100   _printf_fp_hex.o
       128         16          0          0          0         84   _printf_fp_infnan.o
         6          0          0          0          0          0   _printf_g.o
       148          4         40          0          0        160   _printf_hex_int_ll_ptr.o
         6          0          0          0          0          0   _printf_i.o
       178          0          0          0          0         88   _printf_intcommon.o
        10          0          0          0          0          0   _printf_l.o
         6          0          0          0          0          0   _printf_lc.o
        10          0          0          0          0          0   _printf_ll.o
         6          0          0          0          0          0   _printf_lld.o
         6          0          0          0          0          0   _printf_lli.o
         6          0          0          0          0          0   _printf_llo.o
         6          0          0          0          0          0   _printf_llu.o
         6          0          0          0          0          0   _printf_llx.o
       124         16          0          0          0         92   _printf_longlong_dec.o
         6          0          0          0          0          0   _printf_ls.o
         6          0          0          0          0          0   _printf_n.o
         6          0          0          0          0          0   _printf_o.o
       112         10          0          0          0        124   _printf_oct_int_ll.o
         6          0          0          0          0          0   _printf_p.o
        78          0          0          0          0        108   _printf_pad.o
         0          0          0          0          0          0   _printf_percent.o
         4          0          0          0          0          0   _printf_percent_end.o
         6          0          0          0          0          0   _printf_s.o
        82          0          0          0          0         80   _printf_str.o
        36          0          0          0          0         84   _printf_truncate.o
         6          0          0          0          0          0   _printf_u.o
        44          0          0          0          0        108   _printf_wchar.o
       188          6          8          0          0         92   _printf_wctomb.o
         6          0          0          0          0          0   _printf_x.o
        10          0          0          0          0         68   _sputc.o
        64          0          0          0          0         92   _wcrtomb.o
       228          4        148          0          0         96   bigflt0.o
      1936        128          0          0          0        672   btod.o
        18          0          0          0          0         80   exit.o
         6          0          0          0          0        152   heapauxi.o
         0          0          0          0          0          0   indicate_semi.o
        44         10        272          0          0         76   lc_ctype_c.o
        44         10         28          0          0         76   lc_numeric_c.o
         2          0          0          0          0          0   libinit.o
        34          0          0          0          0          0   libinit2.o
         2          0          0          0          0          0   libshutdown.o
         2          0          0          0          0          0   libshutdown2.o
         8          4          0          0         96         68   libspace.o
       138          0          0          0          0         80   lludiv10.o
       238          0          0          0          0        100   lludivv7m.o
        16          4          0          0          0         76   rt_ctype_table.o
         8          4          0          0          0         68   rt_locale_intlibspace.o
        68          0          0          0          0         68   rt_memclr.o
        78          0          0          0          0         80   rt_memclr_w.o
       100          0          0          0          0         80   rt_memcpy_w.o
         2          0          0          0          0          0   rtexit.o
        10          0          0          0          0          0   rtexit2.o
       104          0          0          0          0         68   strcmpv7m_pel.o
        12          4          0          0          0         68   sys_exit.o
        74          0          0          0          0         80   sys_stackheap_outer.o
         2          0          0          0          0         68   use_no_semi.o
        36          4          0          0          0         76   vsprintf.o
        10          0          0          0          0        116   fpinit.o
         4          0          0          0          0        116   printf1.o
         4          0          0          0          0        116   printf2.o
         0          0          0          0          0          0   usenofp.o
        48          0          0          0          0        124   fpclassify.o

    ----------------------------------------------------------------------
      7234        266        552          0         96       4692   Library Totals
        14          0          1          0          0          0   (incl. Padding)

    ----------------------------------------------------------------------

      Code (inc. data)   RO Data    RW Data    ZI Data      Debug   Library Name

      7154        266        551          0         96       4220   c_w.l
        18          0          0          0          0        348   fz_wm.l
        48          0          0          0          0        124   m_wm.l

    ----------------------------------------------------------------------
      7234        266        552          0         96       4692   Library Totals

    ----------------------------------------------------------------------

==============================================================================


      Code (inc. data)   RO Data    RW Data    ZI Data      Debug   

     19274       1312       1066         40     311576     978825   Grand Totals
     19274       1312       1066         40     311576     978825   ELF Image Totals
     19274       1312       1066         40          0          0   ROM Totals

==============================================================================

    Total RO  Size (Code + RO Data)                20340 (  19.86kB)
    Total RW  Size (RW Data + ZI Data)            311616 ( 304.31kB)
    Total ROM Size (Code + RO Data + RW Data)      20380 (  19.90kB)

==============================================================================

