<html>
<body>
<pre>
<h1>µVision Build Log</h1>
<h2>Tool Versions:</h2>
IDE-Version: µVision V5.29.0.0
Copyright (C) 2019 ARM Ltd and ARM Germany GmbH. All rights reserved.
License Information: mahmoud m7moud11@outlook.com, free, LIC=----
 
Tool Versions:
Toolchain:       MDK-Lite  Version: 5.29.0.0
Toolchain Path:  C:\Keil_v5\ARM\ARMCC\Bin
C Compiler:      Armcc.exe V5.06 update 6 (build 750)
Assembler:       Armasm.exe V5.06 update 6 (build 750)
Linker/Locator:  ArmLink.exe V5.06 update 6 (build 750)
Library Manager: ArmAr.exe V5.06 update 6 (build 750)
Hex Converter:   FromElf.exe V5.06 update 6 (build 750)
CPU DLL:         SARMCM3.DLL V5.29.0.0
Dialog DLL:      DCM.DLL V1.17.3.0
Target DLL:      STLink\ST-LINKIII-KEIL_SWO.dll V3.0.7.0
Dialog DLL:      TCM.DLL V1.36.5.0
 
<h2>Project:</h2>
F:\coding tools workspace\keilbootloader\bootingtest\MDK-ARM\bootingtest.uvprojx
Project File Date:  04/05/2023

<h2>Output:</h2>
*** Using Compiler 'V5.06 update 6 (build 750)', folder: 'C:\Keil_v5\ARM\ARMCC\Bin'
Build target 'bootingtest'
compiling main.c...
compiling bootloader.c...
..\bootloader\bootloader.c(456): warning:  #550-D: variable "loc_status"  was set but never used
  	HAL_StatusTypeDef	loc_status =HAL_ERROR;
..\bootloader\bootloader.c(911): warning:  #177-D: function "BL_VidWriteProtect"  was declared but never referenced
  static void BL_VidWriteProtect(uint8 *Host_buffer)
..\bootloader\bootloader.c: 2 warnings, 0 errors
linking...
Program Size: Code=19274 RO-data=1066 RW-data=40 ZI-data=311576  
FromELF: creating hex file...
"bootingtest\bootingtest.axf" - 0 Error(s), 2 Warning(s).

<h2>Software Packages used:</h2>

Package Vendor: ARM
                http://www.keil.com/pack/ARM.CMSIS.5.9.0.pack
                ARM.CMSIS.5.9.0
                CMSIS (Common Microcontroller Software Interface Standard)
   * Component: CORE Version: 5.6.0

Package Vendor: Keil
                https://www.keil.com/pack/Keil.STM32F7xx_DFP.2.15.1.pack
                Keil.STM32F7xx_DFP.2.15.1
                STMicroelectronics STM32F7 Series Device Support, Drivers and Examples

<h2>Collection of Component include folders:</h2>
  .\RTE\_bootingtest
  C:\Users\m7mou\AppData\Local\Arm\Packs\ARM\CMSIS\5.9.0\CMSIS\Core\Include
  C:\Users\m7mou\AppData\Local\Arm\Packs\Keil\STM32F7xx_DFP\2.15.1\Drivers\CMSIS\Device\ST\STM32F7xx\Include

<h2>Collection of Component Files used:</h2>

   * Component: ARM::CMSIS:CORE:5.6.0
      Include file:  CMSIS\Core\Include\tz_context.h
Build Time Elapsed:  00:00:09
</pre>
</body>
</html>
